Archive member included to satisfy reference by file (symbol)

d:/win/pico/gcc-arm-none-eabi/bin/../lib/gcc/arm-none-eabi/10.3.1/thumb/v6-m/nofp\libgcc.a(_dvmd_tls.o)
                              CMakeFiles/exercise3.dir/D_/win/Pico/pico-sdk/src/rp2_common/pico_divider/divider.S.obj (__aeabi_idiv0)
d:/win/pico/gcc-arm-none-eabi/bin/../lib/gcc/arm-none-eabi/10.3.1/../../../../arm-none-eabi/lib/thumb/v6-m/nofp\libg.a(lib_a-calloc.o)
                              CMakeFiles/exercise3.dir/D_/win/Pico/pico-sdk/src/rp2_common/pico_malloc/pico_malloc.c.obj (calloc)
d:/win/pico/gcc-arm-none-eabi/bin/../lib/gcc/arm-none-eabi/10.3.1/../../../../arm-none-eabi/lib/thumb/v6-m/nofp\libg.a(lib_a-callocr.o)
                              d:/win/pico/gcc-arm-none-eabi/bin/../lib/gcc/arm-none-eabi/10.3.1/../../../../arm-none-eabi/lib/thumb/v6-m/nofp\libg.a(lib_a-calloc.o) (_calloc_r)
d:/win/pico/gcc-arm-none-eabi/bin/../lib/gcc/arm-none-eabi/10.3.1/../../../../arm-none-eabi/lib/thumb/v6-m/nofp\libg.a(lib_a-errno.o)
                              d:/win/pico/gcc-arm-none-eabi/bin/../lib/gcc/arm-none-eabi/10.3.1/../../../../arm-none-eabi/lib/thumb/v6-m/nofp\libg.a(lib_a-callocr.o) (__errno)
d:/win/pico/gcc-arm-none-eabi/bin/../lib/gcc/arm-none-eabi/10.3.1/../../../../arm-none-eabi/lib/thumb/v6-m/nofp\libg.a(lib_a-impure.o)
                              d:/win/pico/gcc-arm-none-eabi/bin/../lib/gcc/arm-none-eabi/10.3.1/../../../../arm-none-eabi/lib/thumb/v6-m/nofp\libg.a(lib_a-calloc.o) (_impure_ptr)
d:/win/pico/gcc-arm-none-eabi/bin/../lib/gcc/arm-none-eabi/10.3.1/../../../../arm-none-eabi/lib/thumb/v6-m/nofp\libg.a(lib_a-init.o)
                              d:/win/pico/gcc-arm-none-eabi/bin/../lib/gcc/arm-none-eabi/10.3.1/../../../../arm-none-eabi/lib/thumb/v6-m/nofp/crt0.o (__libc_init_array)
d:/win/pico/gcc-arm-none-eabi/bin/../lib/gcc/arm-none-eabi/10.3.1/../../../../arm-none-eabi/lib/thumb/v6-m/nofp\libg.a(lib_a-malloc.o)
                              CMakeFiles/exercise3.dir/D_/win/Pico/pico-sdk/src/rp2_common/pico_malloc/pico_malloc.c.obj (malloc)
d:/win/pico/gcc-arm-none-eabi/bin/../lib/gcc/arm-none-eabi/10.3.1/../../../../arm-none-eabi/lib/thumb/v6-m/nofp\libg.a(lib_a-mallocr.o)
                              d:/win/pico/gcc-arm-none-eabi/bin/../lib/gcc/arm-none-eabi/10.3.1/../../../../arm-none-eabi/lib/thumb/v6-m/nofp\libg.a(lib_a-callocr.o) (_malloc_r)
d:/win/pico/gcc-arm-none-eabi/bin/../lib/gcc/arm-none-eabi/10.3.1/../../../../arm-none-eabi/lib/thumb/v6-m/nofp\libg.a(lib_a-mlock.o)
                              d:/win/pico/gcc-arm-none-eabi/bin/../lib/gcc/arm-none-eabi/10.3.1/../../../../arm-none-eabi/lib/thumb/v6-m/nofp\libg.a(lib_a-mallocr.o) (__malloc_lock)
d:/win/pico/gcc-arm-none-eabi/bin/../lib/gcc/arm-none-eabi/10.3.1/../../../../arm-none-eabi/lib/thumb/v6-m/nofp\libg.a(lib_a-realloc.o)
                              CMakeFiles/exercise3.dir/D_/win/Pico/pico-sdk/src/rp2_common/pico_malloc/pico_malloc.c.obj (realloc)
d:/win/pico/gcc-arm-none-eabi/bin/../lib/gcc/arm-none-eabi/10.3.1/../../../../arm-none-eabi/lib/thumb/v6-m/nofp\libg.a(lib_a-reallocr.o)
                              d:/win/pico/gcc-arm-none-eabi/bin/../lib/gcc/arm-none-eabi/10.3.1/../../../../arm-none-eabi/lib/thumb/v6-m/nofp\libg.a(lib_a-realloc.o) (_realloc_r)
d:/win/pico/gcc-arm-none-eabi/bin/../lib/gcc/arm-none-eabi/10.3.1/../../../../arm-none-eabi/lib/thumb/v6-m/nofp\libg.a(lib_a-sbrkr.o)
                              d:/win/pico/gcc-arm-none-eabi/bin/../lib/gcc/arm-none-eabi/10.3.1/../../../../arm-none-eabi/lib/thumb/v6-m/nofp\libg.a(lib_a-mallocr.o) (_sbrk_r)
d:/win/pico/gcc-arm-none-eabi/bin/../lib/gcc/arm-none-eabi/10.3.1/../../../../arm-none-eabi/lib/thumb/v6-m/nofp\libg.a(lib_a-strlen-stub.o)
                              CMakeFiles/exercise3.dir/D_/win/Pico/pico-sdk/src/rp2_common/pico_stdio/stdio.c.obj (strlen)
d:/win/pico/gcc-arm-none-eabi/bin/../lib/gcc/arm-none-eabi/10.3.1/../../../../arm-none-eabi/lib/thumb/v6-m/nofp\libg.a(lib_a-freer.o)
                              d:/win/pico/gcc-arm-none-eabi/bin/../lib/gcc/arm-none-eabi/10.3.1/../../../../arm-none-eabi/lib/thumb/v6-m/nofp\libg.a(lib_a-malloc.o) (_free_r)
d:/win/pico/gcc-arm-none-eabi/bin/../lib/gcc/arm-none-eabi/10.3.1/../../../../arm-none-eabi/lib/thumb/v6-m/nofp\libg.a(lib_a-lock.o)
                              d:/win/pico/gcc-arm-none-eabi/bin/../lib/gcc/arm-none-eabi/10.3.1/../../../../arm-none-eabi/lib/thumb/v6-m/nofp\libg.a(lib_a-mlock.o) (__retarget_lock_acquire_recursive)
d:/win/pico/gcc-arm-none-eabi/bin/../lib/gcc/arm-none-eabi/10.3.1/../../../../arm-none-eabi/lib/thumb/v6-m/nofp\libg.a(lib_a-memmove.o)
                              d:/win/pico/gcc-arm-none-eabi/bin/../lib/gcc/arm-none-eabi/10.3.1/../../../../arm-none-eabi/lib/thumb/v6-m/nofp\libg.a(lib_a-reallocr.o) (memmove)
d:/win/pico/gcc-arm-none-eabi/bin/../lib/gcc/arm-none-eabi/10.3.1/../../../../arm-none-eabi/lib/thumb/v6-m/nofp\libg.a(lib_a-reent.o)
[...]
Memory Configuration

Name             Origin             Length             Attributes
FLASH            0x10000000         0x00200000         xr
RAM              0x20000000         0x00040000         xrw
SCRATCH_X        0x20040000         0x00001000         xrw
SCRATCH_Y        0x20041000         0x00001000         xrw
*default*        0x00000000         0xffffffff

Linker script and memory map

LOAD d:/win/pico/gcc-arm-none-eabi/bin/../lib/gcc/arm-none-eabi/10.3.1/thumb/v6-m/nofp/crti.o
LOAD d:/win/pico/gcc-arm-none-eabi/bin/../lib/gcc/arm-none-eabi/10.3.1/thumb/v6-m/nofp/crtbegin.o
LOAD d:/win/pico/gcc-arm-none-eabi/bin/../lib/gcc/arm-none-eabi/10.3.1/../../../../arm-none-eabi/lib/thumb/v6-m/nofp/crt0.o

.flash_begin    0x10000000        0x0
                0x10000000                __flash_binary_start = .

.boot2          0x10000000      0x100
                0x10000000                __boot2_start__ = .
 *(.boot2)
 .boot2         0x10000000      0x100 C:\Users\iamna\AppData\Local\Temp\ccSdxquz.o
                0x10000100                __boot2_end__ = .
                0x00000001                ASSERT (((__boot2_end__ - __boot2_start__) == 0x100), ERROR: Pico second stage bootloader must be 256 bytes in size)

.text           0x10000100     0x4078
                0x10000100                __logical_binary_start = .
 *(.vectors)
 .vectors       0x10000100       0xd4 CMakeFiles/exercise3.dir/D_/win/Pico/pico-sdk/src/rp2_common/pico_standard_link/crt0.S.obj
                0x10000100                __VECTOR_TABLE
                0x10000100                __vectors
                0x100001c0                isr_invalid
                0x100001c0                __default_isrs_start
                0x100001c2                isr_nmi
                0x100001c4                isr_hardfault
                0x100001c6                isr_svcall
                0x100001c8                isr_pendsv
                0x100001ca                isr_systick
                0x100001cc                isr_irq23
                0x100001cc                isr_irq18
                0x100001cc                isr_irq11
                0x100001cc                isr_irq28
                0x100001cc                isr_irq19
                0x100001cc                isr_irq0
                0x100001cc                isr_irq6
                0x100001cc                isr_irq5
                0x100001cc                isr_irq12
                0x100001cc                isr_irq22
                0x100001cc                isr_irq31
                0x100001cc                isr_irq17
                0x100001cc                isr_irq27
                0x100001cc                isr_irq30
                0x100001cc                isr_irq2
                0x100001cc                isr_irq10
                0x100001cc                isr_irq8
                0x100001cc                isr_irq24
                0x100001cc                isr_irq1
                0x100001cc                isr_irq7
                0x100001cc                isr_irq21
                0x100001cc                isr_irq20
                0x100001cc                isr_irq15
                0x100001cc                isr_irq25
                0x100001cc                isr_irq13
                0x100001cc                __unhandled_user_irq
                0x100001cc                isr_irq4
                0x100001cc                isr_irq16
                0x100001cc                isr_irq29
                0x100001cc                isr_irq26
                0x100001cc                __default_isrs_end
                0x100001cc                isr_irq3
                0x100001cc                isr_irq14
                0x100001cc                isr_irq9
                0x100001d2                unhandled_user_irq_num_in_r0
 *(.binary_info_header)
 .binary_info_header
                0x100001d4       0x14 CMakeFiles/exercise3.dir/D_/win/Pico/pico-sdk/src/rp2_common/pico_standard_link/crt0.S.obj
                0x100001e8                __binary_info_header_end = .
 *(.reset)
 .reset         0x100001e8       0xa0 CMakeFiles/exercise3.dir/D_/win/Pico/pico-sdk/src/rp2_common/pico_standard_link/crt0.S.obj
                0x100001e8                _entry_point
 .reset         0x10000288       0x30 CMakeFiles/exercise3.dir/D_/win/Pico/pico-sdk/src/rp2_common/pico_standard_link/binary_info.c.obj
 *(.init)
 .init          0x100002b8        0x4 d:/win/pico/gcc-arm-none-eabi/bin/../lib/gcc/arm-none-eabi/10.3.1/thumb/v6-m/nofp/crti.o
                0x100002b8                _init
 *(EXCLUDE_FILE(*libm.a: *libc.a:*lib_a-mem*.o *libgcc.a:) .text*)
 .text          0x100002bc       0x48 d:/win/pico/gcc-arm-none-eabi/bin/../lib/gcc/arm-none-eabi/10.3.1/thumb/v6-m/nofp/crtbegin.o
 .text.asm_test
                0x10000304       0x1a CMakeFiles/exercise3.dir/exercise3.c.obj
                0x10000304                asm_test
 *fill*         0x1000031e        0x2 
 .text.fail     0x10000320       0x10 CMakeFiles/exercise3.dir/exercise3.c.obj
                0x10000320                fail
 .text.ok       0x10000330       0x10 CMakeFiles/exercise3.dir/exercise3.c.obj
                0x10000330                ok
 .text.main     0x10000340      0x13c CMakeFiles/exercise3.dir/exercise3.c.obj
                0x10000340                main
 .text.gpio_set_function
                0x1000047c       0x30 CMakeFiles/exercise3.dir/D_/win/Pico/pico-sdk/src/rp2_common/hardware_gpio/gpio.c.obj
                0x1000047c                gpio_set_function
 .text.gpio_init
                0x100004ac       0x16 CMakeFiles/exercise3.dir/D_/win/Pico/pico-sdk/src/rp2_common/hardware_gpio/gpio.c.obj
                0x100004ac                gpio_init
 *fill*         0x100004c2        0x2 
 .text.running_on_fpga
                0x100004c4       0x14 CMakeFiles/exercise3.dir/D_/win/Pico/pico-sdk/src/rp2_common/pico_platform/platform.c.obj
                0x100004c4                running_on_fpga
 .text.hw_claim_lock
                0x100004d8       0x18 CMakeFiles/exercise3.dir/D_/win/Pico/pico-sdk/src/rp2_common/hardware_claim/claim.c.obj
                0x100004d8                hw_claim_lock
 .text.hw_claim_unlock
                0x100004f0       0x14 CMakeFiles/exercise3.dir/D_/win/Pico/pico-sdk/src/rp2_common/hardware_claim/claim.c.obj
                0x100004f0                hw_claim_unlock
 .text.hw_claim_or_assert
                0x10000504       0x32 CMakeFiles/exercise3.dir/D_/win/Pico/pico-sdk/src/rp2_common/hardware_claim/claim.c.obj
                0x10000504                hw_claim_or_assert
 *fill*         0x10000536        0x2 
 .text.spin_locks_reset
                0x10000538       0x20 CMakeFiles/exercise3.dir/D_/win/Pico/pico-sdk/src/rp2_common/hardware_sync/sync.c.obj
                0x10000538                spin_locks_reset
 .text.next_striped_spin_lock_num
                0x10000558       0x1c CMakeFiles/exercise3.dir/D_/win/Pico/pico-sdk/src/rp2_common/hardware_sync/sync.c.obj
                0x10000558                next_striped_spin_lock_num
 .text.set_raw_irq_handler_and_unlock
                0x10000574       0x28 CMakeFiles/exercise3.dir/D_/win/Pico/pico-sdk/src/rp2_common/hardware_irq/irq.c.obj
 .text.make_branch
                0x1000059c       0x48 CMakeFiles/exercise3.dir/D_/win/Pico/pico-sdk/src/rp2_common/hardware_irq/irq.c.obj
 .text.insert_branch_and_link
                0x100005e4       0x40 CMakeFiles/exercise3.dir/D_/win/Pico/pico-sdk/src/rp2_common/hardware_irq/irq.c.obj
 .text.irq_is_enabled
                0x10000624       0x18 CMakeFiles/exercise3.dir/D_/win/Pico/pico-sdk/src/rp2_common/hardware_irq/irq.c.obj
                0x10000624                irq_is_enabled
 .text.irq_set_mask_enabled
                0x1000063c       0x20 CMakeFiles/exercise3.dir/D_/win/Pico/pico-sdk/src/rp2_common/hardware_irq/irq.c.obj
                0x1000063c                irq_set_mask_enabled
 .text.irq_set_enabled
                0x1000065c        0xe CMakeFiles/exercise3.dir/D_/win/Pico/pico-sdk/src/rp2_common/hardware_irq/irq.c.obj
                0x1000065c                irq_set_enabled
 *fill*         0x1000066a        0x2 
 .text.irq_get_vtable_handler
                0x1000066c       0x10 CMakeFiles/exercise3.dir/D_/win/Pico/pico-sdk/src/rp2_common/hardware_irq/irq.c.obj
                0x1000066c                irq_get_vtable_handler
 .text.irq_set_exclusive_handler
                0x1000067c       0x54 CMakeFiles/exercise3.dir/D_/win/Pico/pico-sdk/src/rp2_common/hardware_irq/irq.c.obj
                0x1000067c                irq_set_exclusive_handler
 .text.irq_remove_handler
                0x100006d0      0x1ac CMakeFiles/exercise3.dir/D_/win/Pico/pico-sdk/src/rp2_common/hardware_irq/irq.c.obj
                0x100006d0                irq_remove_handler
 .text.irq_add_tail_to_free_list
                0x1000087c       0xf0 CMakeFiles/exercise3.dir/D_/win/Pico/pico-sdk/src/rp2_common/hardware_irq/irq.c.obj
                0x1000087c                irq_add_tail_to_free_list
 .text.irq_init_priorities
                0x1000096c       0x1c CMakeFiles/exercise3.dir/D_/win/Pico/pico-sdk/src/rp2_common/hardware_irq/irq.c.obj
                0x1000096c                irq_init_priorities
 .text.lock_init
                0x10000988       0x10 CMakeFiles/exercise3.dir/D_/win/Pico/pico-sdk/src/common/pico_sync/lock_core.c.obj
                0x10000988                lock_init
 .text.mutex_init
                0x10000998       0x1a CMakeFiles/exercise3.dir/D_/win/Pico/pico-sdk/src/common/pico_sync/mutex.c.obj
                0x10000998                mutex_init
 .text.recursive_mutex_init
                0x100009b2       0x1e CMakeFiles/exercise3.dir/D_/win/Pico/pico-sdk/src/common/pico_sync/mutex.c.obj
                0x100009b2                recursive_mutex_init
 .text.alarm_pool_post_alloc_init
                0x100009d0       0x40 CMakeFiles/exercise3.dir/D_/win/Pico/pico-sdk/src/common/pico_time/time.c.obj
 .text.sleep_until_callback
                0x10000a10       0x30 CMakeFiles/exercise3.dir/D_/win/Pico/pico-sdk/src/common/pico_time/time.c.obj
 .text.timer_pool_entry_comparator
                0x10000a40       0x7c CMakeFiles/exercise3.dir/D_/win/Pico/pico-sdk/src/common/pico_time/time.c.obj
                0x10000a40                timer_pool_entry_comparator
 .text.ph_add_child_node
                0x10000abc       0xa4 CMakeFiles/exercise3.dir/D_/win/Pico/pico-sdk/src/common/pico_time/time.c.obj
 .text.ph_merge_nodes
                0x10000b60       0x3e CMakeFiles/exercise3.dir/D_/win/Pico/pico-sdk/src/common/pico_time/time.c.obj
 *fill*         0x10000b9e        0x2 
 .text.add_alarm_under_lock
                0x10000ba0      0x174 CMakeFiles/exercise3.dir/D_/win/Pico/pico-sdk/src/common/pico_time/time.c.obj
 .text.alarm_pool_alarm_callback
                0x10000d14      0x33c CMakeFiles/exercise3.dir/D_/win/Pico/pico-sdk/src/common/pico_time/time.c.obj
 .text.alarm_pool_init_default
                0x10001050       0x40 CMakeFiles/exercise3.dir/D_/win/Pico/pico-sdk/src/common/pico_time/time.c.obj
                0x10001050                alarm_pool_init_default
 .text.alarm_pool_get_default
                0x10001090       0x2c CMakeFiles/exercise3.dir/D_/win/Pico/pico-sdk/src/common/pico_time/time.c.obj
                0x10001090                alarm_pool_get_default
 .text.alarm_pool_add_alarm_at
                0x100010bc      0x168 CMakeFiles/exercise3.dir/D_/win/Pico/pico-sdk/src/common/pico_time/time.c.obj
                0x100010bc                alarm_pool_add_alarm_at
 .text.alarm_pool_cancel_alarm
                0x10001224       0xf0 CMakeFiles/exercise3.dir/D_/win/Pico/pico-sdk/src/common/pico_time/time.c.obj
                0x10001224                alarm_pool_cancel_alarm
 .text.sleep_until
                0x10001314       0xfc CMakeFiles/exercise3.dir/D_/win/Pico/pico-sdk/src/common/pico_time/time.c.obj
                0x10001314                sleep_until
 .text.sleep_us
                0x10001410       0x58 CMakeFiles/exercise3.dir/D_/win/Pico/pico-sdk/src/common/pico_time/time.c.obj
                0x10001410                sleep_us
 .text.sleep_ms
                0x10001468       0x14 CMakeFiles/exercise3.dir/D_/win/Pico/pico-sdk/src/common/pico_time/time.c.obj
                0x10001468                sleep_ms
 .text.best_effort_wfe_or_timeout
                0x1000147c       0xac CMakeFiles/exercise3.dir/D_/win/Pico/pico-sdk/src/common/pico_time/time.c.obj
                0x1000147c                best_effort_wfe_or_timeout
 .text.hardware_alarm_irq_handler
                0x10001528       0x90 CMakeFiles/exercise3.dir/D_/win/Pico/pico-sdk/src/rp2_common/hardware_timer/timer.c.obj
 .text.hardware_alarm_claim
                0x100015b8       0x18 CMakeFiles/exercise3.dir/D_/win/Pico/pico-sdk/src/rp2_common/hardware_timer/timer.c.obj
                0x100015b8                hardware_alarm_claim
 .text.time_us_64
                0x100015d0       0x18 CMakeFiles/exercise3.dir/D_/win/Pico/pico-sdk/src/rp2_common/hardware_timer/timer.c.obj
                0x100015d0                time_us_64
 .text.busy_wait_until
                0x100015e8       0x28 CMakeFiles/exercise3.dir/D_/win/Pico/pico-sdk/src/rp2_common/hardware_timer/timer.c.obj
                0x100015e8                busy_wait_until
 .text.hardware_alarm_set_callback
                0x10001610       0x90 CMakeFiles/exercise3.dir/D_/win/Pico/pico-sdk/src/rp2_common/hardware_timer/timer.c.obj
                0x10001610                hardware_alarm_set_callback
 .text.hardware_alarm_set_target
                0x100016a0       0xe8 CMakeFiles/exercise3.dir/D_/win/Pico/pico-sdk/src/rp2_common/hardware_timer/timer.c.obj
                0x100016a0                hardware_alarm_set_target
 .text.hardware_alarm_cancel
                0x10001788       0x40 CMakeFiles/exercise3.dir/D_/win/Pico/pico-sdk/src/rp2_common/hardware_timer/timer.c.obj
                0x10001788                hardware_alarm_cancel
 .text.ph_add_child_node
                0x100017c8       0xa4 CMakeFiles/exercise3.dir/D_/win/Pico/pico-sdk/src/common/pico_util/pheap.c.obj
 .text.ph_merge_nodes
                0x1000186c       0x3e CMakeFiles/exercise3.dir/D_/win/Pico/pico-sdk/src/common/pico_util/pheap.c.obj
 *fill*         0x100018aa        0x2 
 .text.ph_clear
                0x100018ac       0x70 CMakeFiles/exercise3.dir/D_/win/Pico/pico-sdk/src/common/pico_util/pheap.c.obj
                0x100018ac                ph_clear
 .text.ph_post_alloc_init
                0x1000191c        0xe CMakeFiles/exercise3.dir/D_/win/Pico/pico-sdk/src/common/pico_util/pheap.c.obj
                0x1000191c                ph_post_alloc_init
 *fill*         0x1000192a        0x2 
 .text.ph_merge_two_pass
                0x1000192c       0xa8 CMakeFiles/exercise3.dir/D_/win/Pico/pico-sdk/src/common/pico_util/pheap.c.obj
                0x1000192c                ph_merge_two_pass
 .text.ph_remove_any_head
                0x100019d4      0x128 CMakeFiles/exercise3.dir/D_/win/Pico/pico-sdk/src/common/pico_util/pheap.c.obj
 .text.ph_remove_head
                0x10001afc       0x14 CMakeFiles/exercise3.dir/D_/win/Pico/pico-sdk/src/common/pico_util/pheap.c.obj
                0x10001afc                ph_remove_head
 .text.ph_remove_and_free_node
                0x10001b10       0xf8 CMakeFiles/exercise3.dir/D_/win/Pico/pico-sdk/src/common/pico_util/pheap.c.obj
                0x10001b10                ph_remove_and_free_node
 .text.uart_set_baudrate
                0x10001c08       0x5c CMakeFiles/exercise3.dir/D_/win/Pico/pico-sdk/src/rp2_common/hardware_uart/uart.c.obj
                0x10001c08                uart_set_baudrate
 .text.uart_set_translate_crlf
                0x10001c64       0x28 CMakeFiles/exercise3.dir/D_/win/Pico/pico-sdk/src/rp2_common/hardware_uart/uart.c.obj
                0x10001c64                uart_set_translate_crlf
 .text.uart_init
                0x10001c8c       0x80 CMakeFiles/exercise3.dir/D_/win/Pico/pico-sdk/src/rp2_common/hardware_uart/uart.c.obj
                0x10001c8c                uart_init
 .text.clock_configure
                0x10001d0c      0x104 CMakeFiles/exercise3.dir/D_/win/Pico/pico-sdk/src/rp2_common/hardware_clocks/clocks.c.obj
                0x10001d0c                clock_configure
 .text.clocks_init
                0x10001e10      0x100 CMakeFiles/exercise3.dir/D_/win/Pico/pico-sdk/src/rp2_common/hardware_clocks/clocks.c.obj
                0x10001e10                clocks_init
 .text.clock_get_hz
                0x10001f10        0xc CMakeFiles/exercise3.dir/D_/win/Pico/pico-sdk/src/rp2_common/hardware_clocks/clocks.c.obj
                0x10001f10                clock_get_hz
 .text.pll_init
                0x10001f1c      0x12c CMakeFiles/exercise3.dir/D_/win/Pico/pico-sdk/src/rp2_common/hardware_pll/pll.c.obj
                0x10001f1c                pll_init
 .text.watchdog_start_tick
                0x10002048       0x10 CMakeFiles/exercise3.dir/D_/win/Pico/pico-sdk/src/rp2_common/hardware_watchdog/watchdog.c.obj
                0x10002048                watchdog_start_tick
 .text.xosc_init
                0x10002058       0x28 CMakeFiles/exercise3.dir/D_/win/Pico/pico-sdk/src/rp2_common/hardware_xosc/xosc.c.obj
                0x10002058                xosc_init
 .text._exit    0x10002080        0x4 CMakeFiles/exercise3.dir/D_/win/Pico/pico-sdk/src/rp2_common/pico_runtime/runtime.c.obj
                0x10002080                _exit
 .text.exit     0x10002084        0x6 CMakeFiles/exercise3.dir/D_/win/Pico/pico-sdk/src/rp2_common/pico_runtime/runtime.c.obj
                0x10002084                exit
 *fill*         0x1000208a        0x2 
 .text.__assert_func
                0x1000208c       0x3c CMakeFiles/exercise3.dir/D_/win/Pico/pico-sdk/src/rp2_common/pico_runtime/runtime.c.obj
                0x1000208c                __assert_func
 .text.runtime_init
                0x100020c8       0xf8 CMakeFiles/exercise3.dir/D_/win/Pico/pico-sdk/src/rp2_common/pico_runtime/runtime.c.obj
                0x100020c8                runtime_init
 .text.panic    0x100021c0       0x30 CMakeFiles/exercise3.dir/D_/win/Pico/pico-sdk/src/rp2_common/pico_runtime/runtime.c.obj
                0x100021c0                panic
 .text._out_null
                0x100021f0        0x2 CMakeFiles/exercise3.dir/D_/win/Pico/pico-sdk/src/rp2_common/pico_printf/printf.c.obj
 .text._out_fct
                0x100021f2        0xe CMakeFiles/exercise3.dir/D_/win/Pico/pico-sdk/src/rp2_common/pico_printf/printf.c.obj
 .text._atoi    0x10002200       0x24 CMakeFiles/exercise3.dir/D_/win/Pico/pico-sdk/src/rp2_common/pico_printf/printf.c.obj
 .text._out_rev
                0x10002224       0xae CMakeFiles/exercise3.dir/D_/win/Pico/pico-sdk/src/rp2_common/pico_printf/printf.c.obj
 .text._ntoa_format
                0x100022d2      0x112 CMakeFiles/exercise3.dir/D_/win/Pico/pico-sdk/src/rp2_common/pico_printf/printf.c.obj
 .text._ntoa_long
                0x100023e4       0xbc CMakeFiles/exercise3.dir/D_/win/Pico/pico-sdk/src/rp2_common/pico_printf/printf.c.obj
 .text._ntoa_long_long
                0x100024a0       0xe2 CMakeFiles/exercise3.dir/D_/win/Pico/pico-sdk/src/rp2_common/pico_printf/printf.c.obj
 *fill*         0x10002582        0x2 
 .text._etoa    0x10002584      0x414 CMakeFiles/exercise3.dir/D_/win/Pico/pico-sdk/src/rp2_common/pico_printf/printf.c.obj
 .text._ftoa    0x10002998      0x354 CMakeFiles/exercise3.dir/D_/win/Pico/pico-sdk/src/rp2_common/pico_printf/printf.c.obj
 .text._vsnprintf
                0x10002cec      0x624 CMakeFiles/exercise3.dir/D_/win/Pico/pico-sdk/src/rp2_common/pico_printf/printf.c.obj
 .text.vfctprintf
                0x10003310       0x20 CMakeFiles/exercise3.dir/D_/win/Pico/pico-sdk/src/rp2_common/pico_printf/printf.c.obj
                0x10003310                vfctprintf
 .text          0x10003330       0x10 CMakeFiles/exercise3.dir/D_/win/Pico/pico-sdk/src/rp2_common/pico_bit_ops/bit_ops_aeabi.S.obj
 .text.rom_func_lookup
                0x10003340       0x10 CMakeFiles/exercise3.dir/D_/win/Pico/pico-sdk/src/rp2_common/pico_bootrom/bootrom.c.obj
                0x10003340                rom_func_lookup
 .text.rom_data_lookup
                0x10003350       0x10 CMakeFiles/exercise3.dir/D_/win/Pico/pico-sdk/src/rp2_common/pico_bootrom/bootrom.c.obj
                0x10003350                rom_data_lookup
 .text.rom_funcs_lookup
                0x10003360       0x36 CMakeFiles/exercise3.dir/D_/win/Pico/pico-sdk/src/rp2_common/pico_bootrom/bootrom.c.obj
                0x10003360                rom_funcs_lookup
 *fill*         0x10003396        0x2 
 .text.__wrap___aeabi_idiv
                0x10003398       0x50 CMakeFiles/exercise3.dir/D_/win/Pico/pico-sdk/src/rp2_common/pico_divider/divider.S.obj
                0x10003398                __wrap___aeabi_idivmod
                0x10003398                divmod_s32s32
                0x10003398                div_s32s32
                0x10003398                __wrap___aeabi_idiv
                0x100033a0                divmod_s32s32_unsafe
                0x100033cc                divmod_s32s32_savestate
 .text.__wrap___aeabi_uidiv
                0x100033e8       0x4c CMakeFiles/exercise3.dir/D_/win/Pico/pico-sdk/src/rp2_common/pico_divider/divider.S.obj
                0x100033e8                __wrap___aeabi_uidiv
                0x100033e8                __wrap___aeabi_uidivmod
                0x100033e8                div_u32u32
                0x100033e8                divmod_u32u32
                0x100033f0                divmod_u32u32_unsafe
                0x10003418                divmod_u32u32_savestate
 .text.__wrap___aeabi_ldiv
                0x10003434      0x424 CMakeFiles/exercise3.dir/D_/win/Pico/pico-sdk/src/rp2_common/pico_divider/divider.S.obj
                0x10003434                div_s64s64
                0x10003434                divmod_s64s64
                0x10003434                __wrap___aeabi_ldivmod
                0x10003464                divmod_u64u64
                0x10003464                div_u64u64
                0x10003464                __wrap___aeabi_uldivmod
                0x10003474                divmod_u64u64_savestate
                0x10003494                divmod_s64s64_unsafe
                0x1000351c                divmod_u64u64_unsafe
 .text.__wrap___aeabi_darithmetic
                0x10003858       0x60 CMakeFiles/exercise3.dir/D_/win/Pico/pico-sdk/src/rp2_common/pico_double/double_aeabi.S.obj
                0x10003858                __wrap___aeabi_drsub
                0x1000385e                __wrap___aeabi_dsub
                0x10003868                __wrap___aeabi_dadd
                0x10003872                __wrap___aeabi_ddiv
                0x100038a6                __wrap___aeabi_dmul
 .text.__wrap___aeabi_cdcmple
                0x100038b8       0x6c CMakeFiles/exercise3.dir/D_/win/Pico/pico-sdk/src/rp2_common/pico_double/double_aeabi.S.obj
                0x100038b8                __wrap___aeabi_cdrcmple
                0x100038c8                __wrap___aeabi_cdcmpeq
                0x100038c8                __wrap___aeabi_cdcmple
 .text.__wrap___aeabi_dcmplt
                0x10003924        0xc CMakeFiles/exercise3.dir/D_/win/Pico/pico-sdk/src/rp2_common/pico_double/double_aeabi.S.obj
                0x10003924                __wrap___aeabi_dcmplt
 .text.__wrap___aeabi_dcmple
                0x10003930       0x10 CMakeFiles/exercise3.dir/D_/win/Pico/pico-sdk/src/rp2_common/pico_double/double_aeabi.S.obj
                0x10003930                __wrap___aeabi_dcmple
 .text.__wrap___aeabi_dcmpge
                0x10003940       0x10 CMakeFiles/exercise3.dir/D_/win/Pico/pico-sdk/src/rp2_common/pico_double/double_aeabi.S.obj
                0x10003940                __wrap___aeabi_dcmpge
 .text.__wrap___aeabi_dcmpgt
                0x10003950        0xa CMakeFiles/exercise3.dir/D_/win/Pico/pico-sdk/src/rp2_common/pico_double/double_aeabi.S.obj
                0x10003950                __wrap___aeabi_dcmpgt
 .text.__wrap___aeabi_dcmpun
                0x1000395a       0x1c CMakeFiles/exercise3.dir/D_/win/Pico/pico-sdk/src/rp2_common/pico_double/double_aeabi.S.obj
                0x1000395a                __wrap___aeabi_dcmpun
 *fill*         0x10003976        0x2 
 .text.__wrap___aeabi_i2d
                0x10003978       0x38 CMakeFiles/exercise3.dir/D_/win/Pico/pico-sdk/src/rp2_common/pico_double/double_aeabi.S.obj
                0x10003978                __wrap___aeabi_ui2d
                0x10003980                __wrap___aeabi_i2d
 .text.__wrap___aeabi_d2iz
                0x100039b0       0x48 CMakeFiles/exercise3.dir/D_/win/Pico/pico-sdk/src/rp2_common/pico_double/double_aeabi.S.obj
                0x100039b0                double2int_z
                0x100039b0                __wrap___aeabi_d2iz
 .text.__wrap___aeabi_d2uiz
                0x100039f8       0x10 CMakeFiles/exercise3.dir/D_/win/Pico/pico-sdk/src/rp2_common/pico_double/double_aeabi.S.obj
                0x100039f8                __wrap___aeabi_d2uiz
                0x100039f8                double2uint
 .text.missing_double_func_shim
                0x10003a08        0xc CMakeFiles/exercise3.dir/D_/win/Pico/pico-sdk/src/rp2_common/pico_double/double_init_rom.c.obj
 .text.__aeabi_double_init
                0x10003a14       0xcc CMakeFiles/exercise3.dir/D_/win/Pico/pico-sdk/src/rp2_common/pico_double/double_init_rom.c.obj
                0x10003a14                __aeabi_double_init
 .text.double_table_shim_on_use_helper
                0x10003ae0       0x34 CMakeFiles/exercise3.dir/D_/win/Pico/pico-sdk/src/rp2_common/pico_double/double_v1_rom_shim.S.obj
                0x10003ae0                double_table_shim_on_use_helper
 .text.__aeabi_lmul
                0x10003b14       0x32 CMakeFiles/exercise3.dir/D_/win/Pico/pico-sdk/src/rp2_common/pico_int64_ops/pico_int64_ops_aeabi.S.obj
                0x10003b14                __wrap___aeabi_lmul
 *fill*         0x10003b46        0x2 
 .text.missing_float_func_shim
                0x10003b48        0xc CMakeFiles/exercise3.dir/D_/win/Pico/pico-sdk/src/rp2_common/pico_float/float_init_rom.c.obj
 .text.__aeabi_float_init
                0x10003b54       0x88 CMakeFiles/exercise3.dir/D_/win/Pico/pico-sdk/src/rp2_common/pico_float/float_init_rom.c.obj
                0x10003b54                __aeabi_float_init
 .text          0x10003bdc       0x10 CMakeFiles/exercise3.dir/D_/win/Pico/pico-sdk/src/rp2_common/pico_mem_ops/mem_ops_aeabi.S.obj
                0x10003bdc                __aeabi_mem_init
 .text.memcpy   0x10003bec        0xc CMakeFiles/exercise3.dir/D_/win/Pico/pico-sdk/src/rp2_common/pico_mem_ops/mem_ops_aeabi.S.obj
                0x10003bec                __wrap_memcpy
                0x10003bec                __wrap___aeabi_memcpy
 .text.stdio_out_chars_no_crlf
                0x10003bf8        0xe CMakeFiles/exercise3.dir/D_/win/Pico/pico-sdk/src/rp2_common/pico_stdio/stdio.c.obj
 *fill*         0x10003c06        0x2 
 .text.stdio_out_chars_crlf
                0x10003c08       0x80 CMakeFiles/exercise3.dir/D_/win/Pico/pico-sdk/src/rp2_common/pico_stdio/stdio.c.obj
 .text.stdio_stack_buffer_flush
                0x10003c88       0x44 CMakeFiles/exercise3.dir/D_/win/Pico/pico-sdk/src/rp2_common/pico_stdio/stdio.c.obj
 .text.stdio_buffered_printer
                0x10003ccc       0x20 CMakeFiles/exercise3.dir/D_/win/Pico/pico-sdk/src/rp2_common/pico_stdio/stdio.c.obj
 .text.stdout_serialize_begin
                0x10003cec       0x5c CMakeFiles/exercise3.dir/D_/win/Pico/pico-sdk/src/rp2_common/pico_stdio/stdio.c.obj
                0x10003cec                stdout_serialize_begin
 .text.stdout_serialize_end
                0x10003d48       0x10 CMakeFiles/exercise3.dir/D_/win/Pico/pico-sdk/src/rp2_common/pico_stdio/stdio.c.obj
                0x10003d48                stdout_serialize_end
 .text.stdio_put_string
                0x10003d58       0x98 CMakeFiles/exercise3.dir/D_/win/Pico/pico-sdk/src/rp2_common/pico_stdio/stdio.c.obj
 .text.stdio_set_driver_enabled
                0x10003df0       0x2c CMakeFiles/exercise3.dir/D_/win/Pico/pico-sdk/src/rp2_common/pico_stdio/stdio.c.obj
                0x10003df0                stdio_set_driver_enabled
 .text.stdio_flush
                0x10003e1c       0x20 CMakeFiles/exercise3.dir/D_/win/Pico/pico-sdk/src/rp2_common/pico_stdio/stdio.c.obj
                0x10003e1c                stdio_flush
 .text.__wrap_puts
                0x10003e3c       0x1e CMakeFiles/exercise3.dir/D_/win/Pico/pico-sdk/src/rp2_common/pico_stdio/stdio.c.obj
                0x10003e3c                __wrap_puts
 *fill*         0x10003e5a        0x2 
 .text.__wrap_vprintf
                0x10003e5c       0x40 CMakeFiles/exercise3.dir/D_/win/Pico/pico-sdk/src/rp2_common/pico_stdio/stdio.c.obj
                0x10003e5c                __wrap_vprintf
 .text.__wrap_printf
                0x10003e9c       0x18 CMakeFiles/exercise3.dir/D_/win/Pico/pico-sdk/src/rp2_common/pico_stdio/stdio.c.obj
                0x10003e9c                __wrap_printf
 .text.stdio_init_all
                0x10003eb4        0xa CMakeFiles/exercise3.dir/D_/win/Pico/pico-sdk/src/rp2_common/pico_stdio/stdio.c.obj
                0x10003eb4                stdio_init_all
 *fill*         0x10003ebe        0x2 
 .text.stdio_uart_out_chars
                0x10003ec0       0x74 CMakeFiles/exercise3.dir/D_/win/Pico/pico-sdk/src/rp2_common/pico_stdio_uart/stdio_uart.c.obj
 .text.stdio_uart_in_chars
                0x10003f34       0x80 CMakeFiles/exercise3.dir/D_/win/Pico/pico-sdk/src/rp2_common/pico_stdio_uart/stdio_uart.c.obj
                0x10003f34                stdio_uart_in_chars
 .text.on_uart_rx
                0x10003fb4       0x28 CMakeFiles/exercise3.dir/D_/win/Pico/pico-sdk/src/rp2_common/pico_stdio_uart/stdio_uart.c.obj
 .text.stdio_uart_set_chars_available_callback
                0x10003fdc       0x8c CMakeFiles/exercise3.dir/D_/win/Pico/pico-sdk/src/rp2_common/pico_stdio_uart/stdio_uart.c.obj
 .text.stdio_uart_init_full
                0x10004068       0x44 CMakeFiles/exercise3.dir/D_/win/Pico/pico-sdk/src/rp2_common/pico_stdio_uart/stdio_uart.c.obj
                0x10004068                stdio_uart_init_full
 .text.stdio_uart_init
                0x100040ac       0x28 CMakeFiles/exercise3.dir/D_/win/Pico/pico-sdk/src/rp2_common/pico_stdio_uart/stdio_uart.c.obj
                0x100040ac                stdio_uart_init
 .text.strlen   0x100040d4       0x5c d:/win/pico/gcc-arm-none-eabi/bin/../lib/gcc/arm-none-eabi/10.3.1/../../../../arm-none-eabi/lib/thumb/v6-m/nofp\libg.a(lib_a-strlen-stub.o)
                0x100040d4                strlen
 *(.fini)
 .fini          0x10004130        0x4 d:/win/pico/gcc-arm-none-eabi/bin/../lib/gcc/arm-none-eabi/10.3.1/thumb/v6-m/nofp/crti.o
                0x10004130                _fini
 *fill*         0x10004134        0x4 
 .fini.__stub   0x10004138       0x40 linker stubs
 *crtbegin.o(.ctors)
 *crtbegin?.o(.ctors)
 *(EXCLUDE_FILE(*crtend.o *crtend?.o) .ctors)
 *(SORT_BY_NAME(.ctors.*))
 *(.ctors)
 *crtbegin.o(.dtors)
 *crtbegin?.o(.dtors)
 *(EXCLUDE_FILE(*crtend.o *crtend?.o) .dtors)
 *(SORT_BY_NAME(.dtors.*))
 *(.dtors)
 *(.eh_frame*)
 .eh_frame      0x10004178        0x0 d:/win/pico/gcc-arm-none-eabi/bin/../lib/gcc/arm-none-eabi/10.3.1/thumb/v6-m/nofp/crtbegin.o
                0x10004178                . = ALIGN (0x4)

.glue_7         0x10004178        0x0
 .glue_7        0x10004178        0x0 linker stubs

.glue_7t        0x10004178        0x0
 .glue_7t       0x10004178        0x0 linker stubs

.vfp11_veneer   0x10004178        0x0
 .vfp11_veneer  0x10004178        0x0 linker stubs

.v4_bx          0x10004178        0x0
 .v4_bx         0x10004178        0x0 linker stubs

.iplt           0x10004178        0x0
 .iplt          0x10004178        0x0 d:/win/pico/gcc-arm-none-eabi/bin/../lib/gcc/arm-none-eabi/10.3.1/thumb/v6-m/nofp/crtbegin.o

.rodata         0x10004178      0xf10
 *(EXCLUDE_FILE(*libm.a: *libc.a:*lib_a-mem*.o *libgcc.a:) .rodata*)
 .rodata.fail.str1.4
                0x10004178        0x7 CMakeFiles/exercise3.dir/exercise3.c.obj
 *fill*         0x1000417f        0x1 
 .rodata.ok.str1.4
                0x10004180        0x7 CMakeFiles/exercise3.dir/exercise3.c.obj
 *fill*         0x10004187        0x1 
 .rodata.make_branch.str1.4
                0x10004188       0x67 CMakeFiles/exercise3.dir/D_/win/Pico/pico-sdk/src/rp2_common/hardware_irq/irq.c.obj
 *fill*         0x100041ef        0x1 
 .rodata.insert_branch_and_link.str1.4
                0x100041f0       0x10 CMakeFiles/exercise3.dir/D_/win/Pico/pico-sdk/src/rp2_common/hardware_irq/irq.c.obj
 .rodata.irq_set_exclusive_handler.str1.4
                0x10004200       0x36 CMakeFiles/exercise3.dir/D_/win/Pico/pico-sdk/src/rp2_common/hardware_irq/irq.c.obj
 *fill*         0x10004236        0x2 
 .rodata.irq_add_shared_handler.str1.4
                0x10004238       0xd9 CMakeFiles/exercise3.dir/D_/win/Pico/pico-sdk/src/rp2_common/hardware_irq/irq.c.obj
 *fill*         0x10004311        0x3 
 .rodata.irq_remove_handler.str1.4
                0x10004314       0x3a CMakeFiles/exercise3.dir/D_/win/Pico/pico-sdk/src/rp2_common/hardware_irq/irq.c.obj
 *fill*         0x1000434e        0x2 
 .rodata.irq_add_tail_to_free_list.str1.4
                0x10004350       0x3a CMakeFiles/exercise3.dir/D_/win/Pico/pico-sdk/src/rp2_common/hardware_irq/irq.c.obj
 *fill*         0x1000438a        0x2 
 .rodata.__func__.0
                0x1000438c       0x1a CMakeFiles/exercise3.dir/D_/win/Pico/pico-sdk/src/rp2_common/hardware_irq/irq.c.obj
 *fill*         0x100043a6        0x2 
 .rodata.__func__.1
                0x100043a8       0x17 CMakeFiles/exercise3.dir/D_/win/Pico/pico-sdk/src/rp2_common/hardware_irq/irq.c.obj
 *fill*         0x100043bf        0x1 
 .rodata.__func__.2
                0x100043c0       0x13 CMakeFiles/exercise3.dir/D_/win/Pico/pico-sdk/src/rp2_common/hardware_irq/irq.c.obj
 *fill*         0x100043d3        0x1 
 .rodata.__func__.3
                0x100043d4        0xc CMakeFiles/exercise3.dir/D_/win/Pico/pico-sdk/src/rp2_common/hardware_irq/irq.c.obj
 .rodata.__func__.4
                0x100043e0        0xf CMakeFiles/exercise3.dir/D_/win/Pico/pico-sdk/src/rp2_common/hardware_irq/irq.c.obj
 *fill*         0x100043ef        0x1 
 .rodata.__func__.6
                0x100043f0       0x1a CMakeFiles/exercise3.dir/D_/win/Pico/pico-sdk/src/rp2_common/hardware_irq/irq.c.obj
 *fill*         0x1000440a        0x2 
 .rodata.str1.4
                0x1000440c       0xe1 CMakeFiles/exercise3.dir/D_/win/Pico/pico-sdk/src/common/pico_sync/mutex.c.obj
 *fill*         0x100044ed        0x3 
 .rodata.__func__.1
                0x100044f0        0xb CMakeFiles/exercise3.dir/D_/win/Pico/pico-sdk/src/common/pico_sync/mutex.c.obj
 *fill*         0x100044fb        0x1 
 .rodata.__func__.3
                0x100044fc       0x18 CMakeFiles/exercise3.dir/D_/win/Pico/pico-sdk/src/common/pico_sync/mutex.c.obj
 .rodata.repeating_timer_callback.str1.4
                0x10004514       0x45 CMakeFiles/exercise3.dir/D_/win/Pico/pico-sdk/src/common/pico_time/time.c.obj
 *fill*         0x10004559        0x3 
 .rodata.timer_pool_entry_comparator.str1.4
                0x1000455c       0x22 CMakeFiles/exercise3.dir/D_/win/Pico/pico-sdk/src/common/pico_time/time.c.obj
 *fill*         0x1000457e        0x2 
 .rodata.ph_add_child_node.str1.4
                0x10004580       0x8e CMakeFiles/exercise3.dir/D_/win/Pico/pico-sdk/src/common/pico_time/time.c.obj
 *fill*         0x1000460e        0x2 
 .rodata.add_alarm_under_lock.str1.4
                0x10004610       0x28 CMakeFiles/exercise3.dir/D_/win/Pico/pico-sdk/src/common/pico_time/time.c.obj
                                 0x2b (size before relaxing)
 .rodata.alarm_pool_alarm_callback.str1.4
                0x10004638       0x98 CMakeFiles/exercise3.dir/D_/win/Pico/pico-sdk/src/common/pico_time/time.c.obj
                                 0xf4 (size before relaxing)
 .rodata.alarm_pool_get_default.str1.4
                0x100046d0       0x21 CMakeFiles/exercise3.dir/D_/win/Pico/pico-sdk/src/common/pico_time/time.c.obj
 *fill*         0x100046f1        0x3 
 .rodata.alarm_pool_cancel_alarm.str1.4
                0x100046f4       0x27 CMakeFiles/exercise3.dir/D_/win/Pico/pico-sdk/src/common/pico_time/time.c.obj
 *fill*         0x1000471b        0x1 
 .rodata.sleep_until.str1.4
                0x1000471c       0x4d CMakeFiles/exercise3.dir/D_/win/Pico/pico-sdk/src/common/pico_time/time.c.obj
 *fill*         0x10004769        0x3 
 .rodata.__func__.1
                0x1000476c       0x18 CMakeFiles/exercise3.dir/D_/win/Pico/pico-sdk/src/common/pico_time/time.c.obj
 .rodata.__func__.10
                0x10004784       0x15 CMakeFiles/exercise3.dir/D_/win/Pico/pico-sdk/src/common/pico_time/time.c.obj
 *fill*         0x10004799        0x3 
 .rodata.__func__.11
                0x1000479c       0x1a CMakeFiles/exercise3.dir/D_/win/Pico/pico-sdk/src/common/pico_time/time.c.obj
 *fill*         0x100047b6        0x2 
 .rodata.__func__.12
                0x100047b8        0xa CMakeFiles/exercise3.dir/D_/win/Pico/pico-sdk/src/common/pico_time/time.c.obj
 *fill*         0x100047c2        0x2 
 .rodata.__func__.3
                0x100047c4       0x17 CMakeFiles/exercise3.dir/D_/win/Pico/pico-sdk/src/common/pico_time/time.c.obj
 *fill*         0x100047db        0x1 
 .rodata.__func__.4
                0x100047dc       0x12 CMakeFiles/exercise3.dir/D_/win/Pico/pico-sdk/src/common/pico_time/time.c.obj
 *fill*         0x100047ee        0x2 
 .rodata.__func__.5
                0x100047f0        0xd CMakeFiles/exercise3.dir/D_/win/Pico/pico-sdk/src/common/pico_time/time.c.obj
 *fill*         0x100047fd        0x3 
 .rodata.__func__.6
                0x10004800       0x12 CMakeFiles/exercise3.dir/D_/win/Pico/pico-sdk/src/common/pico_time/time.c.obj
 *fill*         0x10004812        0x2 
 .rodata.__func__.7
                0x10004814        0xf CMakeFiles/exercise3.dir/D_/win/Pico/pico-sdk/src/common/pico_time/time.c.obj
 *fill*         0x10004823        0x1 
 .rodata.__func__.8
                0x10004824        0xc CMakeFiles/exercise3.dir/D_/win/Pico/pico-sdk/src/common/pico_time/time.c.obj
 .rodata.__func__.9
                0x10004830       0x15 CMakeFiles/exercise3.dir/D_/win/Pico/pico-sdk/src/common/pico_time/time.c.obj
 *fill*         0x10004845        0x3 
 .rodata.hardware_alarm_claim.str1.4
                0x10004848       0x22 CMakeFiles/exercise3.dir/D_/win/Pico/pico-sdk/src/rp2_common/hardware_timer/timer.c.obj
 *fill*         0x1000486a        0x2 
 .rodata.hardware_alarm_set_target.str1.4
                0x1000486c       0x5f CMakeFiles/exercise3.dir/D_/win/Pico/pico-sdk/src/rp2_common/hardware_timer/timer.c.obj
 *fill*         0x100048cb        0x1 
 .rodata.__func__.0
                0x100048cc       0x1a CMakeFiles/exercise3.dir/D_/win/Pico/pico-sdk/src/rp2_common/hardware_timer/timer.c.obj
 .rodata.ph_add_child_node.str1.4
                0x100048e6       0x8e CMakeFiles/exercise3.dir/D_/win/Pico/pico-sdk/src/common/pico_util/pheap.c.obj
 *fill*         0x100048e6        0x2 
 .rodata.ph_remove_any_head.str1.4
                0x100048e8       0x88 CMakeFiles/exercise3.dir/D_/win/Pico/pico-sdk/src/common/pico_util/pheap.c.obj
                                 0x9c (size before relaxing)
 .rodata.ph_remove_and_free_node.str1.4
                0x10004970       0x1e CMakeFiles/exercise3.dir/D_/win/Pico/pico-sdk/src/common/pico_util/pheap.c.obj
                                 0x26 (size before relaxing)
 *fill*         0x1000498e        0x2 
 .rodata.__func__.0
                0x10004990       0x18 CMakeFiles/exercise3.dir/D_/win/Pico/pico-sdk/src/common/pico_util/pheap.c.obj
 .rodata.__func__.1
                0x100049a8       0x13 CMakeFiles/exercise3.dir/D_/win/Pico/pico-sdk/src/common/pico_util/pheap.c.obj
 *fill*         0x100049bb        0x1 
 .rodata.__func__.2
                0x100049bc       0x12 CMakeFiles/exercise3.dir/D_/win/Pico/pico-sdk/src/common/pico_util/pheap.c.obj
 *fill*         0x100049ce        0x2 
 .rodata.__func__.3
                0x100049d0        0xc CMakeFiles/exercise3.dir/D_/win/Pico/pico-sdk/src/common/pico_util/pheap.c.obj
 .rodata.clock_configure.str1.4
                0x100049dc       0x51 CMakeFiles/exercise3.dir/D_/win/Pico/pico-sdk/src/rp2_common/hardware_clocks/clocks.c.obj
 *fill*         0x10004a2d        0x3 
 .rodata.__func__.1
                0x10004a30       0x10 CMakeFiles/exercise3.dir/D_/win/Pico/pico-sdk/src/rp2_common/hardware_clocks/clocks.c.obj
 .rodata.pll_init.str1.4
                0x10004a40      0x11b CMakeFiles/exercise3.dir/D_/win/Pico/pico-sdk/src/rp2_common/hardware_pll/pll.c.obj
 *fill*         0x10004b5b        0x1 
 .rodata.__func__.0
                0x10004b5c        0x9 CMakeFiles/exercise3.dir/D_/win/Pico/pico-sdk/src/rp2_common/hardware_pll/pll.c.obj
 *fill*         0x10004b65        0x3 
 .rodata.__assert_func.str1.4
                0x10004b68       0x3f CMakeFiles/exercise3.dir/D_/win/Pico/pico-sdk/src/rp2_common/pico_runtime/runtime.c.obj
                                 0x43 (size before relaxing)
 *fill*         0x10004ba7        0x1 
 .rodata.runtime_init.str1.4
                0x10004ba8       0x5b CMakeFiles/exercise3.dir/D_/win/Pico/pico-sdk/src/rp2_common/pico_runtime/runtime.c.obj
 *fill*         0x10004c03        0x1 
 .rodata.panic.str1.4
                0x10004c04       0x12 CMakeFiles/exercise3.dir/D_/win/Pico/pico-sdk/src/rp2_common/pico_runtime/runtime.c.obj
 *fill*         0x10004c16        0x2 
 .rodata.__func__.2
                0x10004c18        0xd CMakeFiles/exercise3.dir/D_/win/Pico/pico-sdk/src/rp2_common/pico_runtime/runtime.c.obj
 *fill*         0x10004c25        0x3 
 .rodata._ftoa.str1.4
                0x10004c28       0x15 CMakeFiles/exercise3.dir/D_/win/Pico/pico-sdk/src/rp2_common/pico_printf/printf.c.obj
 *fill*         0x10004c3d        0x3 
 .rodata._vsnprintf
                0x10004c40      0x1e0 CMakeFiles/exercise3.dir/D_/win/Pico/pico-sdk/src/rp2_common/pico_printf/printf.c.obj
 .rodata.pow10.0
                0x10004e20       0x50 CMakeFiles/exercise3.dir/D_/win/Pico/pico-sdk/src/rp2_common/pico_printf/printf.c.obj
 .rodata.missing_double_func_shim.str1.4
                0x10004e70       0x18 CMakeFiles/exercise3.dir/D_/win/Pico/pico-sdk/src/rp2_common/pico_double/double_init_rom.c.obj
 .rodata.__aeabi_double_init.str1.4
                0x10004e88       0xa2 CMakeFiles/exercise3.dir/D_/win/Pico/pico-sdk/src/rp2_common/pico_double/double_init_rom.c.obj
 *fill*         0x10004f2a        0x2 
 .rodata.__func__.0
                0x10004f2c       0x14 CMakeFiles/exercise3.dir/D_/win/Pico/pico-sdk/src/rp2_common/pico_double/double_init_rom.c.obj
 .rodata.missing_float_func_shim.str1.4
                0x10004f40        0x1 CMakeFiles/exercise3.dir/D_/win/Pico/pico-sdk/src/rp2_common/pico_float/float_init_rom.c.obj
 .rodata.__aeabi_float_init.str1.4
                0x10004f40       0x74 CMakeFiles/exercise3.dir/D_/win/Pico/pico-sdk/src/rp2_common/pico_float/float_init_rom.c.obj
 .rodata.__func__.0
                0x10004fb4       0x13 CMakeFiles/exercise3.dir/D_/win/Pico/pico-sdk/src/rp2_common/pico_float/float_init_rom.c.obj
 *fill*         0x10004fc7        0x1 
 .rodata.str1.4
                0x10004fc8       0x40 CMakeFiles/exercise3.dir/D_/win/Pico/pico-sdk/src/rp2_common/pico_standard_link/binary_info.c.obj
 .rodata.__bi_44
                0x10005008        0xc CMakeFiles/exercise3.dir/D_/win/Pico/pico-sdk/src/rp2_common/pico_standard_link/binary_info.c.obj
 .rodata.__bi_75
                0x10005014        0xc CMakeFiles/exercise3.dir/D_/win/Pico/pico-sdk/src/rp2_common/pico_standard_link/binary_info.c.obj
 .rodata.__bi_81
                0x10005020        0xc CMakeFiles/exercise3.dir/D_/win/Pico/pico-sdk/src/rp2_common/pico_standard_link/binary_info.c.obj
 .rodata.stdout_serialize_begin.str1.4
                0x1000502c       0x5b CMakeFiles/exercise3.dir/D_/win/Pico/pico-sdk/src/rp2_common/pico_stdio/stdio.c.obj
 .rodata.__func__.3
                0x1000502c       0x15 CMakeFiles/exercise3.dir/D_/win/Pico/pico-sdk/src/rp2_common/pico_stdio/stdio.c.obj
 *fill*         0x10005041        0x3 
 .rodata.crlf_str.2
                0x10005044        0x2 CMakeFiles/exercise3.dir/D_/win/Pico/pico-sdk/src/rp2_common/pico_stdio/stdio.c.obj
 *fill*         0x10005046        0x2 
 .rodata.str1.4
                0x10005048       0x2c CMakeFiles/exercise3.dir/D_/win/Pico/pico-sdk/src/rp2_common/pico_stdio_uart/stdio_uart.c.obj
 .rodata.__bi_33.4
                0x10005074        0xc CMakeFiles/exercise3.dir/D_/win/Pico/pico-sdk/src/rp2_common/pico_stdio_uart/stdio_uart.c.obj
 .rodata.__bi_34.5
                0x10005080        0x8 CMakeFiles/exercise3.dir/D_/win/Pico/pico-sdk/src/rp2_common/pico_stdio_uart/stdio_uart.c.obj
                0x10005088                . = ALIGN (0x4)
 *(SORT_BY_ALIGNMENT(SORT_BY_NAME(.flashdata*)))
                0x10005088                . = ALIGN (0x4)

.rel.dyn        0x10005088        0x0
 .rel.iplt      0x10005088        0x0 d:/win/pico/gcc-arm-none-eabi/bin/../lib/gcc/arm-none-eabi/10.3.1/thumb/v6-m/nofp/crtbegin.o

.ARM.extab
 *(.ARM.extab* .gnu.linkonce.armextab.*)
                0x10005088                __exidx_start = .

.ARM.exidx
 *(.ARM.exidx* .gnu.linkonce.armexidx.*)
                0x10005088                __exidx_end = .
                0x10005088                . = ALIGN (0x4)
                0x10005088                __binary_info_start = .

.binary_info    0x10005088       0x24
 *(.binary_info.keep.*)
 .binary_info.keep.__bi_ptr22
                0x10005088        0x4 CMakeFiles/exercise3.dir/D_/win/Pico/pico-sdk/src/rp2_common/pico_standard_link/binary_info.c.obj
 .binary_info.keep.__bi_ptr30
                0x1000508c        0x4 CMakeFiles/exercise3.dir/D_/win/Pico/pico-sdk/src/rp2_common/pico_standard_link/binary_info.c.obj
 .binary_info.keep.__bi_ptr38
                0x10005090        0x4 CMakeFiles/exercise3.dir/D_/win/Pico/pico-sdk/src/rp2_common/pico_standard_link/binary_info.c.obj
 .binary_info.keep.__bi_ptr44
                0x10005094        0x4 CMakeFiles/exercise3.dir/D_/win/Pico/pico-sdk/src/rp2_common/pico_standard_link/binary_info.c.obj
 .binary_info.keep.__bi_ptr50
                0x10005098        0x4 CMakeFiles/exercise3.dir/D_/win/Pico/pico-sdk/src/rp2_common/pico_standard_link/binary_info.c.obj
 .binary_info.keep.__bi_ptr75
                0x1000509c        0x4 CMakeFiles/exercise3.dir/D_/win/Pico/pico-sdk/src/rp2_common/pico_standard_link/binary_info.c.obj
 .binary_info.keep.__bi_ptr81
                0x100050a0        0x4 CMakeFiles/exercise3.dir/D_/win/Pico/pico-sdk/src/rp2_common/pico_standard_link/binary_info.c.obj
 *(.binary_info.*)
 .binary_info.__bi_ptr33
                0x100050a4        0x4 CMakeFiles/exercise3.dir/D_/win/Pico/pico-sdk/src/rp2_common/pico_stdio_uart/stdio_uart.c.obj
 .binary_info.__bi_ptr34
                0x100050a8        0x4 CMakeFiles/exercise3.dir/D_/win/Pico/pico-sdk/src/rp2_common/pico_stdio_uart/stdio_uart.c.obj
                0x100050ac                __binary_info_end = .
                0x100050ac                . = ALIGN (0x4)
                0x100050ac                __etext = .

.ram_vector_table
                0x20000000       0xc0
 *(.ram_vector_table)
 .ram_vector_table
                0x20000000       0xc0 CMakeFiles/exercise3.dir/D_/win/Pico/pico-sdk/src/rp2_common/pico_runtime/runtime.c.obj
                0x20000000                ram_vector_table

.data           0x200000c0      0x244 load address 0x100050ac
                0x200000c0                __data_start__ = .
 *(vtable)
 *(.time_critical*)
 .time_critical.mutex_try_enter
                0x200000c0       0x46 CMakeFiles/exercise3.dir/D_/win/Pico/pico-sdk/src/common/pico_sync/mutex.c.obj
                0x200000c0                mutex_try_enter
 *fill*         0x20000106        0x2 
 .time_critical.mutex_enter_block_until
                0x20000108       0x8c CMakeFiles/exercise3.dir/D_/win/Pico/pico-sdk/src/common/pico_sync/mutex.c.obj
                0x20000108                mutex_enter_block_until
 .time_critical.mutex_try_enter_block_until
                0x20000194       0x34 CMakeFiles/exercise3.dir/D_/win/Pico/pico-sdk/src/common/pico_sync/mutex.c.obj
                0x20000194                mutex_try_enter_block_until
 .time_critical.mutex_exit
                0x200001c8       0x4c CMakeFiles/exercise3.dir/D_/win/Pico/pico-sdk/src/common/pico_sync/mutex.c.obj
                0x200001c8                mutex_exit
 *(.text*)
 .text          0x20000214        0x4 d:/win/pico/gcc-arm-none-eabi/bin/../lib/gcc/arm-none-eabi/10.3.1/thumb/v6-m/nofp\libgcc.a(_dvmd_tls.o)
                0x20000214                __aeabi_idiv0
                0x20000214                __aeabi_ldiv0
 .text.__stub   0x20000218       0x20 linker stubs
                0x20000238                . = ALIGN (0x4)
 *(.rodata*)
                0x20000238                . = ALIGN (0x4)
 *(.data*)
 .data.striped_spin_lock_num
                0x20000238        0x1 CMakeFiles/exercise3.dir/D_/win/Pico/pico-sdk/src/rp2_common/hardware_sync/sync.c.obj
 *fill*         0x20000239        0x3 
 .data          0x2000023c       0x48 CMakeFiles/exercise3.dir/D_/win/Pico/pico-sdk/src/rp2_common/hardware_irq/irq_handler_chain.S.obj
                0x2000023c                irq_handler_chain_slots
                0x2000026c                irq_handler_chain_first_slot
                0x20000276                irq_handler_chain_remove_tail
 .data.default_alarm_pool
                0x20000284       0x18 CMakeFiles/exercise3.dir/D_/win/Pico/pico-sdk/src/common/pico_time/time.c.obj
 .data.default_alarm_pool_heap
                0x2000029c       0x10 CMakeFiles/exercise3.dir/D_/win/Pico/pico-sdk/src/common/pico_time/time.c.obj
 *fill*         0x200002ac        0x4 
 .data.aeabi_bits_funcs
                0x200002b0       0x10 CMakeFiles/exercise3.dir/D_/win/Pico/pico-sdk/src/rp2_common/pico_bit_ops/bit_ops_aeabi.S.obj
                0x200002b0                aeabi_bits_funcs
                0x200002c0                aeabi_bits_funcs_end
 .data.aeabi_mem_funcs
                0x200002c0       0x10 CMakeFiles/exercise3.dir/D_/win/Pico/pico-sdk/src/rp2_common/pico_mem_ops/mem_ops_aeabi.S.obj
                0x200002c0                aeabi_mem_funcs
                0x200002d0                aeabi_mem_funcs_end
 .data.stdio_uart
                0x200002d0       0x18 CMakeFiles/exercise3.dir/D_/win/Pico/pico-sdk/src/rp2_common/pico_stdio_uart/stdio_uart.c.obj
                0x200002d0                stdio_uart
                0x200002e8                . = ALIGN (0x4)
 *(.after_data.*)
                0x200002e8                . = ALIGN (0x4)
                0x200002e8                PROVIDE (__mutex_array_start = .)
 *(SORT_BY_NAME(.mutex_array.*))
 *(.mutex_array)
 .mutex_array   0x200002e8        0x8 CMakeFiles/exercise3.dir/D_/win/Pico/pico-sdk/src/rp2_common/pico_stdio/stdio.c.obj
                0x200002f0                PROVIDE (__mutex_array_end = .)
                0x200002f0                . = ALIGN (0x4)
                0x200002f0                PROVIDE (__preinit_array_start = .)
 *(SORT_BY_NAME(.preinit_array.*))
 .preinit_array.00001
                0x200002f0        0x4 CMakeFiles/exercise3.dir/D_/win/Pico/pico-sdk/src/rp2_common/pico_mem_ops/mem_ops_aeabi.S.obj
 .preinit_array.00010
                0x200002f4        0x4 CMakeFiles/exercise3.dir/D_/win/Pico/pico-sdk/src/rp2_common/pico_bit_ops/bit_ops_aeabi.S.obj
 .preinit_array.00020
                0x200002f8        0x4 CMakeFiles/exercise3.dir/D_/win/Pico/pico-sdk/src/rp2_common/pico_double/double_aeabi.S.obj
 .preinit_array.00020
                0x200002fc        0x4 CMakeFiles/exercise3.dir/D_/win/Pico/pico-sdk/src/rp2_common/pico_float/float_aeabi.S.obj
 *(.preinit_array)
                0x20000300                PROVIDE (__preinit_array_end = .)
                0x20000300                . = ALIGN (0x4)
                0x20000300                PROVIDE (__init_array_start = .)
 *(SORT_BY_NAME(.init_array.*))
 *(.init_array)
 .init_array    0x20000300        0x4 d:/win/pico/gcc-arm-none-eabi/bin/../lib/gcc/arm-none-eabi/10.3.1/thumb/v6-m/nofp/crtbegin.o
                0x20000304                PROVIDE (__init_array_end = .)
                0x20000304                . = ALIGN (0x4)
                [!provide]                PROVIDE (__fini_array_start = .)
 *(SORT_BY_NAME(.fini_array.*))
 *(.fini_array)
                [!provide]                PROVIDE (__fini_array_end = .)
 *(.jcr)
                0x20000304                . = ALIGN (0x4)
                0x20000304                __data_end__ = .

.igot.plt       0x20000304        0x0 load address 0x100052f0
 .igot.plt      0x20000304        0x0 d:/win/pico/gcc-arm-none-eabi/bin/../lib/gcc/arm-none-eabi/10.3.1/thumb/v6-m/nofp/crtbegin.o

.uninitialized_data
                0x20000304        0x0 load address 0x100052f0
                0x20000304                . = ALIGN (0x4)
 *(.uninitialized_data*)

.scratch_x      0x20040000        0x0 load address 0x100052f0
                0x20040000                __scratch_x_start__ = .
 *(.scratch_x.*)
                0x20040000                . = ALIGN (0x4)
                0x20040000                __scratch_x_end__ = .
                0x100052f0                __scratch_x_source__ = LOADADDR (.scratch_x)

.scratch_y      0x20041000        0x0 load address 0x100052f0
                0x20041000                __scratch_y_start__ = .
 *(.scratch_y.*)
                0x20041000                . = ALIGN (0x4)
                0x20041000                __scratch_y_end__ = .
                0x100052f0                __scratch_y_source__ = LOADADDR (.scratch_y)

.bss            0x20000308      0x3d8
                0x20000308                . = ALIGN (0x4)
                0x20000308                __bss_start__ = .
 *(SORT_BY_ALIGNMENT(SORT_BY_NAME(.bss*)))
 .bss.default_alarm_pool_entries
                0x20000308      0x100 CMakeFiles/exercise3.dir/D_/win/Pico/pico-sdk/src/common/pico_time/time.c.obj
 .bss           0x20000408       0x1c d:/win/pico/gcc-arm-none-eabi/bin/../lib/gcc/arm-none-eabi/10.3.1/thumb/v6-m/nofp/crtbegin.o
 .bss.alarm_callbacks
                0x20000424       0x10 CMakeFiles/exercise3.dir/D_/win/Pico/pico-sdk/src/rp2_common/hardware_timer/timer.c.obj
 .bss.chars_available_callback
                0x20000434        0x4 CMakeFiles/exercise3.dir/D_/win/Pico/pico-sdk/src/rp2_common/pico_stdio_uart/stdio_uart.c.obj
 .bss.chars_available_param
                0x20000438        0x4 CMakeFiles/exercise3.dir/D_/win/Pico/pico-sdk/src/rp2_common/pico_stdio_uart/stdio_uart.c.obj
 .bss.configured_freq
                0x2000043c       0x28 CMakeFiles/exercise3.dir/D_/win/Pico/pico-sdk/src/rp2_common/hardware_clocks/clocks.c.obj
 .bss.default_alarm_pool_entry_ids_high
                0x20000464       0x10 CMakeFiles/exercise3.dir/D_/win/Pico/pico-sdk/src/common/pico_time/time.c.obj
 .bss.default_alarm_pool_heap_nodes
                0x20000474       0x30 CMakeFiles/exercise3.dir/D_/win/Pico/pico-sdk/src/common/pico_time/time.c.obj
 .bss.drivers   0x200004a4        0x4 CMakeFiles/exercise3.dir/D_/win/Pico/pico-sdk/src/rp2_common/pico_stdio/stdio.c.obj
 .bss.filter    0x200004a8        0x4 CMakeFiles/exercise3.dir/D_/win/Pico/pico-sdk/src/rp2_common/pico_stdio/stdio.c.obj
 .bss.pools     0x200004ac       0x10 CMakeFiles/exercise3.dir/D_/win/Pico/pico-sdk/src/common/pico_time/time.c.obj
 .bss.sd_table  0x200004bc      0x100 CMakeFiles/exercise3.dir/D_/win/Pico/pico-sdk/src/rp2_common/pico_double/double_init_rom.c.obj
                0x200004bc                sd_table
 .bss.sf_clz_func
                0x200005bc        0x4 CMakeFiles/exercise3.dir/D_/win/Pico/pico-sdk/src/rp2_common/pico_double/double_init_rom.c.obj
                0x200005bc                sf_clz_func
 .bss.sf_table  0x200005c0      0x100 CMakeFiles/exercise3.dir/D_/win/Pico/pico-sdk/src/rp2_common/pico_float/float_init_rom.c.obj
                0x200005c0                sf_table
 .bss.sleep_notifier
                0x200006c0        0x4 CMakeFiles/exercise3.dir/D_/win/Pico/pico-sdk/src/common/pico_time/time.c.obj
 .bss.target_hi
                0x200006c4       0x10 CMakeFiles/exercise3.dir/D_/win/Pico/pico-sdk/src/rp2_common/hardware_timer/timer.c.obj
 .bss.uart_char_to_line_feed
                0x200006d4        0x4 CMakeFiles/exercise3.dir/D_/win/Pico/pico-sdk/src/rp2_common/hardware_uart/uart.c.obj
                0x200006d4                uart_char_to_line_feed
 .bss.uart_instance
                0x200006d8        0x4 CMakeFiles/exercise3.dir/D_/win/Pico/pico-sdk/src/rp2_common/pico_stdio_uart/stdio_uart.c.obj
 .bss.claimed   0x200006dc        0x1 CMakeFiles/exercise3.dir/D_/win/Pico/pico-sdk/src/rp2_common/hardware_timer/timer.c.obj
 .bss.irq_hander_chain_free_slot_head
                0x200006dd        0x1 CMakeFiles/exercise3.dir/D_/win/Pico/pico-sdk/src/rp2_common/hardware_irq/irq.c.obj
 .bss.timer_callbacks_pending
                0x200006de        0x1 CMakeFiles/exercise3.dir/D_/win/Pico/pico-sdk/src/rp2_common/hardware_timer/timer.c.obj
 *(COMMON)
                0x200006e0                . = ALIGN (0x4)
 *fill*         0x200006df        0x1 
                0x200006e0                __bss_end__ = .

.heap           0x200006e0      0x800
                0x200006e0                __end__ = .
                0x200006e0                end = __end__
 *(.heap*)
 .heap          0x200006e0      0x800 CMakeFiles/exercise3.dir/D_/win/Pico/pico-sdk/src/rp2_common/pico_standard_link/crt0.S.obj
                0x20000ee0                __HeapLimit = .

.stack1_dummy   0x20040000        0x0
 *(.stack1*)

.stack_dummy    0x20041000      0x800
 *(.stack*)
 .stack         0x20041000      0x800 CMakeFiles/exercise3.dir/D_/win/Pico/pico-sdk/src/rp2_common/pico_standard_link/crt0.S.obj

.flash_end      0x100052f0        0x0
                0x100052f0                __flash_binary_end = .
                0x20040000                __StackLimit = (ORIGIN (RAM) + LENGTH (RAM))
                0x20041000                __StackOneTop = (ORIGIN (SCRATCH_X) + LENGTH (SCRATCH_X))
                0x20042000                __StackTop = (ORIGIN (SCRATCH_Y) + LENGTH (SCRATCH_Y))
                0x20041000                __StackOneBottom = (__StackOneTop - SIZEOF (.stack1_dummy))
                0x20041800                __StackBottom = (__StackTop - SIZEOF (.stack_dummy))
                0x20042000                PROVIDE (__stack = __StackTop)
                0x00000001                ASSERT ((__StackLimit >= __HeapLimit), region RAM overflowed)
                0x00000001                ASSERT (((__binary_info_header_end - __logical_binary_start) <= 0x100), Binary info must be in first 256 bytes of the binary)
LOAD CMakeFiles/exercise3.dir/exercise3.c.obj
LOAD CMakeFiles/exercise3.dir/D_/win/Pico/pico-sdk/src/rp2_common/pico_stdlib/stdlib.c.obj
LOAD CMakeFiles/exercise3.dir/D_/win/Pico/pico-sdk/src/rp2_common/hardware_gpio/gpio.c.obj
LOAD CMakeFiles/exercise3.dir/D_/win/Pico/pico-sdk/src/rp2_common/pico_platform/platform.c.obj
LOAD CMakeFiles/exercise3.dir/D_/win/Pico/pico-sdk/src/rp2_common/hardware_claim/claim.c.obj
LOAD CMakeFiles/exercise3.dir/D_/win/Pico/pico-sdk/src/rp2_common/hardware_sync/sync.c.obj
LOAD CMakeFiles/exercise3.dir/D_/win/Pico/pico-sdk/src/rp2_common/hardware_irq/irq.c.obj
LOAD CMakeFiles/exercise3.dir/D_/win/Pico/pico-sdk/src/rp2_common/hardware_irq/irq_handler_chain.S.obj
LOAD CMakeFiles/exercise3.dir/D_/win/Pico/pico-sdk/src/common/pico_sync/sem.c.obj
LOAD CMakeFiles/exercise3.dir/D_/win/Pico/pico-sdk/src/common/pico_sync/lock_core.c.obj
LOAD CMakeFiles/exercise3.dir/D_/win/Pico/pico-sdk/src/common/pico_sync/mutex.c.obj
LOAD CMakeFiles/exercise3.dir/D_/win/Pico/pico-sdk/src/common/pico_sync/critical_section.c.obj
LOAD CMakeFiles/exercise3.dir/D_/win/Pico/pico-sdk/src/common/pico_time/time.c.obj
LOAD CMakeFiles/exercise3.dir/D_/win/Pico/pico-sdk/src/common/pico_time/timeout_helper.c.obj
LOAD CMakeFiles/exercise3.dir/D_/win/Pico/pico-sdk/src/rp2_common/hardware_timer/timer.c.obj
LOAD CMakeFiles/exercise3.dir/D_/win/Pico/pico-sdk/src/common/pico_util/datetime.c.obj
LOAD CMakeFiles/exercise3.dir/D_/win/Pico/pico-sdk/src/common/pico_util/pheap.c.obj
LOAD CMakeFiles/exercise3.dir/D_/win/Pico/pico-sdk/src/common/pico_util/queue.c.obj
LOAD CMakeFiles/exercise3.dir/D_/win/Pico/pico-sdk/src/rp2_common/hardware_uart/uart.c.obj
LOAD CMakeFiles/exercise3.dir/D_/win/Pico/pico-sdk/src/rp2_common/hardware_clocks/clocks.c.obj
LOAD CMakeFiles/exercise3.dir/D_/win/Pico/pico-sdk/src/rp2_common/hardware_pll/pll.c.obj
LOAD CMakeFiles/exercise3.dir/D_/win/Pico/pico-sdk/src/rp2_common/hardware_vreg/vreg.c.obj
LOAD CMakeFiles/exercise3.dir/D_/win/Pico/pico-sdk/src/rp2_common/hardware_watchdog/watchdog.c.obj
LOAD CMakeFiles/exercise3.dir/D_/win/Pico/pico-sdk/src/rp2_common/hardware_xosc/xosc.c.obj
LOAD CMakeFiles/exercise3.dir/D_/win/Pico/pico-sdk/src/rp2_common/hardware_divider/divider.S.obj
LOAD CMakeFiles/exercise3.dir/D_/win/Pico/pico-sdk/src/rp2_common/pico_runtime/runtime.c.obj
LOAD CMakeFiles/exercise3.dir/D_/win/Pico/pico-sdk/src/rp2_common/pico_printf/printf.c.obj
LOAD CMakeFiles/exercise3.dir/D_/win/Pico/pico-sdk/src/rp2_common/pico_bit_ops/bit_ops_aeabi.S.obj
LOAD CMakeFiles/exercise3.dir/D_/win/Pico/pico-sdk/src/rp2_common/pico_bootrom/bootrom.c.obj
LOAD CMakeFiles/exercise3.dir/D_/win/Pico/pico-sdk/src/rp2_common/pico_divider/divider.S.obj
LOAD CMakeFiles/exercise3.dir/D_/win/Pico/pico-sdk/src/rp2_common/pico_double/double_aeabi.S.obj
LOAD CMakeFiles/exercise3.dir/D_/win/Pico/pico-sdk/src/rp2_common/pico_double/double_init_rom.c.obj
LOAD CMakeFiles/exercise3.dir/D_/win/Pico/pico-sdk/src/rp2_common/pico_double/double_math.c.obj
LOAD CMakeFiles/exercise3.dir/D_/win/Pico/pico-sdk/src/rp2_common/pico_double/double_v1_rom_shim.S.obj
LOAD CMakeFiles/exercise3.dir/D_/win/Pico/pico-sdk/src/rp2_common/pico_int64_ops/pico_int64_ops_aeabi.S.obj
LOAD CMakeFiles/exercise3.dir/D_/win/Pico/pico-sdk/src/rp2_common/pico_float/float_aeabi.S.obj
LOAD CMakeFiles/exercise3.dir/D_/win/Pico/pico-sdk/src/rp2_common/pico_float/float_init_rom.c.obj
LOAD CMakeFiles/exercise3.dir/D_/win/Pico/pico-sdk/src/rp2_common/pico_float/float_math.c.obj
LOAD CMakeFiles/exercise3.dir/D_/win/Pico/pico-sdk/src/rp2_common/pico_float/float_v1_rom_shim.S.obj
LOAD CMakeFiles/exercise3.dir/D_/win/Pico/pico-sdk/src/rp2_common/pico_malloc/pico_malloc.c.obj
LOAD CMakeFiles/exercise3.dir/D_/win/Pico/pico-sdk/src/rp2_common/pico_mem_ops/mem_ops_aeabi.S.obj
LOAD CMakeFiles/exercise3.dir/D_/win/Pico/pico-sdk/src/rp2_common/pico_standard_link/crt0.S.obj
LOAD CMakeFiles/exercise3.dir/D_/win/Pico/pico-sdk/src/rp2_common/pico_standard_link/new_delete.cpp.obj
LOAD CMakeFiles/exercise3.dir/D_/win/Pico/pico-sdk/src/rp2_common/pico_standard_link/binary_info.c.obj
LOAD CMakeFiles/exercise3.dir/D_/win/Pico/pico-sdk/src/rp2_common/pico_stdio/stdio.c.obj
LOAD CMakeFiles/exercise3.dir/D_/win/Pico/pico-sdk/src/rp2_common/pico_stdio_uart/stdio_uart.c.obj
LOAD C:\Users\iamna\AppData\Local\Temp\ccSdxquz.o
LOAD d:/win/pico/gcc-arm-none-eabi/bin/../lib/gcc/arm-none-eabi/10.3.1/../../../../arm-none-eabi/lib/thumb/v6-m/nofp\libstdc++.a
LOAD d:/win/pico/gcc-arm-none-eabi/bin/../lib/gcc/arm-none-eabi/10.3.1/../../../../arm-none-eabi/lib/thumb/v6-m/nofp\libm.a
START GROUP
LOAD d:/win/pico/gcc-arm-none-eabi/bin/../lib/gcc/arm-none-eabi/10.3.1/thumb/v6-m/nofp\libgcc.a
LOAD d:/win/pico/gcc-arm-none-eabi/bin/../lib/gcc/arm-none-eabi/10.3.1/../../../../arm-none-eabi/lib/thumb/v6-m/nofp\libg.a
LOAD d:/win/pico/gcc-arm-none-eabi/bin/../lib/gcc/arm-none-eabi/10.3.1/../../../../arm-none-eabi/lib/thumb/v6-m/nofp\libc.a
END GROUP
START GROUP
LOAD d:/win/pico/gcc-arm-none-eabi/bin/../lib/gcc/arm-none-eabi/10.3.1/thumb/v6-m/nofp\libgcc.a
LOAD d:/win/pico/gcc-arm-none-eabi/bin/../lib/gcc/arm-none-eabi/10.3.1/../../../../arm-none-eabi/lib/thumb/v6-m/nofp\libc.a
LOAD d:/win/pico/gcc-arm-none-eabi/bin/../lib/gcc/arm-none-eabi/10.3.1/../../../../arm-none-eabi/lib/thumb/v6-m/nofp\libnosys.a
END GROUP
LOAD d:/win/pico/gcc-arm-none-eabi/bin/../lib/gcc/arm-none-eabi/10.3.1/thumb/v6-m/nofp/crtend.o
LOAD d:/win/pico/gcc-arm-none-eabi/bin/../lib/gcc/arm-none-eabi/10.3.1/thumb/v6-m/nofp/crtn.o
OUTPUT(exercise3.elf elf32-littlearm)
LOAD linker stubs

.ARM.attributes
                0x00000000       0x28
 .ARM.attributes
                0x00000000       0x1e d:/win/pico/gcc-arm-none-eabi/bin/../lib/gcc/arm-none-eabi/10.3.1/thumb/v6-m/nofp/crti.o
 .ARM.attributes
                0x0000001e       0x2c d:/win/pico/gcc-arm-none-eabi/bin/../lib/gcc/arm-none-eabi/10.3.1/thumb/v6-m/nofp/crtbegin.o
 .ARM.attributes
                0x0000004a       0x2c CMakeFiles/exercise3.dir/exercise3.c.obj
 .ARM.attributes
                0x00000076       0x2c CMakeFiles/exercise3.dir/D_/win/Pico/pico-sdk/src/rp2_common/hardware_gpio/gpio.c.obj
 .ARM.attributes
                0x000000a2       0x2c CMakeFiles/exercise3.dir/D_/win/Pico/pico-sdk/src/rp2_common/pico_platform/platform.c.obj
 .ARM.attributes
                0x000000ce       0x2c CMakeFiles/exercise3.dir/D_/win/Pico/pico-sdk/src/rp2_common/hardware_claim/claim.c.obj
 .ARM.attributes
                0x000000fa       0x2c CMakeFiles/exercise3.dir/D_/win/Pico/pico-sdk/src/rp2_common/hardware_sync/sync.c.obj
 .ARM.attributes
                0x00000126       0x2c CMakeFiles/exercise3.dir/D_/win/Pico/pico-sdk/src/rp2_common/hardware_irq/irq.c.obj
 .ARM.attributes
                0x00000152       0x22 CMakeFiles/exercise3.dir/D_/win/Pico/pico-sdk/src/rp2_common/hardware_irq/irq_handler_chain.S.obj
 .ARM.attributes
                0x00000174       0x2c CMakeFiles/exercise3.dir/D_/win/Pico/pico-sdk/src/common/pico_sync/lock_core.c.obj
 .ARM.attributes
                0x000001a0       0x2c CMakeFiles/exercise3.dir/D_/win/Pico/pico-sdk/src/common/pico_sync/mutex.c.obj
 .ARM.attributes
                0x000001cc       0x2c CMakeFiles/exercise3.dir/D_/win/Pico/pico-sdk/src/common/pico_time/time.c.obj
 .ARM.attributes
                0x000001f8       0x2c CMakeFiles/exercise3.dir/D_/win/Pico/pico-sdk/src/rp2_common/hardware_timer/timer.c.obj
 .ARM.attributes
                0x00000224       0x2c CMakeFiles/exercise3.dir/D_/win/Pico/pico-sdk/src/common/pico_util/pheap.c.obj
 .ARM.attributes
                0x00000250       0x2c CMakeFiles/exercise3.dir/D_/win/Pico/pico-sdk/src/rp2_common/hardware_uart/uart.c.obj
 .ARM.attributes
                0x0000027c       0x2c CMakeFiles/exercise3.dir/D_/win/Pico/pico-sdk/src/rp2_common/hardware_clocks/clocks.c.obj
 .ARM.attributes
                0x000002a8       0x2c CMakeFiles/exercise3.dir/D_/win/Pico/pico-sdk/src/rp2_common/hardware_pll/pll.c.obj
 .ARM.attributes
                0x000002d4       0x2c CMakeFiles/exercise3.dir/D_/win/Pico/pico-sdk/src/rp2_common/hardware_watchdog/watchdog.c.obj
 .ARM.attributes
                0x00000300       0x2c CMakeFiles/exercise3.dir/D_/win/Pico/pico-sdk/src/rp2_common/hardware_xosc/xosc.c.obj
 .ARM.attributes
                0x0000032c       0x2c CMakeFiles/exercise3.dir/D_/win/Pico/pico-sdk/src/rp2_common/pico_runtime/runtime.c.obj
 .ARM.attributes
                0x00000358       0x2c CMakeFiles/exercise3.dir/D_/win/Pico/pico-sdk/src/rp2_common/pico_printf/printf.c.obj
 .ARM.attributes
                0x00000384       0x22 CMakeFiles/exercise3.dir/D_/win/Pico/pico-sdk/src/rp2_common/pico_bit_ops/bit_ops_aeabi.S.obj
 .ARM.attributes
                0x000003a6       0x2c CMakeFiles/exercise3.dir/D_/win/Pico/pico-sdk/src/rp2_common/pico_bootrom/bootrom.c.obj
 .ARM.attributes
                0x000003d2       0x22 CMakeFiles/exercise3.dir/D_/win/Pico/pico-sdk/src/rp2_common/pico_divider/divider.S.obj
 .ARM.attributes
                0x000003f4       0x22 CMakeFiles/exercise3.dir/D_/win/Pico/pico-sdk/src/rp2_common/pico_double/double_aeabi.S.obj
 .ARM.attributes
                0x00000416       0x2c CMakeFiles/exercise3.dir/D_/win/Pico/pico-sdk/src/rp2_common/pico_double/double_init_rom.c.obj
 .ARM.attributes
                0x00000442       0x22 CMakeFiles/exercise3.dir/D_/win/Pico/pico-sdk/src/rp2_common/pico_double/double_v1_rom_shim.S.obj
 .ARM.attributes
                0x00000464       0x22 CMakeFiles/exercise3.dir/D_/win/Pico/pico-sdk/src/rp2_common/pico_int64_ops/pico_int64_ops_aeabi.S.obj
 .ARM.attributes
                0x00000486       0x22 CMakeFiles/exercise3.dir/D_/win/Pico/pico-sdk/src/rp2_common/pico_float/float_aeabi.S.obj
 .ARM.attributes
                0x000004a8       0x2c CMakeFiles/exercise3.dir/D_/win/Pico/pico-sdk/src/rp2_common/pico_float/float_init_rom.c.obj
 .ARM.attributes
                0x000004d4       0x22 CMakeFiles/exercise3.dir/D_/win/Pico/pico-sdk/src/rp2_common/pico_mem_ops/mem_ops_aeabi.S.obj
 .ARM.attributes
                0x000004f6       0x22 CMakeFiles/exercise3.dir/D_/win/Pico/pico-sdk/src/rp2_common/pico_standard_link/crt0.S.obj
 .ARM.attributes
                0x00000518       0x2c CMakeFiles/exercise3.dir/D_/win/Pico/pico-sdk/src/rp2_common/pico_standard_link/binary_info.c.obj
 .ARM.attributes
                0x00000544       0x2c CMakeFiles/exercise3.dir/D_/win/Pico/pico-sdk/src/rp2_common/pico_stdio/stdio.c.obj
 .ARM.attributes
                0x00000570       0x2c CMakeFiles/exercise3.dir/D_/win/Pico/pico-sdk/src/rp2_common/pico_stdio_uart/stdio_uart.c.obj
 .ARM.attributes
                0x0000059c       0x22 C:\Users\iamna\AppData\Local\Temp\ccSdxquz.o
 .ARM.attributes
                0x000005be       0x1e d:/win/pico/gcc-arm-none-eabi/bin/../lib/gcc/arm-none-eabi/10.3.1/thumb/v6-m/nofp\libgcc.a(_dvmd_tls.o)
 .ARM.attributes
                0x000005dc       0x2c d:/win/pico/gcc-arm-none-eabi/bin/../lib/gcc/arm-none-eabi/10.3.1/../../../../arm-none-eabi/lib/thumb/v6-m/nofp\libg.a(lib_a-strlen-stub.o)

.comment        0x00000000       0x49
 .comment       0x00000000       0x49 CMakeFiles/exercise3.dir/exercise3.c.obj
                                 0x4a (size before relaxing)
 .comment       0x00000049       0x4a CMakeFiles/exercise3.dir/D_/win/Pico/pico-sdk/src/rp2_common/hardware_gpio/gpio.c.obj
 .comment       0x00000049       0x4a CMakeFiles/exercise3.dir/D_/win/Pico/pico-sdk/src/rp2_common/pico_platform/platform.c.obj
 .comment       0x00000049       0x4a CMakeFiles/exercise3.dir/D_/win/Pico/pico-sdk/src/rp2_common/hardware_claim/claim.c.obj
 .comment       0x00000049       0x4a CMakeFiles/exercise3.dir/D_/win/Pico/pico-sdk/src/rp2_common/hardware_sync/sync.c.obj
 .comment       0x00000049       0x4a CMakeFiles/exercise3.dir/D_/win/Pico/pico-sdk/src/rp2_common/hardware_irq/irq.c.obj
 .comment       0x00000049       0x4a CMakeFiles/exercise3.dir/D_/win/Pico/pico-sdk/src/common/pico_sync/lock_core.c.obj
 .comment       0x00000049       0x4a CMakeFiles/exercise3.dir/D_/win/Pico/pico-sdk/src/common/pico_sync/mutex.c.obj
 .comment       0x00000049       0x4a CMakeFiles/exercise3.dir/D_/win/Pico/pico-sdk/src/common/pico_time/time.c.obj
 .comment       0x00000049       0x4a CMakeFiles/exercise3.dir/D_/win/Pico/pico-sdk/src/rp2_common/hardware_timer/timer.c.obj
 .comment       0x00000049       0x4a CMakeFiles/exercise3.dir/D_/win/Pico/pico-sdk/src/common/pico_util/pheap.c.obj
 .comment       0x00000049       0x4a CMakeFiles/exercise3.dir/D_/win/Pico/pico-sdk/src/rp2_common/hardware_uart/uart.c.obj
 .comment       0x00000049       0x4a CMakeFiles/exercise3.dir/D_/win/Pico/pico-sdk/src/rp2_common/hardware_clocks/clocks.c.obj
 .comment       0x00000049       0x4a CMakeFiles/exercise3.dir/D_/win/Pico/pico-sdk/src/rp2_common/hardware_pll/pll.c.obj
 .comment       0x00000049       0x4a CMakeFiles/exercise3.dir/D_/win/Pico/pico-sdk/src/rp2_common/hardware_watchdog/watchdog.c.obj
 .comment       0x00000049       0x4a CMakeFiles/exercise3.dir/D_/win/Pico/pico-sdk/src/rp2_common/hardware_xosc/xosc.c.obj
 .comment       0x00000049       0x4a CMakeFiles/exercise3.dir/D_/win/Pico/pico-sdk/src/rp2_common/pico_runtime/runtime.c.obj
 .comment       0x00000049       0x4a CMakeFiles/exercise3.dir/D_/win/Pico/pico-sdk/src/rp2_common/pico_printf/printf.c.obj
 .comment       0x00000049       0x4a CMakeFiles/exercise3.dir/D_/win/Pico/pico-sdk/src/rp2_common/pico_bootrom/bootrom.c.obj
 .comment       0x00000049       0x4a CMakeFiles/exercise3.dir/D_/win/Pico/pico-sdk/src/rp2_common/pico_double/double_init_rom.c.obj
 .comment       0x00000049       0x4a CMakeFiles/exercise3.dir/D_/win/Pico/pico-sdk/src/rp2_common/pico_float/float_init_rom.c.obj
 .comment       0x00000049       0x4a CMakeFiles/exercise3.dir/D_/win/Pico/pico-sdk/src/rp2_common/pico_standard_link/binary_info.c.obj
 .comment       0x00000049       0x4a CMakeFiles/exercise3.dir/D_/win/Pico/pico-sdk/src/rp2_common/pico_stdio/stdio.c.obj
 .comment       0x00000049       0x4a CMakeFiles/exercise3.dir/D_/win/Pico/pico-sdk/src/rp2_common/pico_stdio_uart/stdio_uart.c.obj

.debug_info     0x00000000    0x158d1
 .debug_info    0x00000000      0x80e CMakeFiles/exercise3.dir/exercise3.c.obj
 .debug_info    0x0000080e     0x16d8 CMakeFiles/exercise3.dir/D_/win/Pico/pico-sdk/src/rp2_common/hardware_gpio/gpio.c.obj
 .debug_info    0x00001ee6      0x1e3 CMakeFiles/exercise3.dir/D_/win/Pico/pico-sdk/src/rp2_common/pico_platform/platform.c.obj
 .debug_info    0x000020c9      0x6bc CMakeFiles/exercise3.dir/D_/win/Pico/pico-sdk/src/rp2_common/hardware_claim/claim.c.obj
 .debug_info    0x00002785      0x58e CMakeFiles/exercise3.dir/D_/win/Pico/pico-sdk/src/rp2_common/hardware_sync/sync.c.obj
 .debug_info    0x00002d13     0x1c9c CMakeFiles/exercise3.dir/D_/win/Pico/pico-sdk/src/rp2_common/hardware_irq/irq.c.obj
 .debug_info    0x000049af      0x1a4 CMakeFiles/exercise3.dir/D_/win/Pico/pico-sdk/src/common/pico_sync/lock_core.c.obj
 .debug_info    0x00004b53     0x20d3 CMakeFiles/exercise3.dir/D_/win/Pico/pico-sdk/src/common/pico_sync/mutex.c.obj
 .debug_info    0x00006c26     0x4066 CMakeFiles/exercise3.dir/D_/win/Pico/pico-sdk/src/common/pico_time/time.c.obj
 .debug_info    0x0000ac8c     0x13ee CMakeFiles/exercise3.dir/D_/win/Pico/pico-sdk/src/rp2_common/hardware_timer/timer.c.obj
 .debug_info    0x0000c07a     0x123b CMakeFiles/exercise3.dir/D_/win/Pico/pico-sdk/src/common/pico_util/pheap.c.obj
 .debug_info    0x0000d2b5      0xb65 CMakeFiles/exercise3.dir/D_/win/Pico/pico-sdk/src/rp2_common/hardware_uart/uart.c.obj
 .debug_info    0x0000de1a      0xf8d CMakeFiles/exercise3.dir/D_/win/Pico/pico-sdk/src/rp2_common/hardware_clocks/clocks.c.obj
 .debug_info    0x0000eda7      0x51b CMakeFiles/exercise3.dir/D_/win/Pico/pico-sdk/src/rp2_common/hardware_pll/pll.c.obj
 .debug_info    0x0000f2c2      0x4ee CMakeFiles/exercise3.dir/D_/win/Pico/pico-sdk/src/rp2_common/hardware_watchdog/watchdog.c.obj
 .debug_info    0x0000f7b0      0x1d8 CMakeFiles/exercise3.dir/D_/win/Pico/pico-sdk/src/rp2_common/hardware_xosc/xosc.c.obj
 .debug_info    0x0000f988     0x1028 CMakeFiles/exercise3.dir/D_/win/Pico/pico-sdk/src/rp2_common/pico_runtime/runtime.c.obj
 .debug_info    0x000109b0     0x1a5f CMakeFiles/exercise3.dir/D_/win/Pico/pico-sdk/src/rp2_common/pico_printf/printf.c.obj
 .debug_info    0x0001240f       0x22 CMakeFiles/exercise3.dir/D_/win/Pico/pico-sdk/src/rp2_common/pico_bit_ops/bit_ops_aeabi.S.obj
 .debug_info    0x00012431      0x27c CMakeFiles/exercise3.dir/D_/win/Pico/pico-sdk/src/rp2_common/pico_bootrom/bootrom.c.obj
 .debug_info    0x000126ad       0x22 CMakeFiles/exercise3.dir/D_/win/Pico/pico-sdk/src/rp2_common/pico_divider/divider.S.obj
 .debug_info    0x000126cf       0x22 CMakeFiles/exercise3.dir/D_/win/Pico/pico-sdk/src/rp2_common/pico_double/double_aeabi.S.obj
 .debug_info    0x000126f1      0x2fb CMakeFiles/exercise3.dir/D_/win/Pico/pico-sdk/src/rp2_common/pico_double/double_init_rom.c.obj
 .debug_info    0x000129ec       0x26 CMakeFiles/exercise3.dir/D_/win/Pico/pico-sdk/src/rp2_common/pico_double/double_v1_rom_shim.S.obj
 .debug_info    0x00012a12       0x26 CMakeFiles/exercise3.dir/D_/win/Pico/pico-sdk/src/rp2_common/pico_int64_ops/pico_int64_ops_aeabi.S.obj
 .debug_info    0x00012a38       0x22 CMakeFiles/exercise3.dir/D_/win/Pico/pico-sdk/src/rp2_common/pico_float/float_aeabi.S.obj
 .debug_info    0x00012a5a      0x2d8 CMakeFiles/exercise3.dir/D_/win/Pico/pico-sdk/src/rp2_common/pico_float/float_init_rom.c.obj
 .debug_info    0x00012d32       0x22 CMakeFiles/exercise3.dir/D_/win/Pico/pico-sdk/src/rp2_common/pico_mem_ops/mem_ops_aeabi.S.obj
 .debug_info    0x00012d54       0x22 CMakeFiles/exercise3.dir/D_/win/Pico/pico-sdk/src/rp2_common/pico_standard_link/crt0.S.obj
 .debug_info    0x00012d76      0x2f6 CMakeFiles/exercise3.dir/D_/win/Pico/pico-sdk/src/rp2_common/pico_standard_link/binary_info.c.obj
 .debug_info    0x0001306c     0x1821 CMakeFiles/exercise3.dir/D_/win/Pico/pico-sdk/src/rp2_common/pico_stdio/stdio.c.obj
 .debug_info    0x0001488d     0x1044 CMakeFiles/exercise3.dir/D_/win/Pico/pico-sdk/src/rp2_common/pico_stdio_uart/stdio_uart.c.obj

.debug_abbrev   0x00000000     0x4236
 .debug_abbrev  0x00000000      0x23e CMakeFiles/exercise3.dir/exercise3.c.obj
 .debug_abbrev  0x0000023e      0x339 CMakeFiles/exercise3.dir/D_/win/Pico/pico-sdk/src/rp2_common/hardware_gpio/gpio.c.obj
 .debug_abbrev  0x00000577       0xeb CMakeFiles/exercise3.dir/D_/win/Pico/pico-sdk/src/rp2_common/pico_platform/platform.c.obj
 .debug_abbrev  0x00000662      0x2e9 CMakeFiles/exercise3.dir/D_/win/Pico/pico-sdk/src/rp2_common/hardware_claim/claim.c.obj
 .debug_abbrev  0x0000094b      0x21b CMakeFiles/exercise3.dir/D_/win/Pico/pico-sdk/src/rp2_common/hardware_sync/sync.c.obj
 .debug_abbrev  0x00000b66      0x4e7 CMakeFiles/exercise3.dir/D_/win/Pico/pico-sdk/src/rp2_common/hardware_irq/irq.c.obj
 .debug_abbrev  0x0000104d      0x116 CMakeFiles/exercise3.dir/D_/win/Pico/pico-sdk/src/common/pico_sync/lock_core.c.obj
 .debug_abbrev  0x00001163      0x397 CMakeFiles/exercise3.dir/D_/win/Pico/pico-sdk/src/common/pico_sync/mutex.c.obj
 .debug_abbrev  0x000014fa      0x571 CMakeFiles/exercise3.dir/D_/win/Pico/pico-sdk/src/common/pico_time/time.c.obj
 .debug_abbrev  0x00001a6b      0x3b8 CMakeFiles/exercise3.dir/D_/win/Pico/pico-sdk/src/rp2_common/hardware_timer/timer.c.obj
 .debug_abbrev  0x00001e23      0x297 CMakeFiles/exercise3.dir/D_/win/Pico/pico-sdk/src/common/pico_util/pheap.c.obj
 .debug_abbrev  0x000020ba      0x2d2 CMakeFiles/exercise3.dir/D_/win/Pico/pico-sdk/src/rp2_common/hardware_uart/uart.c.obj
 .debug_abbrev  0x0000238c      0x3a5 CMakeFiles/exercise3.dir/D_/win/Pico/pico-sdk/src/rp2_common/hardware_clocks/clocks.c.obj
 .debug_abbrev  0x00002731      0x1ea CMakeFiles/exercise3.dir/D_/win/Pico/pico-sdk/src/rp2_common/hardware_pll/pll.c.obj
 .debug_abbrev  0x0000291b      0x1a8 CMakeFiles/exercise3.dir/D_/win/Pico/pico-sdk/src/rp2_common/hardware_watchdog/watchdog.c.obj
 .debug_abbrev  0x00002ac3      0x109 CMakeFiles/exercise3.dir/D_/win/Pico/pico-sdk/src/rp2_common/hardware_xosc/xosc.c.obj
 .debug_abbrev  0x00002bcc      0x4ba CMakeFiles/exercise3.dir/D_/win/Pico/pico-sdk/src/rp2_common/pico_runtime/runtime.c.obj
 .debug_abbrev  0x00003086      0x384 CMakeFiles/exercise3.dir/D_/win/Pico/pico-sdk/src/rp2_common/pico_printf/printf.c.obj
 .debug_abbrev  0x0000340a       0x12 CMakeFiles/exercise3.dir/D_/win/Pico/pico-sdk/src/rp2_common/pico_bit_ops/bit_ops_aeabi.S.obj
 .debug_abbrev  0x0000341c      0x13b CMakeFiles/exercise3.dir/D_/win/Pico/pico-sdk/src/rp2_common/pico_bootrom/bootrom.c.obj
 .debug_abbrev  0x00003557       0x12 CMakeFiles/exercise3.dir/D_/win/Pico/pico-sdk/src/rp2_common/pico_divider/divider.S.obj
 .debug_abbrev  0x00003569       0x12 CMakeFiles/exercise3.dir/D_/win/Pico/pico-sdk/src/rp2_common/pico_double/double_aeabi.S.obj
 .debug_abbrev  0x0000357b      0x196 CMakeFiles/exercise3.dir/D_/win/Pico/pico-sdk/src/rp2_common/pico_double/double_init_rom.c.obj
 .debug_abbrev  0x00003711       0x14 CMakeFiles/exercise3.dir/D_/win/Pico/pico-sdk/src/rp2_common/pico_double/double_v1_rom_shim.S.obj
 .debug_abbrev  0x00003725       0x14 CMakeFiles/exercise3.dir/D_/win/Pico/pico-sdk/src/rp2_common/pico_int64_ops/pico_int64_ops_aeabi.S.obj
 .debug_abbrev  0x00003739       0x12 CMakeFiles/exercise3.dir/D_/win/Pico/pico-sdk/src/rp2_common/pico_float/float_aeabi.S.obj
 .debug_abbrev  0x0000374b      0x18d CMakeFiles/exercise3.dir/D_/win/Pico/pico-sdk/src/rp2_common/pico_float/float_init_rom.c.obj
 .debug_abbrev  0x000038d8       0x12 CMakeFiles/exercise3.dir/D_/win/Pico/pico-sdk/src/rp2_common/pico_mem_ops/mem_ops_aeabi.S.obj
 .debug_abbrev  0x000038ea       0x12 CMakeFiles/exercise3.dir/D_/win/Pico/pico-sdk/src/rp2_common/pico_standard_link/crt0.S.obj
 .debug_abbrev  0x000038fc       0xad CMakeFiles/exercise3.dir/D_/win/Pico/pico-sdk/src/rp2_common/pico_standard_link/binary_info.c.obj
 .debug_abbrev  0x000039a9      0x4a5 CMakeFiles/exercise3.dir/D_/win/Pico/pico-sdk/src/rp2_common/pico_stdio/stdio.c.obj
 .debug_abbrev  0x00003e4e      0x3e8 CMakeFiles/exercise3.dir/D_/win/Pico/pico-sdk/src/rp2_common/pico_stdio_uart/stdio_uart.c.obj

.debug_loc      0x00000000     0xe84a
 .debug_loc     0x00000000      0x114 CMakeFiles/exercise3.dir/exercise3.c.obj
 .debug_loc     0x00000114     0x118d CMakeFiles/exercise3.dir/D_/win/Pico/pico-sdk/src/rp2_common/hardware_gpio/gpio.c.obj
 .debug_loc     0x000012a1       0xe9 CMakeFiles/exercise3.dir/D_/win/Pico/pico-sdk/src/rp2_common/pico_platform/platform.c.obj
 .debug_loc     0x0000138a      0x45f CMakeFiles/exercise3.dir/D_/win/Pico/pico-sdk/src/rp2_common/hardware_claim/claim.c.obj
 .debug_loc     0x000017e9      0x233 CMakeFiles/exercise3.dir/D_/win/Pico/pico-sdk/src/rp2_common/hardware_sync/sync.c.obj
 .debug_loc     0x00001a1c     0x13f5 CMakeFiles/exercise3.dir/D_/win/Pico/pico-sdk/src/rp2_common/hardware_irq/irq.c.obj
 .debug_loc     0x00002e11       0x60 CMakeFiles/exercise3.dir/D_/win/Pico/pico-sdk/src/common/pico_sync/lock_core.c.obj
 .debug_loc     0x00002e71     0x152e CMakeFiles/exercise3.dir/D_/win/Pico/pico-sdk/src/common/pico_sync/mutex.c.obj
 .debug_loc     0x0000439f     0x31cb CMakeFiles/exercise3.dir/D_/win/Pico/pico-sdk/src/common/pico_time/time.c.obj
 .debug_loc     0x0000756a      0xacb CMakeFiles/exercise3.dir/D_/win/Pico/pico-sdk/src/rp2_common/hardware_timer/timer.c.obj
 .debug_loc     0x00008035     0x1446 CMakeFiles/exercise3.dir/D_/win/Pico/pico-sdk/src/common/pico_util/pheap.c.obj
 .debug_loc     0x0000947b      0x533 CMakeFiles/exercise3.dir/D_/win/Pico/pico-sdk/src/rp2_common/hardware_uart/uart.c.obj
 .debug_loc     0x000099ae      0x81d CMakeFiles/exercise3.dir/D_/win/Pico/pico-sdk/src/rp2_common/hardware_clocks/clocks.c.obj
 .debug_loc     0x0000a1cb      0x2f3 CMakeFiles/exercise3.dir/D_/win/Pico/pico-sdk/src/rp2_common/hardware_pll/pll.c.obj
 .debug_loc     0x0000a4be      0x2ec CMakeFiles/exercise3.dir/D_/win/Pico/pico-sdk/src/rp2_common/hardware_watchdog/watchdog.c.obj
 .debug_loc     0x0000a7aa       0x71 CMakeFiles/exercise3.dir/D_/win/Pico/pico-sdk/src/rp2_common/hardware_xosc/xosc.c.obj
 .debug_loc     0x0000a81b      0x674 CMakeFiles/exercise3.dir/D_/win/Pico/pico-sdk/src/rp2_common/pico_runtime/runtime.c.obj
 .debug_loc     0x0000ae8f     0x2095 CMakeFiles/exercise3.dir/D_/win/Pico/pico-sdk/src/rp2_common/pico_printf/printf.c.obj
 .debug_loc     0x0000cf24      0x1a1 CMakeFiles/exercise3.dir/D_/win/Pico/pico-sdk/src/rp2_common/pico_bootrom/bootrom.c.obj
 .debug_loc     0x0000d0c5       0x59 CMakeFiles/exercise3.dir/D_/win/Pico/pico-sdk/src/rp2_common/pico_double/double_init_rom.c.obj
 .debug_loc     0x0000d11e       0x81 CMakeFiles/exercise3.dir/D_/win/Pico/pico-sdk/src/rp2_common/pico_float/float_init_rom.c.obj
 .debug_loc     0x0000d19f      0xe23 CMakeFiles/exercise3.dir/D_/win/Pico/pico-sdk/src/rp2_common/pico_stdio/stdio.c.obj
 .debug_loc     0x0000dfc2      0x888 CMakeFiles/exercise3.dir/D_/win/Pico/pico-sdk/src/rp2_common/pico_stdio_uart/stdio_uart.c.obj

.debug_aranges  0x00000000      0xd80
 .debug_aranges
                0x00000000       0x38 CMakeFiles/exercise3.dir/exercise3.c.obj
 .debug_aranges
                0x00000038      0x100 CMakeFiles/exercise3.dir/D_/win/Pico/pico-sdk/src/rp2_common/hardware_gpio/gpio.c.obj
 .debug_aranges
                0x00000138       0x28 CMakeFiles/exercise3.dir/D_/win/Pico/pico-sdk/src/rp2_common/pico_platform/platform.c.obj
 .debug_aranges
                0x00000160       0x48 CMakeFiles/exercise3.dir/D_/win/Pico/pico-sdk/src/rp2_common/hardware_claim/claim.c.obj
 .debug_aranges
                0x000001a8       0x58 CMakeFiles/exercise3.dir/D_/win/Pico/pico-sdk/src/rp2_common/hardware_sync/sync.c.obj
 .debug_aranges
                0x00000200       0xc8 CMakeFiles/exercise3.dir/D_/win/Pico/pico-sdk/src/rp2_common/hardware_irq/irq.c.obj
 .debug_aranges
                0x000002c8       0x20 CMakeFiles/exercise3.dir/D_/win/Pico/pico-sdk/src/common/pico_sync/lock_core.c.obj
 .debug_aranges
                0x000002e8       0x90 CMakeFiles/exercise3.dir/D_/win/Pico/pico-sdk/src/common/pico_sync/mutex.c.obj
 .debug_aranges
                0x00000378       0xe8 CMakeFiles/exercise3.dir/D_/win/Pico/pico-sdk/src/common/pico_time/time.c.obj
 .debug_aranges
                0x00000460       0x88 CMakeFiles/exercise3.dir/D_/win/Pico/pico-sdk/src/rp2_common/hardware_timer/timer.c.obj
 .debug_aranges
                0x000004e8       0x78 CMakeFiles/exercise3.dir/D_/win/Pico/pico-sdk/src/common/pico_util/pheap.c.obj
 .debug_aranges
                0x00000560       0x40 CMakeFiles/exercise3.dir/D_/win/Pico/pico-sdk/src/rp2_common/hardware_uart/uart.c.obj
 .debug_aranges
                0x000005a0       0x70 CMakeFiles/exercise3.dir/D_/win/Pico/pico-sdk/src/rp2_common/hardware_clocks/clocks.c.obj
 .debug_aranges
                0x00000610       0x28 CMakeFiles/exercise3.dir/D_/win/Pico/pico-sdk/src/rp2_common/hardware_pll/pll.c.obj
 .debug_aranges
                0x00000638       0x58 CMakeFiles/exercise3.dir/D_/win/Pico/pico-sdk/src/rp2_common/hardware_watchdog/watchdog.c.obj
 .debug_aranges
                0x00000690       0x30 CMakeFiles/exercise3.dir/D_/win/Pico/pico-sdk/src/rp2_common/hardware_xosc/xosc.c.obj
 .debug_aranges
                0x000006c0       0x88 CMakeFiles/exercise3.dir/D_/win/Pico/pico-sdk/src/rp2_common/pico_runtime/runtime.c.obj
 .debug_aranges
                0x00000748       0x90 CMakeFiles/exercise3.dir/D_/win/Pico/pico-sdk/src/rp2_common/pico_printf/printf.c.obj
 .debug_aranges
                0x000007d8       0x68 CMakeFiles/exercise3.dir/D_/win/Pico/pico-sdk/src/rp2_common/pico_bit_ops/bit_ops_aeabi.S.obj
 .debug_aranges
                0x00000840       0x30 CMakeFiles/exercise3.dir/D_/win/Pico/pico-sdk/src/rp2_common/pico_bootrom/bootrom.c.obj
 .debug_aranges
                0x00000870       0x40 CMakeFiles/exercise3.dir/D_/win/Pico/pico-sdk/src/rp2_common/pico_divider/divider.S.obj
 .debug_aranges
                0x000008b0      0x140 CMakeFiles/exercise3.dir/D_/win/Pico/pico-sdk/src/rp2_common/pico_double/double_aeabi.S.obj
 .debug_aranges
                0x000009f0       0x28 CMakeFiles/exercise3.dir/D_/win/Pico/pico-sdk/src/rp2_common/pico_double/double_init_rom.c.obj
 .debug_aranges
                0x00000a18       0x20 CMakeFiles/exercise3.dir/D_/win/Pico/pico-sdk/src/rp2_common/pico_double/double_v1_rom_shim.S.obj
 .debug_aranges
                0x00000a38       0x20 CMakeFiles/exercise3.dir/D_/win/Pico/pico-sdk/src/rp2_common/pico_int64_ops/pico_int64_ops_aeabi.S.obj
 .debug_aranges
                0x00000a58      0x130 CMakeFiles/exercise3.dir/D_/win/Pico/pico-sdk/src/rp2_common/pico_float/float_aeabi.S.obj
 .debug_aranges
                0x00000b88       0x28 CMakeFiles/exercise3.dir/D_/win/Pico/pico-sdk/src/rp2_common/pico_float/float_init_rom.c.obj
 .debug_aranges
                0x00000bb0       0x38 CMakeFiles/exercise3.dir/D_/win/Pico/pico-sdk/src/rp2_common/pico_mem_ops/mem_ops_aeabi.S.obj
 .debug_aranges
                0x00000be8       0x28 CMakeFiles/exercise3.dir/D_/win/Pico/pico-sdk/src/rp2_common/pico_standard_link/crt0.S.obj
 .debug_aranges
                0x00000c10       0x18 CMakeFiles/exercise3.dir/D_/win/Pico/pico-sdk/src/rp2_common/pico_standard_link/binary_info.c.obj
 .debug_aranges
                0x00000c28      0x100 CMakeFiles/exercise3.dir/D_/win/Pico/pico-sdk/src/rp2_common/pico_stdio/stdio.c.obj
 .debug_aranges
                0x00000d28       0x58 CMakeFiles/exercise3.dir/D_/win/Pico/pico-sdk/src/rp2_common/pico_stdio_uart/stdio_uart.c.obj

.debug_ranges   0x00000000     0x3230
 .debug_ranges  0x00000000       0x28 CMakeFiles/exercise3.dir/exercise3.c.obj
 .debug_ranges  0x00000028      0x150 CMakeFiles/exercise3.dir/D_/win/Pico/pico-sdk/src/rp2_common/hardware_gpio/gpio.c.obj
 .debug_ranges  0x00000178       0x18 CMakeFiles/exercise3.dir/D_/win/Pico/pico-sdk/src/rp2_common/pico_platform/platform.c.obj
 .debug_ranges  0x00000190       0xd8 CMakeFiles/exercise3.dir/D_/win/Pico/pico-sdk/src/rp2_common/hardware_claim/claim.c.obj
 .debug_ranges  0x00000268       0xf0 CMakeFiles/exercise3.dir/D_/win/Pico/pico-sdk/src/rp2_common/hardware_sync/sync.c.obj
 .debug_ranges  0x00000358      0x400 CMakeFiles/exercise3.dir/D_/win/Pico/pico-sdk/src/rp2_common/hardware_irq/irq.c.obj
 .debug_ranges  0x00000758       0x10 CMakeFiles/exercise3.dir/D_/win/Pico/pico-sdk/src/common/pico_sync/lock_core.c.obj
 .debug_ranges  0x00000768      0xac0 CMakeFiles/exercise3.dir/D_/win/Pico/pico-sdk/src/common/pico_sync/mutex.c.obj
 .debug_ranges  0x00001228      0xcb8 CMakeFiles/exercise3.dir/D_/win/Pico/pico-sdk/src/common/pico_time/time.c.obj
 .debug_ranges  0x00001ee0      0x3d0 CMakeFiles/exercise3.dir/D_/win/Pico/pico-sdk/src/rp2_common/hardware_timer/timer.c.obj
 .debug_ranges  0x000022b0      0x248 CMakeFiles/exercise3.dir/D_/win/Pico/pico-sdk/src/common/pico_util/pheap.c.obj
 .debug_ranges  0x000024f8       0xf8 CMakeFiles/exercise3.dir/D_/win/Pico/pico-sdk/src/rp2_common/hardware_uart/uart.c.obj
 .debug_ranges  0x000025f0       0x60 CMakeFiles/exercise3.dir/D_/win/Pico/pico-sdk/src/rp2_common/hardware_clocks/clocks.c.obj
 .debug_ranges  0x00002650       0x30 CMakeFiles/exercise3.dir/D_/win/Pico/pico-sdk/src/rp2_common/hardware_pll/pll.c.obj
 .debug_ranges  0x00002680       0x48 CMakeFiles/exercise3.dir/D_/win/Pico/pico-sdk/src/rp2_common/hardware_watchdog/watchdog.c.obj
 .debug_ranges  0x000026c8       0x20 CMakeFiles/exercise3.dir/D_/win/Pico/pico-sdk/src/rp2_common/hardware_xosc/xosc.c.obj
 .debug_ranges  0x000026e8      0x168 CMakeFiles/exercise3.dir/D_/win/Pico/pico-sdk/src/rp2_common/pico_runtime/runtime.c.obj
 .debug_ranges  0x00002850      0x108 CMakeFiles/exercise3.dir/D_/win/Pico/pico-sdk/src/rp2_common/pico_printf/printf.c.obj
 .debug_ranges  0x00002958       0x60 CMakeFiles/exercise3.dir/D_/win/Pico/pico-sdk/src/rp2_common/pico_bit_ops/bit_ops_aeabi.S.obj
 .debug_ranges  0x000029b8       0x38 CMakeFiles/exercise3.dir/D_/win/Pico/pico-sdk/src/rp2_common/pico_bootrom/bootrom.c.obj
 .debug_ranges  0x000029f0       0x38 CMakeFiles/exercise3.dir/D_/win/Pico/pico-sdk/src/rp2_common/pico_divider/divider.S.obj
 .debug_ranges  0x00002a28      0x138 CMakeFiles/exercise3.dir/D_/win/Pico/pico-sdk/src/rp2_common/pico_double/double_aeabi.S.obj
 .debug_ranges  0x00002b60       0x38 CMakeFiles/exercise3.dir/D_/win/Pico/pico-sdk/src/rp2_common/pico_double/double_init_rom.c.obj
 .debug_ranges  0x00002b98      0x128 CMakeFiles/exercise3.dir/D_/win/Pico/pico-sdk/src/rp2_common/pico_float/float_aeabi.S.obj
 .debug_ranges  0x00002cc0       0x18 CMakeFiles/exercise3.dir/D_/win/Pico/pico-sdk/src/rp2_common/pico_float/float_init_rom.c.obj
 .debug_ranges  0x00002cd8       0x30 CMakeFiles/exercise3.dir/D_/win/Pico/pico-sdk/src/rp2_common/pico_mem_ops/mem_ops_aeabi.S.obj
 .debug_ranges  0x00002d08       0x20 CMakeFiles/exercise3.dir/D_/win/Pico/pico-sdk/src/rp2_common/pico_standard_link/crt0.S.obj
 .debug_ranges  0x00002d28      0x258 CMakeFiles/exercise3.dir/D_/win/Pico/pico-sdk/src/rp2_common/pico_stdio/stdio.c.obj
 .debug_ranges  0x00002f80      0x2b0 CMakeFiles/exercise3.dir/D_/win/Pico/pico-sdk/src/rp2_common/pico_stdio_uart/stdio_uart.c.obj

.debug_line     0x00000000     0xd631
 .debug_line    0x00000000      0x525 CMakeFiles/exercise3.dir/exercise3.c.obj
 .debug_line    0x00000525      0xc4b CMakeFiles/exercise3.dir/D_/win/Pico/pico-sdk/src/rp2_common/hardware_gpio/gpio.c.obj
 .debug_line    0x00001170      0x24f CMakeFiles/exercise3.dir/D_/win/Pico/pico-sdk/src/rp2_common/pico_platform/platform.c.obj
 .debug_line    0x000013bf      0x43a CMakeFiles/exercise3.dir/D_/win/Pico/pico-sdk/src/rp2_common/hardware_claim/claim.c.obj
 .debug_line    0x000017f9      0x436 CMakeFiles/exercise3.dir/D_/win/Pico/pico-sdk/src/rp2_common/hardware_sync/sync.c.obj
 .debug_line    0x00001c2f      0xffb CMakeFiles/exercise3.dir/D_/win/Pico/pico-sdk/src/rp2_common/hardware_irq/irq.c.obj
 .debug_line    0x00002c2a      0x1f0 CMakeFiles/exercise3.dir/D_/win/Pico/pico-sdk/src/common/pico_sync/lock_core.c.obj
 .debug_line    0x00002e1a     0x1064 CMakeFiles/exercise3.dir/D_/win/Pico/pico-sdk/src/common/pico_sync/mutex.c.obj
 .debug_line    0x00003e7e     0x1b43 CMakeFiles/exercise3.dir/D_/win/Pico/pico-sdk/src/common/pico_time/time.c.obj
 .debug_line    0x000059c1      0xbb4 CMakeFiles/exercise3.dir/D_/win/Pico/pico-sdk/src/rp2_common/hardware_timer/timer.c.obj
 .debug_line    0x00006575      0x883 CMakeFiles/exercise3.dir/D_/win/Pico/pico-sdk/src/common/pico_util/pheap.c.obj
 .debug_line    0x00006df8      0x6e5 CMakeFiles/exercise3.dir/D_/win/Pico/pico-sdk/src/rp2_common/hardware_uart/uart.c.obj
 .debug_line    0x000074dd      0x945 CMakeFiles/exercise3.dir/D_/win/Pico/pico-sdk/src/rp2_common/hardware_clocks/clocks.c.obj
 .debug_line    0x00007e22      0x500 CMakeFiles/exercise3.dir/D_/win/Pico/pico-sdk/src/rp2_common/hardware_pll/pll.c.obj
 .debug_line    0x00008322      0x3df CMakeFiles/exercise3.dir/D_/win/Pico/pico-sdk/src/rp2_common/hardware_watchdog/watchdog.c.obj
 .debug_line    0x00008701      0x283 CMakeFiles/exercise3.dir/D_/win/Pico/pico-sdk/src/rp2_common/hardware_xosc/xosc.c.obj
 .debug_line    0x00008984      0xa3a CMakeFiles/exercise3.dir/D_/win/Pico/pico-sdk/src/rp2_common/pico_runtime/runtime.c.obj
 .debug_line    0x000093be     0x1206 CMakeFiles/exercise3.dir/D_/win/Pico/pico-sdk/src/rp2_common/pico_printf/printf.c.obj
 .debug_line    0x0000a5c4      0x141 CMakeFiles/exercise3.dir/D_/win/Pico/pico-sdk/src/rp2_common/pico_bit_ops/bit_ops_aeabi.S.obj