Archive member included to satisfy reference by file (symbol)

d:/win/pico/gcc-arm-none-eabi/bin/../lib/gcc/arm-none-eabi/10.3.1/thumb/v6-m/nofp\libgcc.a(_dvmd_tls.o)
                              CMakeFiles/exercise4.dir/D_/win/Pico/pico-sdk/src/rp2_common/pico_divider/divider.S.obj (__aeabi_idiv0)
d:/win/pico/gcc-arm-none-eabi/bin/../lib/gcc/arm-none-eabi/10.3.1/../../../../arm-none-eabi/lib/thumb/v6-m/nofp\libg.a(lib_a-calloc.o)
                              CMakeFiles/exercise4.dir/D_/win/Pico/pico-sdk/src/rp2_common/pico_malloc/pico_malloc.c.obj (calloc)
d:/win/pico/gcc-arm-none-eabi/bin/../lib/gcc/arm-none-eabi/10.3.1/../../../../arm-none-eabi/lib/thumb/v6-m/nofp\libg.a(lib_a-callocr.o)
                              d:/win/pico/gcc-arm-none-eabi/bin/../lib/gcc/arm-none-eabi/10.3.1/../../../../arm-none-eabi/lib/thumb/v6-m/nofp\libg.a(lib_a-calloc.o) (_calloc_r)
d:/win/pico/gcc-arm-none-eabi/bin/../lib/gcc/arm-none-eabi/10.3.1/../../../../arm-none-eabi/lib/thumb/v6-m/nofp\libg.a(lib_a-errno.o)
                              d:/win/pico/gcc-arm-none-eabi/bin/../lib/gcc/arm-none-eabi/10.3.1/../../../../arm-none-eabi/lib/thumb/v6-m/nofp\libg.a(lib_a-callocr.o) (__errno)
d:/win/pico/gcc-arm-none-eabi/bin/../lib/gcc/arm-none-eabi/10.3.1/../../../../arm-none-eabi/lib/thumb/v6-m/nofp\libg.a(lib_a-impure.o)
                              d:/win/pico/gcc-arm-none-eabi/bin/../lib/gcc/arm-none-eabi/10.3.1/../../../../arm-none-eabi/lib/thumb/v6-m/nofp\libg.a(lib_a-calloc.o) (_impure_ptr)
d:/win/pico/gcc-arm-none-eabi/bin/../lib/gcc/arm-none-eabi/10.3.1/../../../../arm-none-eabi/lib/thumb/v6-m/nofp\libg.a(lib_a-init.o)
                              d:/win/pico/gcc-arm-none-eabi/bin/../lib/gcc/arm-none-eabi/10.3.1/../../../../arm-none-eabi/lib/thumb/v6-m/nofp/crt0.o (__libc_init_array)
d:/win/pico/gcc-arm-none-eabi/bin/../lib/gcc/arm-none-eabi/10.3.1/../../../../arm-none-eabi/lib/thumb/v6-m/nofp\libg.a(lib_a-malloc.o)
                              CMakeFiles/exercise4.dir/D_/win/Pico/pico-sdk/src/rp2_common/pico_malloc/pico_malloc.c.obj (malloc)
d:/win/pico/gcc-arm-none-eabi/bin/../lib/gcc/arm-none-eabi/10.3.1/../../../../arm-none-eabi/lib/thumb/v6-m/nofp\libg.a(lib_a-mallocr.o)
                              d:/win/pico/gcc-arm-none-eabi/bin/../lib/gcc/arm-none-eabi/10.3.1/../../../../arm-none-eabi/lib/thumb/v6-m/nofp\libg.a(lib_a-callocr.o) (_malloc_r)
d:/win/pico/gcc-arm-none-eabi/bin/../lib/gcc/arm-none-eabi/10.3.1/../../../../arm-none-eabi/lib/thumb/v6-m/nofp\libg.a(lib_a-mlock.o)
                              d:/win/pico/gcc-arm-none-eabi/bin/../lib/gcc/arm-none-eabi/10.3.1/../../../../arm-none-eabi/lib/thumb/v6-m/nofp\libg.a(lib_a-mallocr.o) (__malloc_lock)
d:/win/pico/gcc-arm-none-eabi/bin/../lib/gcc/arm-none-eabi/10.3.1/../../../../arm-none-eabi/lib/thumb/v6-m/nofp\libg.a(lib_a-realloc.o)
                              CMakeFiles/exercise4.dir/D_/win/Pico/pico-sdk/src/rp2_common/pico_malloc/pico_malloc.c.obj (realloc)
d:/win/pico/gcc-arm-none-eabi/bin/../lib/gcc/arm-none-eabi/10.3.1/../../../../arm-none-eabi/lib/thumb/v6-m/nofp\libg.a(lib_a-reallocr.o)
                              d:/win/pico/gcc-arm-none-eabi/bin/../lib/gcc/arm-none-eabi/10.3.1/../../../../arm-none-eabi/lib/thumb/v6-m/nofp\libg.a(lib_a-realloc.o) (_realloc_r)
d:/win/pico/gcc-arm-none-eabi/bin/../lib/gcc/arm-none-eabi/10.3.1/../../../../arm-none-eabi/lib/thumb/v6-m/nofp\libg.a(lib_a-sbrkr.o)
                              d:/win/pico/gcc-arm-none-eabi/bin/../lib/gcc/arm-none-eabi/10.3.1/../../../../arm-none-eabi/lib/thumb/v6-m/nofp\libg.a(lib_a-mallocr.o) (_sbrk_r)
d:/win/pico/gcc-arm-none-eabi/bin/../lib/gcc/arm-none-eabi/10.3.1/../../../../arm-none-eabi/lib/thumb/v6-m/nofp\libg.a(lib_a-strlen-stub.o)
                              CMakeFiles/exercise4.dir/D_/win/Pico/pico-sdk/src/rp2_common/pico_stdio/stdio.c.obj (strlen)
d:/win/pico/gcc-arm-none-eabi/bin/../lib/gcc/arm-none-eabi/10.3.1/../../../../arm-none-eabi/lib/thumb/v6-m/nofp\libg.a(lib_a-freer.o)
                              d:/win/pico/gcc-arm-none-eabi/bin/../lib/gcc/arm-none-eabi/10.3.1/../../../../arm-none-eabi/lib/thumb/v6-m/nofp\libg.a(lib_a-malloc.o) (_free_r)
d:/win/pico/gcc-arm-none-eabi/bin/../lib/gcc/arm-none-eabi/10.3.1/../../../../arm-none-eabi/lib/thumb/v6-m/nofp\libg.a(lib_a-lock.o)
                              d:/win/pico/gcc-arm-none-eabi/bin/../lib/gcc/arm-none-eabi/10.3.1/../../../../arm-none-eabi/lib/thumb/v6-m/nofp\libg.a(lib_a-mlock.o) (__retarget_lock_acquire_recursive)
d:/win/pico/gcc-arm-none-eabi/bin/../lib/gcc/arm-none-eabi/10.3.1/../../../../arm-none-eabi/lib/thumb/v6-m/nofp\libg.a(lib_a-memmove.o)
                              d:/win/pico/gcc-arm-none-eabi/bin/../lib/gcc/arm-none-eabi/10.3.1/../../../../arm-none-eabi/lib/thumb/v6-m/nofp\libg.a(lib_a-reallocr.o) (memmove)
d:/win/pico/gcc-arm-none-eabi/bin/../lib/gcc/arm-none-eabi/10.3.1/../../../../arm-none-eabi/lib/thumb/v6-m/nofp\libg.a(lib_a-reent.o)
[...]
Memory Configuration

Name             Origin             Length             Attributes
FLASH            0x10000000         0x00200000         xr
RAM              0x20000000         0x00040000         xrw
SCRATCH_X        0x20040000         0x00001000         xrw
SCRATCH_Y        0x20041000         0x00001000         xrw
*default*        0x00000000         0xffffffff

Linker script and memory map

LOAD d:/win/pico/gcc-arm-none-eabi/bin/../lib/gcc/arm-none-eabi/10.3.1/thumb/v6-m/nofp/crti.o
LOAD d:/win/pico/gcc-arm-none-eabi/bin/../lib/gcc/arm-none-eabi/10.3.1/thumb/v6-m/nofp/crtbegin.o
LOAD d:/win/pico/gcc-arm-none-eabi/bin/../lib/gcc/arm-none-eabi/10.3.1/../../../../arm-none-eabi/lib/thumb/v6-m/nofp/crt0.o

.flash_begin    0x10000000        0x0
                0x10000000                __flash_binary_start = .

.boot2          0x10000000      0x100
                0x10000000                __boot2_start__ = .
 *(.boot2)
 .boot2         0x10000000      0x100 C:\Users\iamna\AppData\Local\Temp\ccYgruPS.o
                0x10000100                __boot2_end__ = .
                0x00000001                ASSERT (((__boot2_end__ - __boot2_start__) == 0x100), ERROR: Pico second stage bootloader must be 256 bytes in size)

.text           0x10000100     0x3fe0
                0x10000100                __logical_binary_start = .
 *(.vectors)
 .vectors       0x10000100       0xd4 CMakeFiles/exercise4.dir/D_/win/Pico/pico-sdk/src/rp2_common/pico_standard_link/crt0.S.obj
                0x10000100                __VECTOR_TABLE
                0x10000100                __vectors
                0x100001c0                isr_invalid
                0x100001c0                __default_isrs_start
                0x100001c2                isr_nmi
                0x100001c4                isr_hardfault
                0x100001c6                isr_svcall
                0x100001c8                isr_pendsv
                0x100001ca                isr_systick
                0x100001cc                isr_irq23
                0x100001cc                isr_irq18
                0x100001cc                isr_irq11
                0x100001cc                isr_irq28
                0x100001cc                isr_irq19
                0x100001cc                isr_irq0
                0x100001cc                isr_irq6
                0x100001cc                isr_irq5
                0x100001cc                isr_irq12
                0x100001cc                isr_irq22
                0x100001cc                isr_irq31
                0x100001cc                isr_irq17
                0x100001cc                isr_irq27
                0x100001cc                isr_irq30
                0x100001cc                isr_irq2
                0x100001cc                isr_irq10
                0x100001cc                isr_irq8
                0x100001cc                isr_irq24
                0x100001cc                isr_irq1
                0x100001cc                isr_irq7
                0x100001cc                isr_irq21
                0x100001cc                isr_irq20
                0x100001cc                isr_irq15
                0x100001cc                isr_irq25
                0x100001cc                isr_irq13
                0x100001cc                __unhandled_user_irq
                0x100001cc                isr_irq4
                0x100001cc                isr_irq16
                0x100001cc                isr_irq29
                0x100001cc                isr_irq26
                0x100001cc                __default_isrs_end
                0x100001cc                isr_irq3
                0x100001cc                isr_irq14
                0x100001cc                isr_irq9
                0x100001d2                unhandled_user_irq_num_in_r0
 *(.binary_info_header)
 .binary_info_header
                0x100001d4       0x14 CMakeFiles/exercise4.dir/D_/win/Pico/pico-sdk/src/rp2_common/pico_standard_link/crt0.S.obj
                0x100001e8                __binary_info_header_end = .
 *(.reset)
 .reset         0x100001e8       0xa0 CMakeFiles/exercise4.dir/D_/win/Pico/pico-sdk/src/rp2_common/pico_standard_link/crt0.S.obj
                0x100001e8                _entry_point
 .reset         0x10000288       0x30 CMakeFiles/exercise4.dir/D_/win/Pico/pico-sdk/src/rp2_common/pico_standard_link/binary_info.c.obj
 *(.init)
 .init          0x100002b8        0x4 d:/win/pico/gcc-arm-none-eabi/bin/../lib/gcc/arm-none-eabi/10.3.1/thumb/v6-m/nofp/crti.o
                0x100002b8                _init
 *(EXCLUDE_FILE(*libm.a: *libc.a:*lib_a-mem*.o *libgcc.a:) .text*)
 .text          0x100002bc       0x48 d:/win/pico/gcc-arm-none-eabi/bin/../lib/gcc/arm-none-eabi/10.3.1/thumb/v6-m/nofp/crtbegin.o
 .text.difference
                0x10000304       0x10 CMakeFiles/exercise4.dir/exercise4.c.obj
                0x10000304                difference
 .text.fail     0x10000314       0x10 CMakeFiles/exercise4.dir/exercise4.c.obj
                0x10000314                fail
 .text.ok       0x10000324       0x10 CMakeFiles/exercise4.dir/exercise4.c.obj
                0x10000324                ok
 .text.main     0x10000334       0xb2 CMakeFiles/exercise4.dir/exercise4.c.obj
                0x10000334                main
 *fill*         0x100003e6        0x2 
 .text.gpio_set_function
                0x100003e8       0x30 CMakeFiles/exercise4.dir/D_/win/Pico/pico-sdk/src/rp2_common/hardware_gpio/gpio.c.obj
                0x100003e8                gpio_set_function
 .text.gpio_init
                0x10000418       0x16 CMakeFiles/exercise4.dir/D_/win/Pico/pico-sdk/src/rp2_common/hardware_gpio/gpio.c.obj
                0x10000418                gpio_init
 *fill*         0x1000042e        0x2 
 .text.running_on_fpga
                0x10000430       0x14 CMakeFiles/exercise4.dir/D_/win/Pico/pico-sdk/src/rp2_common/pico_platform/platform.c.obj
                0x10000430                running_on_fpga
 .text.hw_claim_lock
                0x10000444       0x18 CMakeFiles/exercise4.dir/D_/win/Pico/pico-sdk/src/rp2_common/hardware_claim/claim.c.obj
                0x10000444                hw_claim_lock
 .text.hw_claim_unlock
                0x1000045c       0x14 CMakeFiles/exercise4.dir/D_/win/Pico/pico-sdk/src/rp2_common/hardware_claim/claim.c.obj
                0x1000045c                hw_claim_unlock
 .text.hw_claim_or_assert
                0x10000470       0x32 CMakeFiles/exercise4.dir/D_/win/Pico/pico-sdk/src/rp2_common/hardware_claim/claim.c.obj
                0x10000470                hw_claim_or_assert
 *fill*         0x100004a2        0x2 
 .text.spin_locks_reset
                0x100004a4       0x20 CMakeFiles/exercise4.dir/D_/win/Pico/pico-sdk/src/rp2_common/hardware_sync/sync.c.obj
                0x100004a4                spin_locks_reset
 .text.next_striped_spin_lock_num
                0x100004c4       0x1c CMakeFiles/exercise4.dir/D_/win/Pico/pico-sdk/src/rp2_common/hardware_sync/sync.c.obj
                0x100004c4                next_striped_spin_lock_num
 .text.set_raw_irq_handler_and_unlock
                0x100004e0       0x28 CMakeFiles/exercise4.dir/D_/win/Pico/pico-sdk/src/rp2_common/hardware_irq/irq.c.obj
 .text.make_branch
                0x10000508       0x48 CMakeFiles/exercise4.dir/D_/win/Pico/pico-sdk/src/rp2_common/hardware_irq/irq.c.obj
 .text.insert_branch_and_link
                0x10000550       0x40 CMakeFiles/exercise4.dir/D_/win/Pico/pico-sdk/src/rp2_common/hardware_irq/irq.c.obj
 .text.irq_is_enabled
                0x10000590       0x18 CMakeFiles/exercise4.dir/D_/win/Pico/pico-sdk/src/rp2_common/hardware_irq/irq.c.obj
                0x10000590                irq_is_enabled
 .text.irq_set_mask_enabled
                0x100005a8       0x20 CMakeFiles/exercise4.dir/D_/win/Pico/pico-sdk/src/rp2_common/hardware_irq/irq.c.obj
                0x100005a8                irq_set_mask_enabled
 .text.irq_set_enabled
                0x100005c8        0xe CMakeFiles/exercise4.dir/D_/win/Pico/pico-sdk/src/rp2_common/hardware_irq/irq.c.obj
                0x100005c8                irq_set_enabled
 *fill*         0x100005d6        0x2 
 .text.irq_get_vtable_handler
                0x100005d8       0x10 CMakeFiles/exercise4.dir/D_/win/Pico/pico-sdk/src/rp2_common/hardware_irq/irq.c.obj
                0x100005d8                irq_get_vtable_handler
 .text.irq_set_exclusive_handler
                0x100005e8       0x54 CMakeFiles/exercise4.dir/D_/win/Pico/pico-sdk/src/rp2_common/hardware_irq/irq.c.obj
                0x100005e8                irq_set_exclusive_handler
 .text.irq_remove_handler
                0x1000063c      0x1ac CMakeFiles/exercise4.dir/D_/win/Pico/pico-sdk/src/rp2_common/hardware_irq/irq.c.obj
                0x1000063c                irq_remove_handler
 .text.irq_add_tail_to_free_list
                0x100007e8       0xf0 CMakeFiles/exercise4.dir/D_/win/Pico/pico-sdk/src/rp2_common/hardware_irq/irq.c.obj
                0x100007e8                irq_add_tail_to_free_list
 .text.irq_init_priorities
                0x100008d8       0x1c CMakeFiles/exercise4.dir/D_/win/Pico/pico-sdk/src/rp2_common/hardware_irq/irq.c.obj
                0x100008d8                irq_init_priorities
 .text.lock_init
                0x100008f4       0x10 CMakeFiles/exercise4.dir/D_/win/Pico/pico-sdk/src/common/pico_sync/lock_core.c.obj
                0x100008f4                lock_init
 .text.mutex_init
                0x10000904       0x1a CMakeFiles/exercise4.dir/D_/win/Pico/pico-sdk/src/common/pico_sync/mutex.c.obj
                0x10000904                mutex_init
 .text.recursive_mutex_init
                0x1000091e       0x1e CMakeFiles/exercise4.dir/D_/win/Pico/pico-sdk/src/common/pico_sync/mutex.c.obj
                0x1000091e                recursive_mutex_init
 .text.alarm_pool_post_alloc_init
                0x1000093c       0x40 CMakeFiles/exercise4.dir/D_/win/Pico/pico-sdk/src/common/pico_time/time.c.obj
 .text.sleep_until_callback
                0x1000097c       0x30 CMakeFiles/exercise4.dir/D_/win/Pico/pico-sdk/src/common/pico_time/time.c.obj
 .text.timer_pool_entry_comparator
                0x100009ac       0x7c CMakeFiles/exercise4.dir/D_/win/Pico/pico-sdk/src/common/pico_time/time.c.obj
                0x100009ac                timer_pool_entry_comparator
 .text.ph_add_child_node
                0x10000a28       0xa4 CMakeFiles/exercise4.dir/D_/win/Pico/pico-sdk/src/common/pico_time/time.c.obj
 .text.ph_merge_nodes
                0x10000acc       0x3e CMakeFiles/exercise4.dir/D_/win/Pico/pico-sdk/src/common/pico_time/time.c.obj
 *fill*         0x10000b0a        0x2 
 .text.add_alarm_under_lock
                0x10000b0c      0x174 CMakeFiles/exercise4.dir/D_/win/Pico/pico-sdk/src/common/pico_time/time.c.obj
 .text.alarm_pool_alarm_callback
                0x10000c80      0x33c CMakeFiles/exercise4.dir/D_/win/Pico/pico-sdk/src/common/pico_time/time.c.obj
 .text.alarm_pool_init_default
                0x10000fbc       0x40 CMakeFiles/exercise4.dir/D_/win/Pico/pico-sdk/src/common/pico_time/time.c.obj
                0x10000fbc                alarm_pool_init_default
 .text.alarm_pool_get_default
                0x10000ffc       0x2c CMakeFiles/exercise4.dir/D_/win/Pico/pico-sdk/src/common/pico_time/time.c.obj
                0x10000ffc                alarm_pool_get_default
 .text.alarm_pool_add_alarm_at
                0x10001028      0x168 CMakeFiles/exercise4.dir/D_/win/Pico/pico-sdk/src/common/pico_time/time.c.obj
                0x10001028                alarm_pool_add_alarm_at
 .text.alarm_pool_cancel_alarm
                0x10001190       0xf0 CMakeFiles/exercise4.dir/D_/win/Pico/pico-sdk/src/common/pico_time/time.c.obj
                0x10001190                alarm_pool_cancel_alarm
 .text.sleep_until
                0x10001280       0xfc CMakeFiles/exercise4.dir/D_/win/Pico/pico-sdk/src/common/pico_time/time.c.obj
                0x10001280                sleep_until
 .text.sleep_us
                0x1000137c       0x58 CMakeFiles/exercise4.dir/D_/win/Pico/pico-sdk/src/common/pico_time/time.c.obj
                0x1000137c                sleep_us
 .text.sleep_ms
                0x100013d4       0x14 CMakeFiles/exercise4.dir/D_/win/Pico/pico-sdk/src/common/pico_time/time.c.obj
                0x100013d4                sleep_ms
 .text.best_effort_wfe_or_timeout
                0x100013e8       0xac CMakeFiles/exercise4.dir/D_/win/Pico/pico-sdk/src/common/pico_time/time.c.obj
                0x100013e8                best_effort_wfe_or_timeout
 .text.hardware_alarm_irq_handler
                0x10001494       0x90 CMakeFiles/exercise4.dir/D_/win/Pico/pico-sdk/src/rp2_common/hardware_timer/timer.c.obj
 .text.hardware_alarm_claim
                0x10001524       0x18 CMakeFiles/exercise4.dir/D_/win/Pico/pico-sdk/src/rp2_common/hardware_timer/timer.c.obj
                0x10001524                hardware_alarm_claim
 .text.time_us_64
                0x1000153c       0x18 CMakeFiles/exercise4.dir/D_/win/Pico/pico-sdk/src/rp2_common/hardware_timer/timer.c.obj
                0x1000153c                time_us_64
 .text.busy_wait_until
                0x10001554       0x28 CMakeFiles/exercise4.dir/D_/win/Pico/pico-sdk/src/rp2_common/hardware_timer/timer.c.obj
                0x10001554                busy_wait_until
 .text.hardware_alarm_set_callback
                0x1000157c       0x90 CMakeFiles/exercise4.dir/D_/win/Pico/pico-sdk/src/rp2_common/hardware_timer/timer.c.obj
                0x1000157c                hardware_alarm_set_callback
 .text.hardware_alarm_set_target
                0x1000160c       0xe8 CMakeFiles/exercise4.dir/D_/win/Pico/pico-sdk/src/rp2_common/hardware_timer/timer.c.obj
                0x1000160c                hardware_alarm_set_target
 .text.hardware_alarm_cancel
                0x100016f4       0x40 CMakeFiles/exercise4.dir/D_/win/Pico/pico-sdk/src/rp2_common/hardware_timer/timer.c.obj
                0x100016f4                hardware_alarm_cancel
 .text.ph_add_child_node
                0x10001734       0xa4 CMakeFiles/exercise4.dir/D_/win/Pico/pico-sdk/src/common/pico_util/pheap.c.obj
 .text.ph_merge_nodes
                0x100017d8       0x3e CMakeFiles/exercise4.dir/D_/win/Pico/pico-sdk/src/common/pico_util/pheap.c.obj
 *fill*         0x10001816        0x2 
 .text.ph_clear
                0x10001818       0x70 CMakeFiles/exercise4.dir/D_/win/Pico/pico-sdk/src/common/pico_util/pheap.c.obj
                0x10001818                ph_clear
 .text.ph_post_alloc_init
                0x10001888        0xe CMakeFiles/exercise4.dir/D_/win/Pico/pico-sdk/src/common/pico_util/pheap.c.obj
                0x10001888                ph_post_alloc_init
 *fill*         0x10001896        0x2 
 .text.ph_merge_two_pass
                0x10001898       0xa8 CMakeFiles/exercise4.dir/D_/win/Pico/pico-sdk/src/common/pico_util/pheap.c.obj
                0x10001898                ph_merge_two_pass
 .text.ph_remove_any_head
                0x10001940      0x128 CMakeFiles/exercise4.dir/D_/win/Pico/pico-sdk/src/common/pico_util/pheap.c.obj
 .text.ph_remove_head
                0x10001a68       0x14 CMakeFiles/exercise4.dir/D_/win/Pico/pico-sdk/src/common/pico_util/pheap.c.obj
                0x10001a68                ph_remove_head
 .text.ph_remove_and_free_node
                0x10001a7c       0xf8 CMakeFiles/exercise4.dir/D_/win/Pico/pico-sdk/src/common/pico_util/pheap.c.obj
                0x10001a7c                ph_remove_and_free_node
 .text.uart_set_baudrate
                0x10001b74       0x5c CMakeFiles/exercise4.dir/D_/win/Pico/pico-sdk/src/rp2_common/hardware_uart/uart.c.obj
                0x10001b74                uart_set_baudrate
 .text.uart_set_translate_crlf
                0x10001bd0       0x28 CMakeFiles/exercise4.dir/D_/win/Pico/pico-sdk/src/rp2_common/hardware_uart/uart.c.obj
                0x10001bd0                uart_set_translate_crlf
 .text.uart_init
                0x10001bf8       0x80 CMakeFiles/exercise4.dir/D_/win/Pico/pico-sdk/src/rp2_common/hardware_uart/uart.c.obj
                0x10001bf8                uart_init
 .text.clock_configure
                0x10001c78      0x104 CMakeFiles/exercise4.dir/D_/win/Pico/pico-sdk/src/rp2_common/hardware_clocks/clocks.c.obj
                0x10001c78                clock_configure
 .text.clocks_init
                0x10001d7c      0x100 CMakeFiles/exercise4.dir/D_/win/Pico/pico-sdk/src/rp2_common/hardware_clocks/clocks.c.obj
                0x10001d7c                clocks_init
 .text.clock_get_hz
                0x10001e7c        0xc CMakeFiles/exercise4.dir/D_/win/Pico/pico-sdk/src/rp2_common/hardware_clocks/clocks.c.obj
                0x10001e7c                clock_get_hz
 .text.pll_init
                0x10001e88      0x12c CMakeFiles/exercise4.dir/D_/win/Pico/pico-sdk/src/rp2_common/hardware_pll/pll.c.obj
                0x10001e88                pll_init
 .text.watchdog_start_tick
                0x10001fb4       0x10 CMakeFiles/exercise4.dir/D_/win/Pico/pico-sdk/src/rp2_common/hardware_watchdog/watchdog.c.obj
                0x10001fb4                watchdog_start_tick
 .text.xosc_init
                0x10001fc4       0x28 CMakeFiles/exercise4.dir/D_/win/Pico/pico-sdk/src/rp2_common/hardware_xosc/xosc.c.obj
                0x10001fc4                xosc_init
 .text._exit    0x10001fec        0x4 CMakeFiles/exercise4.dir/D_/win/Pico/pico-sdk/src/rp2_common/pico_runtime/runtime.c.obj
                0x10001fec                _exit
 .text.exit     0x10001ff0        0x6 CMakeFiles/exercise4.dir/D_/win/Pico/pico-sdk/src/rp2_common/pico_runtime/runtime.c.obj
                0x10001ff0                exit
 *fill*         0x10001ff6        0x2 
 .text.__assert_func
                0x10001ff8       0x3c CMakeFiles/exercise4.dir/D_/win/Pico/pico-sdk/src/rp2_common/pico_runtime/runtime.c.obj
                0x10001ff8                __assert_func
 .text.runtime_init
                0x10002034       0xf8 CMakeFiles/exercise4.dir/D_/win/Pico/pico-sdk/src/rp2_common/pico_runtime/runtime.c.obj
                0x10002034                runtime_init
 .text.panic    0x1000212c       0x30 CMakeFiles/exercise4.dir/D_/win/Pico/pico-sdk/src/rp2_common/pico_runtime/runtime.c.obj
                0x1000212c                panic
 .text._out_null
                0x1000215c        0x2 CMakeFiles/exercise4.dir/D_/win/Pico/pico-sdk/src/rp2_common/pico_printf/printf.c.obj
 .text._out_fct
                0x1000215e        0xe CMakeFiles/exercise4.dir/D_/win/Pico/pico-sdk/src/rp2_common/pico_printf/printf.c.obj
 .text._atoi    0x1000216c       0x24 CMakeFiles/exercise4.dir/D_/win/Pico/pico-sdk/src/rp2_common/pico_printf/printf.c.obj
 .text._out_rev
                0x10002190       0xae CMakeFiles/exercise4.dir/D_/win/Pico/pico-sdk/src/rp2_common/pico_printf/printf.c.obj
 .text._ntoa_format
                0x1000223e      0x112 CMakeFiles/exercise4.dir/D_/win/Pico/pico-sdk/src/rp2_common/pico_printf/printf.c.obj
 .text._ntoa_long
                0x10002350       0xbc CMakeFiles/exercise4.dir/D_/win/Pico/pico-sdk/src/rp2_common/pico_printf/printf.c.obj
 .text._ntoa_long_long
                0x1000240c       0xe2 CMakeFiles/exercise4.dir/D_/win/Pico/pico-sdk/src/rp2_common/pico_printf/printf.c.obj
 *fill*         0x100024ee        0x2 
 .text._etoa    0x100024f0      0x414 CMakeFiles/exercise4.dir/D_/win/Pico/pico-sdk/src/rp2_common/pico_printf/printf.c.obj
 .text._ftoa    0x10002904      0x354 CMakeFiles/exercise4.dir/D_/win/Pico/pico-sdk/src/rp2_common/pico_printf/printf.c.obj
 .text._vsnprintf
                0x10002c58      0x624 CMakeFiles/exercise4.dir/D_/win/Pico/pico-sdk/src/rp2_common/pico_printf/printf.c.obj
 .text.vfctprintf
                0x1000327c       0x20 CMakeFiles/exercise4.dir/D_/win/Pico/pico-sdk/src/rp2_common/pico_printf/printf.c.obj
                0x1000327c                vfctprintf
 .text          0x1000329c       0x10 CMakeFiles/exercise4.dir/D_/win/Pico/pico-sdk/src/rp2_common/pico_bit_ops/bit_ops_aeabi.S.obj
 .text.rom_func_lookup
                0x100032ac       0x10 CMakeFiles/exercise4.dir/D_/win/Pico/pico-sdk/src/rp2_common/pico_bootrom/bootrom.c.obj
                0x100032ac                rom_func_lookup
 .text.rom_data_lookup
                0x100032bc       0x10 CMakeFiles/exercise4.dir/D_/win/Pico/pico-sdk/src/rp2_common/pico_bootrom/bootrom.c.obj
                0x100032bc                rom_data_lookup
 .text.rom_funcs_lookup
                0x100032cc       0x36 CMakeFiles/exercise4.dir/D_/win/Pico/pico-sdk/src/rp2_common/pico_bootrom/bootrom.c.obj
                0x100032cc                rom_funcs_lookup
 *fill*         0x10003302        0x2 
 .text.__wrap___aeabi_idiv
                0x10003304       0x50 CMakeFiles/exercise4.dir/D_/win/Pico/pico-sdk/src/rp2_common/pico_divider/divider.S.obj
                0x10003304                __wrap___aeabi_idivmod
                0x10003304                divmod_s32s32
                0x10003304                div_s32s32
                0x10003304                __wrap___aeabi_idiv
                0x1000330c                divmod_s32s32_unsafe
                0x10003338                divmod_s32s32_savestate
 .text.__wrap___aeabi_uidiv
                0x10003354       0x4c CMakeFiles/exercise4.dir/D_/win/Pico/pico-sdk/src/rp2_common/pico_divider/divider.S.obj
                0x10003354                __wrap___aeabi_uidiv
                0x10003354                __wrap___aeabi_uidivmod
                0x10003354                div_u32u32
                0x10003354                divmod_u32u32
                0x1000335c                divmod_u32u32_unsafe
                0x10003384                divmod_u32u32_savestate
 .text.__wrap___aeabi_ldiv
                0x100033a0      0x424 CMakeFiles/exercise4.dir/D_/win/Pico/pico-sdk/src/rp2_common/pico_divider/divider.S.obj
                0x100033a0                div_s64s64
                0x100033a0                divmod_s64s64
                0x100033a0                __wrap___aeabi_ldivmod
                0x100033d0                divmod_u64u64
                0x100033d0                div_u64u64
                0x100033d0                __wrap___aeabi_uldivmod
                0x100033e0                divmod_u64u64_savestate
                0x10003400                divmod_s64s64_unsafe
                0x10003488                divmod_u64u64_unsafe
 .text.__wrap___aeabi_darithmetic
                0x100037c4       0x60 CMakeFiles/exercise4.dir/D_/win/Pico/pico-sdk/src/rp2_common/pico_double/double_aeabi.S.obj
                0x100037c4                __wrap___aeabi_drsub
                0x100037ca                __wrap___aeabi_dsub
                0x100037d4                __wrap___aeabi_dadd
                0x100037de                __wrap___aeabi_ddiv
                0x10003812                __wrap___aeabi_dmul
 .text.__wrap___aeabi_cdcmple
                0x10003824       0x6c CMakeFiles/exercise4.dir/D_/win/Pico/pico-sdk/src/rp2_common/pico_double/double_aeabi.S.obj
                0x10003824                __wrap___aeabi_cdrcmple
                0x10003834                __wrap___aeabi_cdcmpeq
                0x10003834                __wrap___aeabi_cdcmple
 .text.__wrap___aeabi_dcmplt
                0x10003890        0xc CMakeFiles/exercise4.dir/D_/win/Pico/pico-sdk/src/rp2_common/pico_double/double_aeabi.S.obj
                0x10003890                __wrap___aeabi_dcmplt
 .text.__wrap___aeabi_dcmple
                0x1000389c       0x10 CMakeFiles/exercise4.dir/D_/win/Pico/pico-sdk/src/rp2_common/pico_double/double_aeabi.S.obj
                0x1000389c                __wrap___aeabi_dcmple
 .text.__wrap___aeabi_dcmpge
                0x100038ac       0x10 CMakeFiles/exercise4.dir/D_/win/Pico/pico-sdk/src/rp2_common/pico_double/double_aeabi.S.obj
                0x100038ac                __wrap___aeabi_dcmpge
 .text.__wrap___aeabi_dcmpgt
                0x100038bc        0xa CMakeFiles/exercise4.dir/D_/win/Pico/pico-sdk/src/rp2_common/pico_double/double_aeabi.S.obj
                0x100038bc                __wrap___aeabi_dcmpgt
 .text.__wrap___aeabi_dcmpun
                0x100038c6       0x1c CMakeFiles/exercise4.dir/D_/win/Pico/pico-sdk/src/rp2_common/pico_double/double_aeabi.S.obj
                0x100038c6                __wrap___aeabi_dcmpun
 *fill*         0x100038e2        0x2 
 .text.__wrap___aeabi_i2d
                0x100038e4       0x38 CMakeFiles/exercise4.dir/D_/win/Pico/pico-sdk/src/rp2_common/pico_double/double_aeabi.S.obj
                0x100038e4                __wrap___aeabi_ui2d
                0x100038ec                __wrap___aeabi_i2d
 .text.__wrap___aeabi_d2iz
                0x1000391c       0x48 CMakeFiles/exercise4.dir/D_/win/Pico/pico-sdk/src/rp2_common/pico_double/double_aeabi.S.obj
                0x1000391c                double2int_z
                0x1000391c                __wrap___aeabi_d2iz
 .text.__wrap___aeabi_d2uiz
                0x10003964       0x10 CMakeFiles/exercise4.dir/D_/win/Pico/pico-sdk/src/rp2_common/pico_double/double_aeabi.S.obj
                0x10003964                __wrap___aeabi_d2uiz
                0x10003964                double2uint
 .text.missing_double_func_shim
                0x10003974        0xc CMakeFiles/exercise4.dir/D_/win/Pico/pico-sdk/src/rp2_common/pico_double/double_init_rom.c.obj
 .text.__aeabi_double_init
                0x10003980       0xcc CMakeFiles/exercise4.dir/D_/win/Pico/pico-sdk/src/rp2_common/pico_double/double_init_rom.c.obj
                0x10003980                __aeabi_double_init
 .text.double_table_shim_on_use_helper
                0x10003a4c       0x34 CMakeFiles/exercise4.dir/D_/win/Pico/pico-sdk/src/rp2_common/pico_double/double_v1_rom_shim.S.obj
                0x10003a4c                double_table_shim_on_use_helper
 .text.__aeabi_lmul
                0x10003a80       0x32 CMakeFiles/exercise4.dir/D_/win/Pico/pico-sdk/src/rp2_common/pico_int64_ops/pico_int64_ops_aeabi.S.obj
                0x10003a80                __wrap___aeabi_lmul
 *fill*         0x10003ab2        0x2 
 .text.missing_float_func_shim
                0x10003ab4        0xc CMakeFiles/exercise4.dir/D_/win/Pico/pico-sdk/src/rp2_common/pico_float/float_init_rom.c.obj
 .text.__aeabi_float_init
                0x10003ac0       0x88 CMakeFiles/exercise4.dir/D_/win/Pico/pico-sdk/src/rp2_common/pico_float/float_init_rom.c.obj
                0x10003ac0                __aeabi_float_init
 .text          0x10003b48       0x10 CMakeFiles/exercise4.dir/D_/win/Pico/pico-sdk/src/rp2_common/pico_mem_ops/mem_ops_aeabi.S.obj
                0x10003b48                __aeabi_mem_init
 .text.memcpy   0x10003b58        0xc CMakeFiles/exercise4.dir/D_/win/Pico/pico-sdk/src/rp2_common/pico_mem_ops/mem_ops_aeabi.S.obj
                0x10003b58                __wrap_memcpy
                0x10003b58                __wrap___aeabi_memcpy
 .text.stdio_out_chars_no_crlf
                0x10003b64        0xe CMakeFiles/exercise4.dir/D_/win/Pico/pico-sdk/src/rp2_common/pico_stdio/stdio.c.obj
 *fill*         0x10003b72        0x2 
 .text.stdio_out_chars_crlf
                0x10003b74       0x80 CMakeFiles/exercise4.dir/D_/win/Pico/pico-sdk/src/rp2_common/pico_stdio/stdio.c.obj
 .text.stdio_stack_buffer_flush
                0x10003bf4       0x44 CMakeFiles/exercise4.dir/D_/win/Pico/pico-sdk/src/rp2_common/pico_stdio/stdio.c.obj
 .text.stdio_buffered_printer
                0x10003c38       0x20 CMakeFiles/exercise4.dir/D_/win/Pico/pico-sdk/src/rp2_common/pico_stdio/stdio.c.obj
 .text.stdout_serialize_begin
                0x10003c58       0x5c CMakeFiles/exercise4.dir/D_/win/Pico/pico-sdk/src/rp2_common/pico_stdio/stdio.c.obj
                0x10003c58                stdout_serialize_begin
 .text.stdout_serialize_end
                0x10003cb4       0x10 CMakeFiles/exercise4.dir/D_/win/Pico/pico-sdk/src/rp2_common/pico_stdio/stdio.c.obj
                0x10003cb4                stdout_serialize_end
 .text.stdio_put_string
                0x10003cc4       0x98 CMakeFiles/exercise4.dir/D_/win/Pico/pico-sdk/src/rp2_common/pico_stdio/stdio.c.obj
 .text.stdio_set_driver_enabled
                0x10003d5c       0x2c CMakeFiles/exercise4.dir/D_/win/Pico/pico-sdk/src/rp2_common/pico_stdio/stdio.c.obj
                0x10003d5c                stdio_set_driver_enabled
 .text.stdio_flush
                0x10003d88       0x20 CMakeFiles/exercise4.dir/D_/win/Pico/pico-sdk/src/rp2_common/pico_stdio/stdio.c.obj
                0x10003d88                stdio_flush
 .text.__wrap_puts
                0x10003da8       0x1e CMakeFiles/exercise4.dir/D_/win/Pico/pico-sdk/src/rp2_common/pico_stdio/stdio.c.obj
                0x10003da8                __wrap_puts
 *fill*         0x10003dc6        0x2 
 .text.__wrap_vprintf
                0x10003dc8       0x40 CMakeFiles/exercise4.dir/D_/win/Pico/pico-sdk/src/rp2_common/pico_stdio/stdio.c.obj
                0x10003dc8                __wrap_vprintf
 .text.__wrap_printf
                0x10003e08       0x18 CMakeFiles/exercise4.dir/D_/win/Pico/pico-sdk/src/rp2_common/pico_stdio/stdio.c.obj
                0x10003e08                __wrap_printf
 .text.stdio_init_all
                0x10003e20        0xa CMakeFiles/exercise4.dir/D_/win/Pico/pico-sdk/src/rp2_common/pico_stdio/stdio.c.obj
                0x10003e20                stdio_init_all
 *fill*         0x10003e2a        0x2 
 .text.stdio_uart_out_chars
                0x10003e2c       0x74 CMakeFiles/exercise4.dir/D_/win/Pico/pico-sdk/src/rp2_common/pico_stdio_uart/stdio_uart.c.obj
 .text.stdio_uart_in_chars
                0x10003ea0       0x80 CMakeFiles/exercise4.dir/D_/win/Pico/pico-sdk/src/rp2_common/pico_stdio_uart/stdio_uart.c.obj
                0x10003ea0                stdio_uart_in_chars
 .text.on_uart_rx
                0x10003f20       0x28 CMakeFiles/exercise4.dir/D_/win/Pico/pico-sdk/src/rp2_common/pico_stdio_uart/stdio_uart.c.obj
 .text.stdio_uart_set_chars_available_callback
                0x10003f48       0x8c CMakeFiles/exercise4.dir/D_/win/Pico/pico-sdk/src/rp2_common/pico_stdio_uart/stdio_uart.c.obj
 .text.stdio_uart_init_full
                0x10003fd4       0x44 CMakeFiles/exercise4.dir/D_/win/Pico/pico-sdk/src/rp2_common/pico_stdio_uart/stdio_uart.c.obj
                0x10003fd4                stdio_uart_init_full
 .text.stdio_uart_init
                0x10004018       0x28 CMakeFiles/exercise4.dir/D_/win/Pico/pico-sdk/src/rp2_common/pico_stdio_uart/stdio_uart.c.obj
                0x10004018                stdio_uart_init
 .text.strlen   0x10004040       0x5c d:/win/pico/gcc-arm-none-eabi/bin/../lib/gcc/arm-none-eabi/10.3.1/../../../../arm-none-eabi/lib/thumb/v6-m/nofp\libg.a(lib_a-strlen-stub.o)
                0x10004040                strlen
 *(.fini)
 .fini          0x1000409c        0x4 d:/win/pico/gcc-arm-none-eabi/bin/../lib/gcc/arm-none-eabi/10.3.1/thumb/v6-m/nofp/crti.o
                0x1000409c                _fini
 .fini.__stub   0x100040a0       0x40 linker stubs
 *crtbegin.o(.ctors)
 *crtbegin?.o(.ctors)
 *(EXCLUDE_FILE(*crtend.o *crtend?.o) .ctors)
 *(SORT_BY_NAME(.ctors.*))
 *(.ctors)
 *crtbegin.o(.dtors)
 *crtbegin?.o(.dtors)
 *(EXCLUDE_FILE(*crtend.o *crtend?.o) .dtors)
 *(SORT_BY_NAME(.dtors.*))
 *(.dtors)
 *(.eh_frame*)
 .eh_frame      0x100040e0        0x0 d:/win/pico/gcc-arm-none-eabi/bin/../lib/gcc/arm-none-eabi/10.3.1/thumb/v6-m/nofp/crtbegin.o
                0x100040e0                . = ALIGN (0x4)

.glue_7         0x100040e0        0x0
 .glue_7        0x100040e0        0x0 linker stubs

.glue_7t        0x100040e0        0x0
 .glue_7t       0x100040e0        0x0 linker stubs

.vfp11_veneer   0x100040e0        0x0
 .vfp11_veneer  0x100040e0        0x0 linker stubs

.v4_bx          0x100040e0        0x0
 .v4_bx         0x100040e0        0x0 linker stubs

.iplt           0x100040e0        0x0
 .iplt          0x100040e0        0x0 d:/win/pico/gcc-arm-none-eabi/bin/../lib/gcc/arm-none-eabi/10.3.1/thumb/v6-m/nofp/crtbegin.o

.rodata         0x100040e0      0xf10
 *(EXCLUDE_FILE(*libm.a: *libc.a:*lib_a-mem*.o *libgcc.a:) .rodata*)
 .rodata.fail.str1.4
                0x100040e0        0x7 CMakeFiles/exercise4.dir/exercise4.c.obj
 *fill*         0x100040e7        0x1 
 .rodata.ok.str1.4
                0x100040e8        0x7 CMakeFiles/exercise4.dir/exercise4.c.obj
 *fill*         0x100040ef        0x1 
 .rodata.make_branch.str1.4
                0x100040f0       0x67 CMakeFiles/exercise4.dir/D_/win/Pico/pico-sdk/src/rp2_common/hardware_irq/irq.c.obj
 *fill*         0x10004157        0x1 
 .rodata.insert_branch_and_link.str1.4
                0x10004158       0x10 CMakeFiles/exercise4.dir/D_/win/Pico/pico-sdk/src/rp2_common/hardware_irq/irq.c.obj
 .rodata.irq_set_exclusive_handler.str1.4
                0x10004168       0x36 CMakeFiles/exercise4.dir/D_/win/Pico/pico-sdk/src/rp2_common/hardware_irq/irq.c.obj
 *fill*         0x1000419e        0x2 
 .rodata.irq_add_shared_handler.str1.4
                0x100041a0       0xd9 CMakeFiles/exercise4.dir/D_/win/Pico/pico-sdk/src/rp2_common/hardware_irq/irq.c.obj
 *fill*         0x10004279        0x3 
 .rodata.irq_remove_handler.str1.4
                0x1000427c       0x3a CMakeFiles/exercise4.dir/D_/win/Pico/pico-sdk/src/rp2_common/hardware_irq/irq.c.obj
 *fill*         0x100042b6        0x2 
 .rodata.irq_add_tail_to_free_list.str1.4
                0x100042b8       0x3a CMakeFiles/exercise4.dir/D_/win/Pico/pico-sdk/src/rp2_common/hardware_irq/irq.c.obj
 *fill*         0x100042f2        0x2 
 .rodata.__func__.0
                0x100042f4       0x1a CMakeFiles/exercise4.dir/D_/win/Pico/pico-sdk/src/rp2_common/hardware_irq/irq.c.obj
 *fill*         0x1000430e        0x2 
 .rodata.__func__.1
                0x10004310       0x17 CMakeFiles/exercise4.dir/D_/win/Pico/pico-sdk/src/rp2_common/hardware_irq/irq.c.obj
 *fill*         0x10004327        0x1 
 .rodata.__func__.2
                0x10004328       0x13 CMakeFiles/exercise4.dir/D_/win/Pico/pico-sdk/src/rp2_common/hardware_irq/irq.c.obj
 *fill*         0x1000433b        0x1 
 .rodata.__func__.3
                0x1000433c        0xc CMakeFiles/exercise4.dir/D_/win/Pico/pico-sdk/src/rp2_common/hardware_irq/irq.c.obj
 .rodata.__func__.4
                0x10004348        0xf CMakeFiles/exercise4.dir/D_/win/Pico/pico-sdk/src/rp2_common/hardware_irq/irq.c.obj
 *fill*         0x10004357        0x1 
 .rodata.__func__.6
                0x10004358       0x1a CMakeFiles/exercise4.dir/D_/win/Pico/pico-sdk/src/rp2_common/hardware_irq/irq.c.obj
 *fill*         0x10004372        0x2 
 .rodata.str1.4
                0x10004374       0xe1 CMakeFiles/exercise4.dir/D_/win/Pico/pico-sdk/src/common/pico_sync/mutex.c.obj
 *fill*         0x10004455        0x3 
 .rodata.__func__.1
                0x10004458        0xb CMakeFiles/exercise4.dir/D_/win/Pico/pico-sdk/src/common/pico_sync/mutex.c.obj
 *fill*         0x10004463        0x1 
 .rodata.__func__.3
                0x10004464       0x18 CMakeFiles/exercise4.dir/D_/win/Pico/pico-sdk/src/common/pico_sync/mutex.c.obj
 .rodata.repeating_timer_callback.str1.4
                0x1000447c       0x45 CMakeFiles/exercise4.dir/D_/win/Pico/pico-sdk/src/common/pico_time/time.c.obj
 *fill*         0x100044c1        0x3 
 .rodata.timer_pool_entry_comparator.str1.4
                0x100044c4       0x22 CMakeFiles/exercise4.dir/D_/win/Pico/pico-sdk/src/common/pico_time/time.c.obj
 *fill*         0x100044e6        0x2 
 .rodata.ph_add_child_node.str1.4
                0x100044e8       0x8e CMakeFiles/exercise4.dir/D_/win/Pico/pico-sdk/src/common/pico_time/time.c.obj
 *fill*         0x10004576        0x2 
 .rodata.add_alarm_under_lock.str1.4
                0x10004578       0x28 CMakeFiles/exercise4.dir/D_/win/Pico/pico-sdk/src/common/pico_time/time.c.obj
                                 0x2b (size before relaxing)
 .rodata.alarm_pool_alarm_callback.str1.4
                0x100045a0       0x98 CMakeFiles/exercise4.dir/D_/win/Pico/pico-sdk/src/common/pico_time/time.c.obj
                                 0xf4 (size before relaxing)
 .rodata.alarm_pool_get_default.str1.4
                0x10004638       0x21 CMakeFiles/exercise4.dir/D_/win/Pico/pico-sdk/src/common/pico_time/time.c.obj
 *fill*         0x10004659        0x3 
 .rodata.alarm_pool_cancel_alarm.str1.4
                0x1000465c       0x27 CMakeFiles/exercise4.dir/D_/win/Pico/pico-sdk/src/common/pico_time/time.c.obj
 *fill*         0x10004683        0x1 
 .rodata.sleep_until.str1.4
                0x10004684       0x4d CMakeFiles/exercise4.dir/D_/win/Pico/pico-sdk/src/common/pico_time/time.c.obj
 *fill*         0x100046d1        0x3 
 .rodata.__func__.1
                0x100046d4       0x18 CMakeFiles/exercise4.dir/D_/win/Pico/pico-sdk/src/common/pico_time/time.c.obj
 .rodata.__func__.10
                0x100046ec       0x15 CMakeFiles/exercise4.dir/D_/win/Pico/pico-sdk/src/common/pico_time/time.c.obj
 *fill*         0x10004701        0x3 
 .rodata.__func__.11
                0x10004704       0x1a CMakeFiles/exercise4.dir/D_/win/Pico/pico-sdk/src/common/pico_time/time.c.obj
 *fill*         0x1000471e        0x2 
 .rodata.__func__.12
                0x10004720        0xa CMakeFiles/exercise4.dir/D_/win/Pico/pico-sdk/src/common/pico_time/time.c.obj
 *fill*         0x1000472a        0x2 
 .rodata.__func__.3
                0x1000472c       0x17 CMakeFiles/exercise4.dir/D_/win/Pico/pico-sdk/src/common/pico_time/time.c.obj
 *fill*         0x10004743        0x1 
 .rodata.__func__.4
                0x10004744       0x12 CMakeFiles/exercise4.dir/D_/win/Pico/pico-sdk/src/common/pico_time/time.c.obj
 *fill*         0x10004756        0x2 
 .rodata.__func__.5
                0x10004758        0xd CMakeFiles/exercise4.dir/D_/win/Pico/pico-sdk/src/common/pico_time/time.c.obj
 *fill*         0x10004765        0x3 
 .rodata.__func__.6
                0x10004768       0x12 CMakeFiles/exercise4.dir/D_/win/Pico/pico-sdk/src/common/pico_time/time.c.obj
 *fill*         0x1000477a        0x2 
 .rodata.__func__.7
                0x1000477c        0xf CMakeFiles/exercise4.dir/D_/win/Pico/pico-sdk/src/common/pico_time/time.c.obj
 *fill*         0x1000478b        0x1 
 .rodata.__func__.8
                0x1000478c        0xc CMakeFiles/exercise4.dir/D_/win/Pico/pico-sdk/src/common/pico_time/time.c.obj
 .rodata.__func__.9
                0x10004798       0x15 CMakeFiles/exercise4.dir/D_/win/Pico/pico-sdk/src/common/pico_time/time.c.obj
 *fill*         0x100047ad        0x3 
 .rodata.hardware_alarm_claim.str1.4
                0x100047b0       0x22 CMakeFiles/exercise4.dir/D_/win/Pico/pico-sdk/src/rp2_common/hardware_timer/timer.c.obj
 *fill*         0x100047d2        0x2 
 .rodata.hardware_alarm_set_target.str1.4
                0x100047d4       0x5f CMakeFiles/exercise4.dir/D_/win/Pico/pico-sdk/src/rp2_common/hardware_timer/timer.c.obj
 *fill*         0x10004833        0x1 
 .rodata.__func__.0
                0x10004834       0x1a CMakeFiles/exercise4.dir/D_/win/Pico/pico-sdk/src/rp2_common/hardware_timer/timer.c.obj
 .rodata.ph_add_child_node.str1.4
                0x1000484e       0x8e CMakeFiles/exercise4.dir/D_/win/Pico/pico-sdk/src/common/pico_util/pheap.c.obj
 *fill*         0x1000484e        0x2 
 .rodata.ph_remove_any_head.str1.4
                0x10004850       0x88 CMakeFiles/exercise4.dir/D_/win/Pico/pico-sdk/src/common/pico_util/pheap.c.obj
                                 0x9c (size before relaxing)
 .rodata.ph_remove_and_free_node.str1.4
                0x100048d8       0x1e CMakeFiles/exercise4.dir/D_/win/Pico/pico-sdk/src/common/pico_util/pheap.c.obj
                                 0x26 (size before relaxing)
 *fill*         0x100048f6        0x2 
 .rodata.__func__.0
                0x100048f8       0x18 CMakeFiles/exercise4.dir/D_/win/Pico/pico-sdk/src/common/pico_util/pheap.c.obj
 .rodata.__func__.1
                0x10004910       0x13 CMakeFiles/exercise4.dir/D_/win/Pico/pico-sdk/src/common/pico_util/pheap.c.obj
 *fill*         0x10004923        0x1 
 .rodata.__func__.2
                0x10004924       0x12 CMakeFiles/exercise4.dir/D_/win/Pico/pico-sdk/src/common/pico_util/pheap.c.obj
 *fill*         0x10004936        0x2 
 .rodata.__func__.3
                0x10004938        0xc CMakeFiles/exercise4.dir/D_/win/Pico/pico-sdk/src/common/pico_util/pheap.c.obj
 .rodata.clock_configure.str1.4
                0x10004944       0x51 CMakeFiles/exercise4.dir/D_/win/Pico/pico-sdk/src/rp2_common/hardware_clocks/clocks.c.obj
 *fill*         0x10004995        0x3 
 .rodata.__func__.1
                0x10004998       0x10 CMakeFiles/exercise4.dir/D_/win/Pico/pico-sdk/src/rp2_common/hardware_clocks/clocks.c.obj
 .rodata.pll_init.str1.4
                0x100049a8      0x11b CMakeFiles/exercise4.dir/D_/win/Pico/pico-sdk/src/rp2_common/hardware_pll/pll.c.obj
 *fill*         0x10004ac3        0x1 
 .rodata.__func__.0
                0x10004ac4        0x9 CMakeFiles/exercise4.dir/D_/win/Pico/pico-sdk/src/rp2_common/hardware_pll/pll.c.obj
 *fill*         0x10004acd        0x3 
 .rodata.__assert_func.str1.4
                0x10004ad0       0x3f CMakeFiles/exercise4.dir/D_/win/Pico/pico-sdk/src/rp2_common/pico_runtime/runtime.c.obj
                                 0x43 (size before relaxing)
 *fill*         0x10004b0f        0x1 
 .rodata.runtime_init.str1.4
                0x10004b10       0x5b CMakeFiles/exercise4.dir/D_/win/Pico/pico-sdk/src/rp2_common/pico_runtime/runtime.c.obj
 *fill*         0x10004b6b        0x1 
 .rodata.panic.str1.4
                0x10004b6c       0x12 CMakeFiles/exercise4.dir/D_/win/Pico/pico-sdk/src/rp2_common/pico_runtime/runtime.c.obj
 *fill*         0x10004b7e        0x2 
 .rodata.__func__.2
                0x10004b80        0xd CMakeFiles/exercise4.dir/D_/win/Pico/pico-sdk/src/rp2_common/pico_runtime/runtime.c.obj
 *fill*         0x10004b8d        0x3 
 .rodata._ftoa.str1.4
                0x10004b90       0x15 CMakeFiles/exercise4.dir/D_/win/Pico/pico-sdk/src/rp2_common/pico_printf/printf.c.obj
 *fill*         0x10004ba5        0x3 
 .rodata._vsnprintf
                0x10004ba8      0x1e0 CMakeFiles/exercise4.dir/D_/win/Pico/pico-sdk/src/rp2_common/pico_printf/printf.c.obj
 .rodata.pow10.0
                0x10004d88       0x50 CMakeFiles/exercise4.dir/D_/win/Pico/pico-sdk/src/rp2_common/pico_printf/printf.c.obj
 .rodata.missing_double_func_shim.str1.4
                0x10004dd8       0x18 CMakeFiles/exercise4.dir/D_/win/Pico/pico-sdk/src/rp2_common/pico_double/double_init_rom.c.obj
 .rodata.__aeabi_double_init.str1.4
                0x10004df0       0xa2 CMakeFiles/exercise4.dir/D_/win/Pico/pico-sdk/src/rp2_common/pico_double/double_init_rom.c.obj
 *fill*         0x10004e92        0x2 
 .rodata.__func__.0
                0x10004e94       0x14 CMakeFiles/exercise4.dir/D_/win/Pico/pico-sdk/src/rp2_common/pico_double/double_init_rom.c.obj
 .rodata.missing_float_func_shim.str1.4
                0x10004ea8        0x1 CMakeFiles/exercise4.dir/D_/win/Pico/pico-sdk/src/rp2_common/pico_float/float_init_rom.c.obj
 .rodata.__aeabi_float_init.str1.4
                0x10004ea8       0x74 CMakeFiles/exercise4.dir/D_/win/Pico/pico-sdk/src/rp2_common/pico_float/float_init_rom.c.obj
 .rodata.__func__.0
                0x10004f1c       0x13 CMakeFiles/exercise4.dir/D_/win/Pico/pico-sdk/src/rp2_common/pico_float/float_init_rom.c.obj
 *fill*         0x10004f2f        0x1 
 .rodata.str1.4
                0x10004f30       0x40 CMakeFiles/exercise4.dir/D_/win/Pico/pico-sdk/src/rp2_common/pico_standard_link/binary_info.c.obj
 .rodata.__bi_44
                0x10004f70        0xc CMakeFiles/exercise4.dir/D_/win/Pico/pico-sdk/src/rp2_common/pico_standard_link/binary_info.c.obj
 .rodata.__bi_75
                0x10004f7c        0xc CMakeFiles/exercise4.dir/D_/win/Pico/pico-sdk/src/rp2_common/pico_standard_link/binary_info.c.obj
 .rodata.__bi_81
                0x10004f88        0xc CMakeFiles/exercise4.dir/D_/win/Pico/pico-sdk/src/rp2_common/pico_standard_link/binary_info.c.obj
 .rodata.stdout_serialize_begin.str1.4
                0x10004f94       0x5b CMakeFiles/exercise4.dir/D_/win/Pico/pico-sdk/src/rp2_common/pico_stdio/stdio.c.obj
 .rodata.__func__.3
                0x10004f94       0x15 CMakeFiles/exercise4.dir/D_/win/Pico/pico-sdk/src/rp2_common/pico_stdio/stdio.c.obj
 *fill*         0x10004fa9        0x3 
 .rodata.crlf_str.2
                0x10004fac        0x2 CMakeFiles/exercise4.dir/D_/win/Pico/pico-sdk/src/rp2_common/pico_stdio/stdio.c.obj
 *fill*         0x10004fae        0x2 
 .rodata.str1.4
                0x10004fb0       0x2c CMakeFiles/exercise4.dir/D_/win/Pico/pico-sdk/src/rp2_common/pico_stdio_uart/stdio_uart.c.obj
 .rodata.__bi_33.4
                0x10004fdc        0xc CMakeFiles/exercise4.dir/D_/win/Pico/pico-sdk/src/rp2_common/pico_stdio_uart/stdio_uart.c.obj
 .rodata.__bi_34.5
                0x10004fe8        0x8 CMakeFiles/exercise4.dir/D_/win/Pico/pico-sdk/src/rp2_common/pico_stdio_uart/stdio_uart.c.obj
                0x10004ff0                . = ALIGN (0x4)
 *(SORT_BY_ALIGNMENT(SORT_BY_NAME(.flashdata*)))
                0x10004ff0                . = ALIGN (0x4)

.rel.dyn        0x10004ff0        0x0
 .rel.iplt      0x10004ff0        0x0 d:/win/pico/gcc-arm-none-eabi/bin/../lib/gcc/arm-none-eabi/10.3.1/thumb/v6-m/nofp/crtbegin.o

.ARM.extab
 *(.ARM.extab* .gnu.linkonce.armextab.*)
                0x10004ff0                __exidx_start = .

.ARM.exidx
 *(.ARM.exidx* .gnu.linkonce.armexidx.*)
                0x10004ff0                __exidx_end = .
                0x10004ff0                . = ALIGN (0x4)
                0x10004ff0                __binary_info_start = .

.binary_info    0x10004ff0       0x24
 *(.binary_info.keep.*)
 .binary_info.keep.__bi_ptr22
                0x10004ff0        0x4 CMakeFiles/exercise4.dir/D_/win/Pico/pico-sdk/src/rp2_common/pico_standard_link/binary_info.c.obj
 .binary_info.keep.__bi_ptr30
                0x10004ff4        0x4 CMakeFiles/exercise4.dir/D_/win/Pico/pico-sdk/src/rp2_common/pico_standard_link/binary_info.c.obj
 .binary_info.keep.__bi_ptr38
                0x10004ff8        0x4 CMakeFiles/exercise4.dir/D_/win/Pico/pico-sdk/src/rp2_common/pico_standard_link/binary_info.c.obj
 .binary_info.keep.__bi_ptr44
                0x10004ffc        0x4 CMakeFiles/exercise4.dir/D_/win/Pico/pico-sdk/src/rp2_common/pico_standard_link/binary_info.c.obj
 .binary_info.keep.__bi_ptr50
                0x10005000        0x4 CMakeFiles/exercise4.dir/D_/win/Pico/pico-sdk/src/rp2_common/pico_standard_link/binary_info.c.obj
 .binary_info.keep.__bi_ptr75
                0x10005004        0x4 CMakeFiles/exercise4.dir/D_/win/Pico/pico-sdk/src/rp2_common/pico_standard_link/binary_info.c.obj
 .binary_info.keep.__bi_ptr81
                0x10005008        0x4 CMakeFiles/exercise4.dir/D_/win/Pico/pico-sdk/src/rp2_common/pico_standard_link/binary_info.c.obj
 *(.binary_info.*)
 .binary_info.__bi_ptr33
                0x1000500c        0x4 CMakeFiles/exercise4.dir/D_/win/Pico/pico-sdk/src/rp2_common/pico_stdio_uart/stdio_uart.c.obj
 .binary_info.__bi_ptr34
                0x10005010        0x4 CMakeFiles/exercise4.dir/D_/win/Pico/pico-sdk/src/rp2_common/pico_stdio_uart/stdio_uart.c.obj
                0x10005014                __binary_info_end = .
                0x10005014                . = ALIGN (0x4)
                0x10005014                __etext = .

.ram_vector_table
                0x20000000       0xc0
 *(.ram_vector_table)
 .ram_vector_table
                0x20000000       0xc0 CMakeFiles/exercise4.dir/D_/win/Pico/pico-sdk/src/rp2_common/pico_runtime/runtime.c.obj
                0x20000000                ram_vector_table

.data           0x200000c0      0x244 load address 0x10005014
                0x200000c0                __data_start__ = .
 *(vtable)
 *(.time_critical*)
 .time_critical.mutex_try_enter
                0x200000c0       0x46 CMakeFiles/exercise4.dir/D_/win/Pico/pico-sdk/src/common/pico_sync/mutex.c.obj
                0x200000c0                mutex_try_enter
 *fill*         0x20000106        0x2 
 .time_critical.mutex_enter_block_until
                0x20000108       0x8c CMakeFiles/exercise4.dir/D_/win/Pico/pico-sdk/src/common/pico_sync/mutex.c.obj
                0x20000108                mutex_enter_block_until
 .time_critical.mutex_try_enter_block_until
                0x20000194       0x34 CMakeFiles/exercise4.dir/D_/win/Pico/pico-sdk/src/common/pico_sync/mutex.c.obj
                0x20000194                mutex_try_enter_block_until
 .time_critical.mutex_exit
                0x200001c8       0x4c CMakeFiles/exercise4.dir/D_/win/Pico/pico-sdk/src/common/pico_sync/mutex.c.obj
                0x200001c8                mutex_exit
 *(.text*)
 .text          0x20000214        0x4 d:/win/pico/gcc-arm-none-eabi/bin/../lib/gcc/arm-none-eabi/10.3.1/thumb/v6-m/nofp\libgcc.a(_dvmd_tls.o)
                0x20000214                __aeabi_idiv0
                0x20000214                __aeabi_ldiv0
 .text.__stub   0x20000218       0x20 linker stubs
                0x20000238                . = ALIGN (0x4)
 *(.rodata*)
                0x20000238                . = ALIGN (0x4)
 *(.data*)
 .data.striped_spin_lock_num
                0x20000238        0x1 CMakeFiles/exercise4.dir/D_/win/Pico/pico-sdk/src/rp2_common/hardware_sync/sync.c.obj
 *fill*         0x20000239        0x3 
 .data          0x2000023c       0x48 CMakeFiles/exercise4.dir/D_/win/Pico/pico-sdk/src/rp2_common/hardware_irq/irq_handler_chain.S.obj
                0x2000023c                irq_handler_chain_slots
                0x2000026c                irq_handler_chain_first_slot
                0x20000276                irq_handler_chain_remove_tail
 .data.default_alarm_pool
                0x20000284       0x18 CMakeFiles/exercise4.dir/D_/win/Pico/pico-sdk/src/common/pico_time/time.c.obj
 .data.default_alarm_pool_heap
                0x2000029c       0x10 CMakeFiles/exercise4.dir/D_/win/Pico/pico-sdk/src/common/pico_time/time.c.obj
 *fill*         0x200002ac        0x4 
 .data.aeabi_bits_funcs
                0x200002b0       0x10 CMakeFiles/exercise4.dir/D_/win/Pico/pico-sdk/src/rp2_common/pico_bit_ops/bit_ops_aeabi.S.obj
                0x200002b0                aeabi_bits_funcs
                0x200002c0                aeabi_bits_funcs_end
 .data.aeabi_mem_funcs
                0x200002c0       0x10 CMakeFiles/exercise4.dir/D_/win/Pico/pico-sdk/src/rp2_common/pico_mem_ops/mem_ops_aeabi.S.obj
                0x200002c0                aeabi_mem_funcs
                0x200002d0                aeabi_mem_funcs_end
 .data.stdio_uart
                0x200002d0       0x18 CMakeFiles/exercise4.dir/D_/win/Pico/pico-sdk/src/rp2_common/pico_stdio_uart/stdio_uart.c.obj
                0x200002d0                stdio_uart
                0x200002e8                . = ALIGN (0x4)
 *(.after_data.*)
                0x200002e8                . = ALIGN (0x4)
                0x200002e8                PROVIDE (__mutex_array_start = .)
 *(SORT_BY_NAME(.mutex_array.*))
 *(.mutex_array)
 .mutex_array   0x200002e8        0x8 CMakeFiles/exercise4.dir/D_/win/Pico/pico-sdk/src/rp2_common/pico_stdio/stdio.c.obj
                0x200002f0                PROVIDE (__mutex_array_end = .)
                0x200002f0                . = ALIGN (0x4)
                0x200002f0                PROVIDE (__preinit_array_start = .)
 *(SORT_BY_NAME(.preinit_array.*))
 .preinit_array.00001
                0x200002f0        0x4 CMakeFiles/exercise4.dir/D_/win/Pico/pico-sdk/src/rp2_common/pico_mem_ops/mem_ops_aeabi.S.obj
 .preinit_array.00010
                0x200002f4        0x4 CMakeFiles/exercise4.dir/D_/win/Pico/pico-sdk/src/rp2_common/pico_bit_ops/bit_ops_aeabi.S.obj
 .preinit_array.00020
                0x200002f8        0x4 CMakeFiles/exercise4.dir/D_/win/Pico/pico-sdk/src/rp2_common/pico_double/double_aeabi.S.obj
 .preinit_array.00020
                0x200002fc        0x4 CMakeFiles/exercise4.dir/D_/win/Pico/pico-sdk/src/rp2_common/pico_float/float_aeabi.S.obj
 *(.preinit_array)
                0x20000300                PROVIDE (__preinit_array_end = .)
                0x20000300                . = ALIGN (0x4)
                0x20000300                PROVIDE (__init_array_start = .)
 *(SORT_BY_NAME(.init_array.*))
 *(.init_array)
 .init_array    0x20000300        0x4 d:/win/pico/gcc-arm-none-eabi/bin/../lib/gcc/arm-none-eabi/10.3.1/thumb/v6-m/nofp/crtbegin.o
                0x20000304                PROVIDE (__init_array_end = .)
                0x20000304                . = ALIGN (0x4)
                [!provide]                PROVIDE (__fini_array_start = .)
 *(SORT_BY_NAME(.fini_array.*))
 *(.fini_array)
                [!provide]                PROVIDE (__fini_array_end = .)
 *(.jcr)
                0x20000304                . = ALIGN (0x4)
                0x20000304                __data_end__ = .

.igot.plt       0x20000304        0x0 load address 0x10005258
 .igot.plt      0x20000304        0x0 d:/win/pico/gcc-arm-none-eabi/bin/../lib/gcc/arm-none-eabi/10.3.1/thumb/v6-m/nofp/crtbegin.o

.uninitialized_data
                0x20000304        0x0 load address 0x10005258
                0x20000304                . = ALIGN (0x4)
 *(.uninitialized_data*)

.scratch_x      0x20040000        0x0 load address 0x10005258
                0x20040000                __scratch_x_start__ = .
 *(.scratch_x.*)
                0x20040000                . = ALIGN (0x4)
                0x20040000                __scratch_x_end__ = .
                0x10005258                __scratch_x_source__ = LOADADDR (.scratch_x)

.scratch_y      0x20041000        0x0 load address 0x10005258
                0x20041000                __scratch_y_start__ = .
 *(.scratch_y.*)
                0x20041000                . = ALIGN (0x4)
                0x20041000                __scratch_y_end__ = .
                0x10005258                __scratch_y_source__ = LOADADDR (.scratch_y)

.bss            0x20000308      0x3d8
                0x20000308                . = ALIGN (0x4)
                0x20000308                __bss_start__ = .
 *(SORT_BY_ALIGNMENT(SORT_BY_NAME(.bss*)))
 .bss.default_alarm_pool_entries
                0x20000308      0x100 CMakeFiles/exercise4.dir/D_/win/Pico/pico-sdk/src/common/pico_time/time.c.obj
 .bss           0x20000408       0x1c d:/win/pico/gcc-arm-none-eabi/bin/../lib/gcc/arm-none-eabi/10.3.1/thumb/v6-m/nofp/crtbegin.o
 .bss.alarm_callbacks
                0x20000424       0x10 CMakeFiles/exercise4.dir/D_/win/Pico/pico-sdk/src/rp2_common/hardware_timer/timer.c.obj
 .bss.chars_available_callback
                0x20000434        0x4 CMakeFiles/exercise4.dir/D_/win/Pico/pico-sdk/src/rp2_common/pico_stdio_uart/stdio_uart.c.obj
 .bss.chars_available_param
                0x20000438        0x4 CMakeFiles/exercise4.dir/D_/win/Pico/pico-sdk/src/rp2_common/pico_stdio_uart/stdio_uart.c.obj
 .bss.configured_freq
                0x2000043c       0x28 CMakeFiles/exercise4.dir/D_/win/Pico/pico-sdk/src/rp2_common/hardware_clocks/clocks.c.obj
 .bss.default_alarm_pool_entry_ids_high
                0x20000464       0x10 CMakeFiles/exercise4.dir/D_/win/Pico/pico-sdk/src/common/pico_time/time.c.obj
 .bss.default_alarm_pool_heap_nodes
                0x20000474       0x30 CMakeFiles/exercise4.dir/D_/win/Pico/pico-sdk/src/common/pico_time/time.c.obj
 .bss.drivers   0x200004a4        0x4 CMakeFiles/exercise4.dir/D_/win/Pico/pico-sdk/src/rp2_common/pico_stdio/stdio.c.obj
 .bss.filter    0x200004a8        0x4 CMakeFiles/exercise4.dir/D_/win/Pico/pico-sdk/src/rp2_common/pico_stdio/stdio.c.obj
 .bss.pools     0x200004ac       0x10 CMakeFiles/exercise4.dir/D_/win/Pico/pico-sdk/src/common/pico_time/time.c.obj
 .bss.sd_table  0x200004bc      0x100 CMakeFiles/exercise4.dir/D_/win/Pico/pico-sdk/src/rp2_common/pico_double/double_init_rom.c.obj
                0x200004bc                sd_table
 .bss.sf_clz_func
                0x200005bc        0x4 CMakeFiles/exercise4.dir/D_/win/Pico/pico-sdk/src/rp2_common/pico_double/double_init_rom.c.obj
                0x200005bc                sf_clz_func
 .bss.sf_table  0x200005c0      0x100 CMakeFiles/exercise4.dir/D_/win/Pico/pico-sdk/src/rp2_common/pico_float/float_init_rom.c.obj
                0x200005c0                sf_table
 .bss.sleep_notifier
                0x200006c0        0x4 CMakeFiles/exercise4.dir/D_/win/Pico/pico-sdk/src/common/pico_time/time.c.obj
 .bss.target_hi
                0x200006c4       0x10 CMakeFiles/exercise4.dir/D_/win/Pico/pico-sdk/src/rp2_common/hardware_timer/timer.c.obj
 .bss.uart_char_to_line_feed
                0x200006d4        0x4 CMakeFiles/exercise4.dir/D_/win/Pico/pico-sdk/src/rp2_common/hardware_uart/uart.c.obj
                0x200006d4                uart_char_to_line_feed
 .bss.uart_instance
                0x200006d8        0x4 CMakeFiles/exercise4.dir/D_/win/Pico/pico-sdk/src/rp2_common/pico_stdio_uart/stdio_uart.c.obj
 .bss.claimed   0x200006dc        0x1 CMakeFiles/exercise4.dir/D_/win/Pico/pico-sdk/src/rp2_common/hardware_timer/timer.c.obj
 .bss.irq_hander_chain_free_slot_head
                0x200006dd        0x1 CMakeFiles/exercise4.dir/D_/win/Pico/pico-sdk/src/rp2_common/hardware_irq/irq.c.obj
 .bss.timer_callbacks_pending
                0x200006de        0x1 CMakeFiles/exercise4.dir/D_/win/Pico/pico-sdk/src/rp2_common/hardware_timer/timer.c.obj
 *(COMMON)
                0x200006e0                . = ALIGN (0x4)
 *fill*         0x200006df        0x1 
                0x200006e0                __bss_end__ = .

.heap           0x200006e0      0x800
                0x200006e0                __end__ = .
                0x200006e0                end = __end__
 *(.heap*)
 .heap          0x200006e0      0x800 CMakeFiles/exercise4.dir/D_/win/Pico/pico-sdk/src/rp2_common/pico_standard_link/crt0.S.obj
                0x20000ee0                __HeapLimit = .

.stack1_dummy   0x20040000        0x0
 *(.stack1*)

.stack_dummy    0x20041000      0x800
 *(.stack*)
 .stack         0x20041000      0x800 CMakeFiles/exercise4.dir/D_/win/Pico/pico-sdk/src/rp2_common/pico_standard_link/crt0.S.obj

.flash_end      0x10005258        0x0
                0x10005258                __flash_binary_end = .
                0x20040000                __StackLimit = (ORIGIN (RAM) + LENGTH (RAM))
                0x20041000                __StackOneTop = (ORIGIN (SCRATCH_X) + LENGTH (SCRATCH_X))
                0x20042000                __StackTop = (ORIGIN (SCRATCH_Y) + LENGTH (SCRATCH_Y))
                0x20041000                __StackOneBottom = (__StackOneTop - SIZEOF (.stack1_dummy))
                0x20041800                __StackBottom = (__StackTop - SIZEOF (.stack_dummy))
                0x20042000                PROVIDE (__stack = __StackTop)
                0x00000001                ASSERT ((__StackLimit >= __HeapLimit), region RAM overflowed)
                0x00000001                ASSERT (((__binary_info_header_end - __logical_binary_start) <= 0x100), Binary info must be in first 256 bytes of the binary)
LOAD CMakeFiles/exercise4.dir/exercise4.c.obj
LOAD CMakeFiles/exercise4.dir/D_/win/Pico/pico-sdk/src/rp2_common/pico_stdlib/stdlib.c.obj
LOAD CMakeFiles/exercise4.dir/D_/win/Pico/pico-sdk/src/rp2_common/hardware_gpio/gpio.c.obj
LOAD CMakeFiles/exercise4.dir/D_/win/Pico/pico-sdk/src/rp2_common/pico_platform/platform.c.obj
LOAD CMakeFiles/exercise4.dir/D_/win/Pico/pico-sdk/src/rp2_common/hardware_claim/claim.c.obj
LOAD CMakeFiles/exercise4.dir/D_/win/Pico/pico-sdk/src/rp2_common/hardware_sync/sync.c.obj
LOAD CMakeFiles/exercise4.dir/D_/win/Pico/pico-sdk/src/rp2_common/hardware_irq/irq.c.obj
LOAD CMakeFiles/exercise4.dir/D_/win/Pico/pico-sdk/src/rp2_common/hardware_irq/irq_handler_chain.S.obj
LOAD CMakeFiles/exercise4.dir/D_/win/Pico/pico-sdk/src/common/pico_sync/sem.c.obj
LOAD CMakeFiles/exercise4.dir/D_/win/Pico/pico-sdk/src/common/pico_sync/lock_core.c.obj
LOAD CMakeFiles/exercise4.dir/D_/win/Pico/pico-sdk/src/common/pico_sync/mutex.c.obj
LOAD CMakeFiles/exercise4.dir/D_/win/Pico/pico-sdk/src/common/pico_sync/critical_section.c.obj
LOAD CMakeFiles/exercise4.dir/D_/win/Pico/pico-sdk/src/common/pico_time/time.c.obj
LOAD CMakeFiles/exercise4.dir/D_/win/Pico/pico-sdk/src/common/pico_time/timeout_helper.c.obj
LOAD CMakeFiles/exercise4.dir/D_/win/Pico/pico-sdk/src/rp2_common/hardware_timer/timer.c.obj
LOAD CMakeFiles/exercise4.dir/D_/win/Pico/pico-sdk/src/common/pico_util/datetime.c.obj
LOAD CMakeFiles/exercise4.dir/D_/win/Pico/pico-sdk/src/common/pico_util/pheap.c.obj
LOAD CMakeFiles/exercise4.dir/D_/win/Pico/pico-sdk/src/common/pico_util/queue.c.obj
LOAD CMakeFiles/exercise4.dir/D_/win/Pico/pico-sdk/src/rp2_common/hardware_uart/uart.c.obj
LOAD CMakeFiles/exercise4.dir/D_/win/Pico/pico-sdk/src/rp2_common/hardware_clocks/clocks.c.obj
LOAD CMakeFiles/exercise4.dir/D_/win/Pico/pico-sdk/src/rp2_common/hardware_pll/pll.c.obj
LOAD CMakeFiles/exercise4.dir/D_/win/Pico/pico-sdk/src/rp2_common/hardware_vreg/vreg.c.obj
LOAD CMakeFiles/exercise4.dir/D_/win/Pico/pico-sdk/src/rp2_common/hardware_watchdog/watchdog.c.obj
LOAD CMakeFiles/exercise4.dir/D_/win/Pico/pico-sdk/src/rp2_common/hardware_xosc/xosc.c.obj
LOAD CMakeFiles/exercise4.dir/D_/win/Pico/pico-sdk/src/rp2_common/hardware_divider/divider.S.obj
LOAD CMakeFiles/exercise4.dir/D_/win/Pico/pico-sdk/src/rp2_common/pico_runtime/runtime.c.obj
LOAD CMakeFiles/exercise4.dir/D_/win/Pico/pico-sdk/src/rp2_common/pico_printf/printf.c.obj
LOAD CMakeFiles/exercise4.dir/D_/win/Pico/pico-sdk/src/rp2_common/pico_bit_ops/bit_ops_aeabi.S.obj
LOAD CMakeFiles/exercise4.dir/D_/win/Pico/pico-sdk/src/rp2_common/pico_bootrom/bootrom.c.obj
LOAD CMakeFiles/exercise4.dir/D_/win/Pico/pico-sdk/src/rp2_common/pico_divider/divider.S.obj
LOAD CMakeFiles/exercise4.dir/D_/win/Pico/pico-sdk/src/rp2_common/pico_double/double_aeabi.S.obj
LOAD CMakeFiles/exercise4.dir/D_/win/Pico/pico-sdk/src/rp2_common/pico_double/double_init_rom.c.obj
LOAD CMakeFiles/exercise4.dir/D_/win/Pico/pico-sdk/src/rp2_common/pico_double/double_math.c.obj
LOAD CMakeFiles/exercise4.dir/D_/win/Pico/pico-sdk/src/rp2_common/pico_double/double_v1_rom_shim.S.obj
LOAD CMakeFiles/exercise4.dir/D_/win/Pico/pico-sdk/src/rp2_common/pico_int64_ops/pico_int64_ops_aeabi.S.obj
LOAD CMakeFiles/exercise4.dir/D_/win/Pico/pico-sdk/src/rp2_common/pico_float/float_aeabi.S.obj
LOAD CMakeFiles/exercise4.dir/D_/win/Pico/pico-sdk/src/rp2_common/pico_float/float_init_rom.c.obj
LOAD CMakeFiles/exercise4.dir/D_/win/Pico/pico-sdk/src/rp2_common/pico_float/float_math.c.obj
LOAD CMakeFiles/exercise4.dir/D_/win/Pico/pico-sdk/src/rp2_common/pico_float/float_v1_rom_shim.S.obj
LOAD CMakeFiles/exercise4.dir/D_/win/Pico/pico-sdk/src/rp2_common/pico_malloc/pico_malloc.c.obj
LOAD CMakeFiles/exercise4.dir/D_/win/Pico/pico-sdk/src/rp2_common/pico_mem_ops/mem_ops_aeabi.S.obj
LOAD CMakeFiles/exercise4.dir/D_/win/Pico/pico-sdk/src/rp2_common/pico_standard_link/crt0.S.obj
LOAD CMakeFiles/exercise4.dir/D_/win/Pico/pico-sdk/src/rp2_common/pico_standard_link/new_delete.cpp.obj
LOAD CMakeFiles/exercise4.dir/D_/win/Pico/pico-sdk/src/rp2_common/pico_standard_link/binary_info.c.obj
LOAD CMakeFiles/exercise4.dir/D_/win/Pico/pico-sdk/src/rp2_common/pico_stdio/stdio.c.obj
LOAD CMakeFiles/exercise4.dir/D_/win/Pico/pico-sdk/src/rp2_common/pico_stdio_uart/stdio_uart.c.obj
LOAD C:\Users\iamna\AppData\Local\Temp\ccYgruPS.o
LOAD d:/win/pico/gcc-arm-none-eabi/bin/../lib/gcc/arm-none-eabi/10.3.1/../../../../arm-none-eabi/lib/thumb/v6-m/nofp\libstdc++.a
LOAD d:/win/pico/gcc-arm-none-eabi/bin/../lib/gcc/arm-none-eabi/10.3.1/../../../../arm-none-eabi/lib/thumb/v6-m/nofp\libm.a
START GROUP
LOAD d:/win/pico/gcc-arm-none-eabi/bin/../lib/gcc/arm-none-eabi/10.3.1/thumb/v6-m/nofp\libgcc.a
LOAD d:/win/pico/gcc-arm-none-eabi/bin/../lib/gcc/arm-none-eabi/10.3.1/../../../../arm-none-eabi/lib/thumb/v6-m/nofp\libg.a
LOAD d:/win/pico/gcc-arm-none-eabi/bin/../lib/gcc/arm-none-eabi/10.3.1/../../../../arm-none-eabi/lib/thumb/v6-m/nofp\libc.a
END GROUP
START GROUP
LOAD d:/win/pico/gcc-arm-none-eabi/bin/../lib/gcc/arm-none-eabi/10.3.1/thumb/v6-m/nofp\libgcc.a
LOAD d:/win/pico/gcc-arm-none-eabi/bin/../lib/gcc/arm-none-eabi/10.3.1/../../../../arm-none-eabi/lib/thumb/v6-m/nofp\libc.a
LOAD d:/win/pico/gcc-arm-none-eabi/bin/../lib/gcc/arm-none-eabi/10.3.1/../../../../arm-none-eabi/lib/thumb/v6-m/nofp\libnosys.a
END GROUP
LOAD d:/win/pico/gcc-arm-none-eabi/bin/../lib/gcc/arm-none-eabi/10.3.1/thumb/v6-m/nofp/crtend.o
LOAD d:/win/pico/gcc-arm-none-eabi/bin/../lib/gcc/arm-none-eabi/10.3.1/thumb/v6-m/nofp/crtn.o
OUTPUT(exercise4.elf elf32-littlearm)
LOAD linker stubs

.ARM.attributes
                0x00000000       0x28
 .ARM.attributes
                0x00000000       0x1e d:/win/pico/gcc-arm-none-eabi/bin/../lib/gcc/arm-none-eabi/10.3.1/thumb/v6-m/nofp/crti.o
 .ARM.attributes
                0x0000001e       0x2c d:/win/pico/gcc-arm-none-eabi/bin/../lib/gcc/arm-none-eabi/10.3.1/thumb/v6-m/nofp/crtbegin.o
 .ARM.attributes
                0x0000004a       0x2c CMakeFiles/exercise4.dir/exercise4.c.obj
 .ARM.attributes
                0x00000076       0x2c CMakeFiles/exercise4.dir/D_/win/Pico/pico-sdk/src/rp2_common/hardware_gpio/gpio.c.obj
 .ARM.attributes
                0x000000a2       0x2c CMakeFiles/exercise4.dir/D_/win/Pico/pico-sdk/src/rp2_common/pico_platform/platform.c.obj
 .ARM.attributes
                0x000000ce       0x2c CMakeFiles/exercise4.dir/D_/win/Pico/pico-sdk/src/rp2_common/hardware_claim/claim.c.obj
 .ARM.attributes
                0x000000fa       0x2c CMakeFiles/exercise4.dir/D_/win/Pico/pico-sdk/src/rp2_common/hardware_sync/sync.c.obj
 .ARM.attributes
                0x00000126       0x2c CMakeFiles/exercise4.dir/D_/win/Pico/pico-sdk/src/rp2_common/hardware_irq/irq.c.obj
 .ARM.attributes
                0x00000152       0x22 CMakeFiles/exercise4.dir/D_/win/Pico/pico-sdk/src/rp2_common/hardware_irq/irq_handler_chain.S.obj
 .ARM.attributes
                0x00000174       0x2c CMakeFiles/exercise4.dir/D_/win/Pico/pico-sdk/src/common/pico_sync/lock_core.c.obj
 .ARM.attributes
                0x000001a0       0x2c CMakeFiles/exercise4.dir/D_/win/Pico/pico-sdk/src/common/pico_sync/mutex.c.obj
 .ARM.attributes
                0x000001cc       0x2c CMakeFiles/exercise4.dir/D_/win/Pico/pico-sdk/src/common/pico_time/time.c.obj
 .ARM.attributes
                0x000001f8       0x2c CMakeFiles/exercise4.dir/D_/win/Pico/pico-sdk/src/rp2_common/hardware_timer/timer.c.obj
 .ARM.attributes
                0x00000224       0x2c CMakeFiles/exercise4.dir/D_/win/Pico/pico-sdk/src/common/pico_util/pheap.c.obj
 .ARM.attributes
                0x00000250       0x2c CMakeFiles/exercise4.dir/D_/win/Pico/pico-sdk/src/rp2_common/hardware_uart/uart.c.obj
 .ARM.attributes
                0x0000027c       0x2c CMakeFiles/exercise4.dir/D_/win/Pico/pico-sdk/src/rp2_common/hardware_clocks/clocks.c.obj
 .ARM.attributes
                0x000002a8       0x2c CMakeFiles/exercise4.dir/D_/win/Pico/pico-sdk/src/rp2_common/hardware_pll/pll.c.obj
 .ARM.attributes
                0x000002d4       0x2c CMakeFiles/exercise4.dir/D_/win/Pico/pico-sdk/src/rp2_common/hardware_watchdog/watchdog.c.obj
 .ARM.attributes
                0x00000300       0x2c CMakeFiles/exercise4.dir/D_/win/Pico/pico-sdk/src/rp2_common/hardware_xosc/xosc.c.obj
 .ARM.attributes
                0x0000032c       0x2c CMakeFiles/exercise4.dir/D_/win/Pico/pico-sdk/src/rp2_common/pico_runtime/runtime.c.obj
 .ARM.attributes
                0x00000358       0x2c CMakeFiles/exercise4.dir/D_/win/Pico/pico-sdk/src/rp2_common/pico_printf/printf.c.obj
 .ARM.attributes
                0x00000384       0x22 CMakeFiles/exercise4.dir/D_/win/Pico/pico-sdk/src/rp2_common/pico_bit_ops/bit_ops_aeabi.S.obj
 .ARM.attributes
                0x000003a6       0x2c CMakeFiles/exercise4.dir/D_/win/Pico/pico-sdk/src/rp2_common/pico_bootrom/bootrom.c.obj
 .ARM.attributes
                0x000003d2       0x22 CMakeFiles/exercise4.dir/D_/win/Pico/pico-sdk/src/rp2_common/pico_divider/divider.S.obj
 .ARM.attributes
                0x000003f4       0x22 CMakeFiles/exercise4.dir/D_/win/Pico/pico-sdk/src/rp2_common/pico_double/double_aeabi.S.obj
 .ARM.attributes
                0x00000416       0x2c CMakeFiles/exercise4.dir/D_/win/Pico/pico-sdk/src/rp2_common/pico_double/double_init_rom.c.obj
 .ARM.attributes
                0x00000442       0x22 CMakeFiles/exercise4.dir/D_/win/Pico/pico-sdk/src/rp2_common/pico_double/double_v1_rom_shim.S.obj
 .ARM.attributes
                0x00000464       0x22 CMakeFiles/exercise4.dir/D_/win/Pico/pico-sdk/src/rp2_common/pico_int64_ops/pico_int64_ops_aeabi.S.obj
 .ARM.attributes
                0x00000486       0x22 CMakeFiles/exercise4.dir/D_/win/Pico/pico-sdk/src/rp2_common/pico_float/float_aeabi.S.obj
 .ARM.attributes
                0x000004a8       0x2c CMakeFiles/exercise4.dir/D_/win/Pico/pico-sdk/src/rp2_common/pico_float/float_init_rom.c.obj
 .ARM.attributes
                0x000004d4       0x22 CMakeFiles/exercise4.dir/D_/win/Pico/pico-sdk/src/rp2_common/pico_mem_ops/mem_ops_aeabi.S.obj
 .ARM.attributes
                0x000004f6       0x22 CMakeFiles/exercise4.dir/D_/win/Pico/pico-sdk/src/rp2_common/pico_standard_link/crt0.S.obj
 .ARM.attributes
                0x00000518       0x2c CMakeFiles/exercise4.dir/D_/win/Pico/pico-sdk/src/rp2_common/pico_standard_link/binary_info.c.obj
 .ARM.attributes
                0x00000544       0x2c CMakeFiles/exercise4.dir/D_/win/Pico/pico-sdk/src/rp2_common/pico_stdio/stdio.c.obj
 .ARM.attributes
                0x00000570       0x2c CMakeFiles/exercise4.dir/D_/win/Pico/pico-sdk/src/rp2_common/pico_stdio_uart/stdio_uart.c.obj
 .ARM.attributes
                0x0000059c       0x22 C:\Users\iamna\AppData\Local\Temp\ccYgruPS.o
 .ARM.attributes
                0x000005be       0x1e d:/win/pico/gcc-arm-none-eabi/bin/../lib/gcc/arm-none-eabi/10.3.1/thumb/v6-m/nofp\libgcc.a(_dvmd_tls.o)
 .ARM.attributes
                0x000005dc       0x2c d:/win/pico/gcc-arm-none-eabi/bin/../lib/gcc/arm-none-eabi/10.3.1/../../../../arm-none-eabi/lib/thumb/v6-m/nofp\libg.a(lib_a-strlen-stub.o)

.comment        0x00000000       0x49
 .comment       0x00000000       0x49 CMakeFiles/exercise4.dir/exercise4.c.obj
                                 0x4a (size before relaxing)
 .comment       0x00000049       0x4a CMakeFiles/exercise4.dir/D_/win/Pico/pico-sdk/src/rp2_common/hardware_gpio/gpio.c.obj
 .comment       0x00000049       0x4a CMakeFiles/exercise4.dir/D_/win/Pico/pico-sdk/src/rp2_common/pico_platform/platform.c.obj
 .comment       0x00000049       0x4a CMakeFiles/exercise4.dir/D_/win/Pico/pico-sdk/src/rp2_common/hardware_claim/claim.c.obj
 .comment       0x00000049       0x4a CMakeFiles/exercise4.dir/D_/win/Pico/pico-sdk/src/rp2_common/hardware_sync/sync.c.obj
 .comment       0x00000049       0x4a CMakeFiles/exercise4.dir/D_/win/Pico/pico-sdk/src/rp2_common/hardware_irq/irq.c.obj
 .comment       0x00000049       0x4a CMakeFiles/exercise4.dir/D_/win/Pico/pico-sdk/src/common/pico_sync/lock_core.c.obj
 .comment       0x00000049       0x4a CMakeFiles/exercise4.dir/D_/win/Pico/pico-sdk/src/common/pico_sync/mutex.c.obj
 .comment       0x00000049       0x4a CMakeFiles/exercise4.dir/D_/win/Pico/pico-sdk/src/common/pico_time/time.c.obj
 .comment       0x00000049       0x4a CMakeFiles/exercise4.dir/D_/win/Pico/pico-sdk/src/rp2_common/hardware_timer/timer.c.obj
 .comment       0x00000049       0x4a CMakeFiles/exercise4.dir/D_/win/Pico/pico-sdk/src/common/pico_util/pheap.c.obj
 .comment       0x00000049       0x4a CMakeFiles/exercise4.dir/D_/win/Pico/pico-sdk/src/rp2_common/hardware_uart/uart.c.obj
 .comment       0x00000049       0x4a CMakeFiles/exercise4.dir/D_/win/Pico/pico-sdk/src/rp2_common/hardware_clocks/clocks.c.obj
 .comment       0x00000049       0x4a CMakeFiles/exercise4.dir/D_/win/Pico/pico-sdk/src/rp2_common/hardware_pll/pll.c.obj
 .comment       0x00000049       0x4a CMakeFiles/exercise4.dir/D_/win/Pico/pico-sdk/src/rp2_common/hardware_watchdog/watchdog.c.obj
 .comment       0x00000049       0x4a CMakeFiles/exercise4.dir/D_/win/Pico/pico-sdk/src/rp2_common/hardware_xosc/xosc.c.obj
 .comment       0x00000049       0x4a CMakeFiles/exercise4.dir/D_/win/Pico/pico-sdk/src/rp2_common/pico_runtime/runtime.c.obj
 .comment       0x00000049       0x4a CMakeFiles/exercise4.dir/D_/win/Pico/pico-sdk/src/rp2_common/pico_printf/printf.c.obj
 .comment       0x00000049       0x4a CMakeFiles/exercise4.dir/D_/win/Pico/pico-sdk/src/rp2_common/pico_bootrom/bootrom.c.obj
 .comment       0x00000049       0x4a CMakeFiles/exercise4.dir/D_/win/Pico/pico-sdk/src/rp2_common/pico_double/double_init_rom.c.obj
 .comment       0x00000049       0x4a CMakeFiles/exercise4.dir/D_/win/Pico/pico-sdk/src/rp2_common/pico_float/float_init_rom.c.obj
 .comment       0x00000049       0x4a CMakeFiles/exercise4.dir/D_/win/Pico/pico-sdk/src/rp2_common/pico_standard_link/binary_info.c.obj
 .comment       0x00000049       0x4a CMakeFiles/exercise4.dir/D_/win/Pico/pico-sdk/src/rp2_common/pico_stdio/stdio.c.obj
 .comment       0x00000049       0x4a CMakeFiles/exercise4.dir/D_/win/Pico/pico-sdk/src/rp2_common/pico_stdio_uart/stdio_uart.c.obj

.debug_info     0x00000000    0x15857
 .debug_info    0x00000000      0x794 CMakeFiles/exercise4.dir/exercise4.c.obj
 .debug_info    0x00000794     0x16d8 CMakeFiles/exercise4.dir/D_/win/Pico/pico-sdk/src/rp2_common/hardware_gpio/gpio.c.obj
 .debug_info    0x00001e6c      0x1e3 CMakeFiles/exercise4.dir/D_/win/Pico/pico-sdk/src/rp2_common/pico_platform/platform.c.obj
 .debug_info    0x0000204f      0x6bc CMakeFiles/exercise4.dir/D_/win/Pico/pico-sdk/src/rp2_common/hardware_claim/claim.c.obj
 .debug_info    0x0000270b      0x58e CMakeFiles/exercise4.dir/D_/win/Pico/pico-sdk/src/rp2_common/hardware_sync/sync.c.obj
 .debug_info    0x00002c99     0x1c9c CMakeFiles/exercise4.dir/D_/win/Pico/pico-sdk/src/rp2_common/hardware_irq/irq.c.obj
 .debug_info    0x00004935      0x1a4 CMakeFiles/exercise4.dir/D_/win/Pico/pico-sdk/src/common/pico_sync/lock_core.c.obj
 .debug_info    0x00004ad9     0x20d3 CMakeFiles/exercise4.dir/D_/win/Pico/pico-sdk/src/common/pico_sync/mutex.c.obj
 .debug_info    0x00006bac     0x4066 CMakeFiles/exercise4.dir/D_/win/Pico/pico-sdk/src/common/pico_time/time.c.obj
 .debug_info    0x0000ac12     0x13ee CMakeFiles/exercise4.dir/D_/win/Pico/pico-sdk/src/rp2_common/hardware_timer/timer.c.obj
 .debug_info    0x0000c000     0x123b CMakeFiles/exercise4.dir/D_/win/Pico/pico-sdk/src/common/pico_util/pheap.c.obj
 .debug_info    0x0000d23b      0xb65 CMakeFiles/exercise4.dir/D_/win/Pico/pico-sdk/src/rp2_common/hardware_uart/uart.c.obj
 .debug_info    0x0000dda0      0xf8d CMakeFiles/exercise4.dir/D_/win/Pico/pico-sdk/src/rp2_common/hardware_clocks/clocks.c.obj
 .debug_info    0x0000ed2d      0x51b CMakeFiles/exercise4.dir/D_/win/Pico/pico-sdk/src/rp2_common/hardware_pll/pll.c.obj
 .debug_info    0x0000f248      0x4ee CMakeFiles/exercise4.dir/D_/win/Pico/pico-sdk/src/rp2_common/hardware_watchdog/watchdog.c.obj
 .debug_info    0x0000f736      0x1d8 CMakeFiles/exercise4.dir/D_/win/Pico/pico-sdk/src/rp2_common/hardware_xosc/xosc.c.obj
 .debug_info    0x0000f90e     0x1028 CMakeFiles/exercise4.dir/D_/win/Pico/pico-sdk/src/rp2_common/pico_runtime/runtime.c.obj
 .debug_info    0x00010936     0x1a5f CMakeFiles/exercise4.dir/D_/win/Pico/pico-sdk/src/rp2_common/pico_printf/printf.c.obj
 .debug_info    0x00012395       0x22 CMakeFiles/exercise4.dir/D_/win/Pico/pico-sdk/src/rp2_common/pico_bit_ops/bit_ops_aeabi.S.obj
 .debug_info    0x000123b7      0x27c CMakeFiles/exercise4.dir/D_/win/Pico/pico-sdk/src/rp2_common/pico_bootrom/bootrom.c.obj
 .debug_info    0x00012633       0x22 CMakeFiles/exercise4.dir/D_/win/Pico/pico-sdk/src/rp2_common/pico_divider/divider.S.obj
 .debug_info    0x00012655       0x22 CMakeFiles/exercise4.dir/D_/win/Pico/pico-sdk/src/rp2_common/pico_double/double_aeabi.S.obj
 .debug_info    0x00012677      0x2fb CMakeFiles/exercise4.dir/D_/win/Pico/pico-sdk/src/rp2_common/pico_double/double_init_rom.c.obj
 .debug_info    0x00012972       0x26 CMakeFiles/exercise4.dir/D_/win/Pico/pico-sdk/src/rp2_common/pico_double/double_v1_rom_shim.S.obj
 .debug_info    0x00012998       0x26 CMakeFiles/exercise4.dir/D_/win/Pico/pico-sdk/src/rp2_common/pico_int64_ops/pico_int64_ops_aeabi.S.obj
 .debug_info    0x000129be       0x22 CMakeFiles/exercise4.dir/D_/win/Pico/pico-sdk/src/rp2_common/pico_float/float_aeabi.S.obj
 .debug_info    0x000129e0      0x2d8 CMakeFiles/exercise4.dir/D_/win/Pico/pico-sdk/src/rp2_common/pico_float/float_init_rom.c.obj
 .debug_info    0x00012cb8       0x22 CMakeFiles/exercise4.dir/D_/win/Pico/pico-sdk/src/rp2_common/pico_mem_ops/mem_ops_aeabi.S.obj
 .debug_info    0x00012cda       0x22 CMakeFiles/exercise4.dir/D_/win/Pico/pico-sdk/src/rp2_common/pico_standard_link/crt0.S.obj
 .debug_info    0x00012cfc      0x2f6 CMakeFiles/exercise4.dir/D_/win/Pico/pico-sdk/src/rp2_common/pico_standard_link/binary_info.c.obj
 .debug_info    0x00012ff2     0x1821 CMakeFiles/exercise4.dir/D_/win/Pico/pico-sdk/src/rp2_common/pico_stdio/stdio.c.obj
 .debug_info    0x00014813     0x1044 CMakeFiles/exercise4.dir/D_/win/Pico/pico-sdk/src/rp2_common/pico_stdio_uart/stdio_uart.c.obj

.debug_abbrev   0x00000000     0x4232
 .debug_abbrev  0x00000000      0x23a CMakeFiles/exercise4.dir/exercise4.c.obj
 .debug_abbrev  0x0000023a      0x339 CMakeFiles/exercise4.dir/D_/win/Pico/pico-sdk/src/rp2_common/hardware_gpio/gpio.c.obj
 .debug_abbrev  0x00000573       0xeb CMakeFiles/exercise4.dir/D_/win/Pico/pico-sdk/src/rp2_common/pico_platform/platform.c.obj
 .debug_abbrev  0x0000065e      0x2e9 CMakeFiles/exercise4.dir/D_/win/Pico/pico-sdk/src/rp2_common/hardware_claim/claim.c.obj
 .debug_abbrev  0x00000947      0x21b CMakeFiles/exercise4.dir/D_/win/Pico/pico-sdk/src/rp2_common/hardware_sync/sync.c.obj
 .debug_abbrev  0x00000b62      0x4e7 CMakeFiles/exercise4.dir/D_/win/Pico/pico-sdk/src/rp2_common/hardware_irq/irq.c.obj
 .debug_abbrev  0x00001049      0x116 CMakeFiles/exercise4.dir/D_/win/Pico/pico-sdk/src/common/pico_sync/lock_core.c.obj
 .debug_abbrev  0x0000115f      0x397 CMakeFiles/exercise4.dir/D_/win/Pico/pico-sdk/src/common/pico_sync/mutex.c.obj
 .debug_abbrev  0x000014f6      0x571 CMakeFiles/exercise4.dir/D_/win/Pico/pico-sdk/src/common/pico_time/time.c.obj
 .debug_abbrev  0x00001a67      0x3b8 CMakeFiles/exercise4.dir/D_/win/Pico/pico-sdk/src/rp2_common/hardware_timer/timer.c.obj
 .debug_abbrev  0x00001e1f      0x297 CMakeFiles/exercise4.dir/D_/win/Pico/pico-sdk/src/common/pico_util/pheap.c.obj
 .debug_abbrev  0x000020b6      0x2d2 CMakeFiles/exercise4.dir/D_/win/Pico/pico-sdk/src/rp2_common/hardware_uart/uart.c.obj
 .debug_abbrev  0x00002388      0x3a5 CMakeFiles/exercise4.dir/D_/win/Pico/pico-sdk/src/rp2_common/hardware_clocks/clocks.c.obj
 .debug_abbrev  0x0000272d      0x1ea CMakeFiles/exercise4.dir/D_/win/Pico/pico-sdk/src/rp2_common/hardware_pll/pll.c.obj
 .debug_abbrev  0x00002917      0x1a8 CMakeFiles/exercise4.dir/D_/win/Pico/pico-sdk/src/rp2_common/hardware_watchdog/watchdog.c.obj
 .debug_abbrev  0x00002abf      0x109 CMakeFiles/exercise4.dir/D_/win/Pico/pico-sdk/src/rp2_common/hardware_xosc/xosc.c.obj
 .debug_abbrev  0x00002bc8      0x4ba CMakeFiles/exercise4.dir/D_/win/Pico/pico-sdk/src/rp2_common/pico_runtime/runtime.c.obj
 .debug_abbrev  0x00003082      0x384 CMakeFiles/exercise4.dir/D_/win/Pico/pico-sdk/src/rp2_common/pico_printf/printf.c.obj
 .debug_abbrev  0x00003406       0x12 CMakeFiles/exercise4.dir/D_/win/Pico/pico-sdk/src/rp2_common/pico_bit_ops/bit_ops_aeabi.S.obj
 .debug_abbrev  0x00003418      0x13b CMakeFiles/exercise4.dir/D_/win/Pico/pico-sdk/src/rp2_common/pico_bootrom/bootrom.c.obj
 .debug_abbrev  0x00003553       0x12 CMakeFiles/exercise4.dir/D_/win/Pico/pico-sdk/src/rp2_common/pico_divider/divider.S.obj
 .debug_abbrev  0x00003565       0x12 CMakeFiles/exercise4.dir/D_/win/Pico/pico-sdk/src/rp2_common/pico_double/double_aeabi.S.obj
 .debug_abbrev  0x00003577      0x196 CMakeFiles/exercise4.dir/D_/win/Pico/pico-sdk/src/rp2_common/pico_double/double_init_rom.c.obj
 .debug_abbrev  0x0000370d       0x14 CMakeFiles/exercise4.dir/D_/win/Pico/pico-sdk/src/rp2_common/pico_double/double_v1_rom_shim.S.obj
 .debug_abbrev  0x00003721       0x14 CMakeFiles/exercise4.dir/D_/win/Pico/pico-sdk/src/rp2_common/pico_int64_ops/pico_int64_ops_aeabi.S.obj
 .debug_abbrev  0x00003735       0x12 CMakeFiles/exercise4.dir/D_/win/Pico/pico-sdk/src/rp2_common/pico_float/float_aeabi.S.obj
 .debug_abbrev  0x00003747      0x18d CMakeFiles/exercise4.dir/D_/win/Pico/pico-sdk/src/rp2_common/pico_float/float_init_rom.c.obj
 .debug_abbrev  0x000038d4       0x12 CMakeFiles/exercise4.dir/D_/win/Pico/pico-sdk/src/rp2_common/pico_mem_ops/mem_ops_aeabi.S.obj
 .debug_abbrev  0x000038e6       0x12 CMakeFiles/exercise4.dir/D_/win/Pico/pico-sdk/src/rp2_common/pico_standard_link/crt0.S.obj
 .debug_abbrev  0x000038f8       0xad CMakeFiles/exercise4.dir/D_/win/Pico/pico-sdk/src/rp2_common/pico_standard_link/binary_info.c.obj
 .debug_abbrev  0x000039a5      0x4a5 CMakeFiles/exercise4.dir/D_/win/Pico/pico-sdk/src/rp2_common/pico_stdio/stdio.c.obj
 .debug_abbrev  0x00003e4a      0x3e8 CMakeFiles/exercise4.dir/D_/win/Pico/pico-sdk/src/rp2_common/pico_stdio_uart/stdio_uart.c.obj

.debug_loc      0x00000000     0xe86f
 .debug_loc     0x00000000      0x139 CMakeFiles/exercise4.dir/exercise4.c.obj
 .debug_loc     0x00000139     0x118d CMakeFiles/exercise4.dir/D_/win/Pico/pico-sdk/src/rp2_common/hardware_gpio/gpio.c.obj
 .debug_loc     0x000012c6       0xe9 CMakeFiles/exercise4.dir/D_/win/Pico/pico-sdk/src/rp2_common/pico_platform/platform.c.obj
 .debug_loc     0x000013af      0x45f CMakeFiles/exercise4.dir/D_/win/Pico/pico-sdk/src/rp2_common/hardware_claim/claim.c.obj
 .debug_loc     0x0000180e      0x233 CMakeFiles/exercise4.dir/D_/win/Pico/pico-sdk/src/rp2_common/hardware_sync/sync.c.obj
 .debug_loc     0x00001a41     0x13f5 CMakeFiles/exercise4.dir/D_/win/Pico/pico-sdk/src/rp2_common/hardware_irq/irq.c.obj
 .debug_loc     0x00002e36       0x60 CMakeFiles/exercise4.dir/D_/win/Pico/pico-sdk/src/common/pico_sync/lock_core.c.obj
 .debug_loc     0x00002e96     0x152e CMakeFiles/exercise4.dir/D_/win/Pico/pico-sdk/src/common/pico_sync/mutex.c.obj
 .debug_loc     0x000043c4     0x31cb CMakeFiles/exercise4.dir/D_/win/Pico/pico-sdk/src/common/pico_time/time.c.obj
 .debug_loc     0x0000758f      0xacb CMakeFiles/exercise4.dir/D_/win/Pico/pico-sdk/src/rp2_common/hardware_timer/timer.c.obj
 .debug_loc     0x0000805a     0x1446 CMakeFiles/exercise4.dir/D_/win/Pico/pico-sdk/src/common/pico_util/pheap.c.obj
 .debug_loc     0x000094a0      0x533 CMakeFiles/exercise4.dir/D_/win/Pico/pico-sdk/src/rp2_common/hardware_uart/uart.c.obj
 .debug_loc     0x000099d3      0x81d CMakeFiles/exercise4.dir/D_/win/Pico/pico-sdk/src/rp2_common/hardware_clocks/clocks.c.obj
 .debug_loc     0x0000a1f0      0x2f3 CMakeFiles/exercise4.dir/D_/win/Pico/pico-sdk/src/rp2_common/hardware_pll/pll.c.obj
 .debug_loc     0x0000a4e3      0x2ec CMakeFiles/exercise4.dir/D_/win/Pico/pico-sdk/src/rp2_common/hardware_watchdog/watchdog.c.obj
 .debug_loc     0x0000a7cf       0x71 CMakeFiles/exercise4.dir/D_/win/Pico/pico-sdk/src/rp2_common/hardware_xosc/xosc.c.obj
 .debug_loc     0x0000a840      0x674 CMakeFiles/exercise4.dir/D_/win/Pico/pico-sdk/src/rp2_common/pico_runtime/runtime.c.obj
 .debug_loc     0x0000aeb4     0x2095 CMakeFiles/exercise4.dir/D_/win/Pico/pico-sdk/src/rp2_common/pico_printf/printf.c.obj
 .debug_loc     0x0000cf49      0x1a1 CMakeFiles/exercise4.dir/D_/win/Pico/pico-sdk/src/rp2_common/pico_bootrom/bootrom.c.obj
 .debug_loc     0x0000d0ea       0x59 CMakeFiles/exercise4.dir/D_/win/Pico/pico-sdk/src/rp2_common/pico_double/double_init_rom.c.obj
 .debug_loc     0x0000d143       0x81 CMakeFiles/exercise4.dir/D_/win/Pico/pico-sdk/src/rp2_common/pico_float/float_init_rom.c.obj
 .debug_loc     0x0000d1c4      0xe23 CMakeFiles/exercise4.dir/D_/win/Pico/pico-sdk/src/rp2_common/pico_stdio/stdio.c.obj
 .debug_loc     0x0000dfe7      0x888 CMakeFiles/exercise4.dir/D_/win/Pico/pico-sdk/src/rp2_common/pico_stdio_uart/stdio_uart.c.obj

.debug_aranges  0x00000000      0xd80
 .debug_aranges
                0x00000000       0x38 CMakeFiles/exercise4.dir/exercise4.c.obj
 .debug_aranges
                0x00000038      0x100 CMakeFiles/exercise4.dir/D_/win/Pico/pico-sdk/src/rp2_common/hardware_gpio/gpio.c.obj
 .debug_aranges
                0x00000138       0x28 CMakeFiles/exercise4.dir/D_/win/Pico/pico-sdk/src/rp2_common/pico_platform/platform.c.obj
 .debug_aranges
                0x00000160       0x48 CMakeFiles/exercise4.dir/D_/win/Pico/pico-sdk/src/rp2_common/hardware_claim/claim.c.obj
 .debug_aranges
                0x000001a8       0x58 CMakeFiles/exercise4.dir/D_/win/Pico/pico-sdk/src/rp2_common/hardware_sync/sync.c.obj
 .debug_aranges
                0x00000200       0xc8 CMakeFiles/exercise4.dir/D_/win/Pico/pico-sdk/src/rp2_common/hardware_irq/irq.c.obj
 .debug_aranges
                0x000002c8       0x20 CMakeFiles/exercise4.dir/D_/win/Pico/pico-sdk/src/common/pico_sync/lock_core.c.obj
 .debug_aranges
                0x000002e8       0x90 CMakeFiles/exercise4.dir/D_/win/Pico/pico-sdk/src/common/pico_sync/mutex.c.obj
 .debug_aranges
                0x00000378       0xe8 CMakeFiles/exercise4.dir/D_/win/Pico/pico-sdk/src/common/pico_time/time.c.obj
 .debug_aranges
                0x00000460       0x88 CMakeFiles/exercise4.dir/D_/win/Pico/pico-sdk/src/rp2_common/hardware_timer/timer.c.obj
 .debug_aranges
                0x000004e8       0x78 CMakeFiles/exercise4.dir/D_/win/Pico/pico-sdk/src/common/pico_util/pheap.c.obj
 .debug_aranges
                0x00000560       0x40 CMakeFiles/exercise4.dir/D_/win/Pico/pico-sdk/src/rp2_common/hardware_uart/uart.c.obj
 .debug_aranges
                0x000005a0       0x70 CMakeFiles/exercise4.dir/D_/win/Pico/pico-sdk/src/rp2_common/hardware_clocks/clocks.c.obj
 .debug_aranges
                0x00000610       0x28 CMakeFiles/exercise4.dir/D_/win/Pico/pico-sdk/src/rp2_common/hardware_pll/pll.c.obj
 .debug_aranges
                0x00000638       0x58 CMakeFiles/exercise4.dir/D_/win/Pico/pico-sdk/src/rp2_common/hardware_watchdog/watchdog.c.obj
 .debug_aranges
                0x00000690       0x30 CMakeFiles/exercise4.dir/D_/win/Pico/pico-sdk/src/rp2_common/hardware_xosc/xosc.c.obj
 .debug_aranges
                0x000006c0       0x88 CMakeFiles/exercise4.dir/D_/win/Pico/pico-sdk/src/rp2_common/pico_runtime/runtime.c.obj
 .debug_aranges
                0x00000748       0x90 CMakeFiles/exercise4.dir/D_/win/Pico/pico-sdk/src/rp2_common/pico_printf/printf.c.obj
 .debug_aranges
                0x000007d8       0x68 CMakeFiles/exercise4.dir/D_/win/Pico/pico-sdk/src/rp2_common/pico_bit_ops/bit_ops_aeabi.S.obj
 .debug_aranges
                0x00000840       0x30 CMakeFiles/exercise4.dir/D_/win/Pico/pico-sdk/src/rp2_common/pico_bootrom/bootrom.c.obj
 .debug_aranges
                0x00000870       0x40 CMakeFiles/exercise4.dir/D_/win/Pico/pico-sdk/src/rp2_common/pico_divider/divider.S.obj
 .debug_aranges
                0x000008b0      0x140 CMakeFiles/exercise4.dir/D_/win/Pico/pico-sdk/src/rp2_common/pico_double/double_aeabi.S.obj
 .debug_aranges
                0x000009f0       0x28 CMakeFiles/exercise4.dir/D_/win/Pico/pico-sdk/src/rp2_common/pico_double/double_init_rom.c.obj
 .debug_aranges
                0x00000a18       0x20 CMakeFiles/exercise4.dir/D_/win/Pico/pico-sdk/src/rp2_common/pico_double/double_v1_rom_shim.S.obj
 .debug_aranges
                0x00000a38       0x20 CMakeFiles/exercise4.dir/D_/win/Pico/pico-sdk/src/rp2_common/pico_int64_ops/pico_int64_ops_aeabi.S.obj
 .debug_aranges
                0x00000a58      0x130 CMakeFiles/exercise4.dir/D_/win/Pico/pico-sdk/src/rp2_common/pico_float/float_aeabi.S.obj
 .debug_aranges
                0x00000b88       0x28 CMakeFiles/exercise4.dir/D_/win/Pico/pico-sdk/src/rp2_common/pico_float/float_init_rom.c.obj
 .debug_aranges
                0x00000bb0       0x38 CMakeFiles/exercise4.dir/D_/win/Pico/pico-sdk/src/rp2_common/pico_mem_ops/mem_ops_aeabi.S.obj
 .debug_aranges
                0x00000be8       0x28 CMakeFiles/exercise4.dir/D_/win/Pico/pico-sdk/src/rp2_common/pico_standard_link/crt0.S.obj
 .debug_aranges
                0x00000c10       0x18 CMakeFiles/exercise4.dir/D_/win/Pico/pico-sdk/src/rp2_common/pico_standard_link/binary_info.c.obj
 .debug_aranges
                0x00000c28      0x100 CMakeFiles/exercise4.dir/D_/win/Pico/pico-sdk/src/rp2_common/pico_stdio/stdio.c.obj
 .debug_aranges
                0x00000d28       0x58 CMakeFiles/exercise4.dir/D_/win/Pico/pico-sdk/src/rp2_common/pico_stdio_uart/stdio_uart.c.obj

.debug_ranges   0x00000000     0x3230
 .debug_ranges  0x00000000       0x28 CMakeFiles/exercise4.dir/exercise4.c.obj
 .debug_ranges  0x00000028      0x150 CMakeFiles/exercise4.dir/D_/win/Pico/pico-sdk/src/rp2_common/hardware_gpio/gpio.c.obj
 .debug_ranges  0x00000178       0x18 CMakeFiles/exercise4.dir/D_/win/Pico/pico-sdk/src/rp2_common/pico_platform/platform.c.obj
 .debug_ranges  0x00000190       0xd8 CMakeFiles/exercise4.dir/D_/win/Pico/pico-sdk/src/rp2_common/hardware_claim/claim.c.obj
 .debug_ranges  0x00000268       0xf0 CMakeFiles/exercise4.dir/D_/win/Pico/pico-sdk/src/rp2_common/hardware_sync/sync.c.obj
 .debug_ranges  0x00000358      0x400 CMakeFiles/exercise4.dir/D_/win/Pico/pico-sdk/src/rp2_common/hardware_irq/irq.c.obj
 .debug_ranges  0x00000758       0x10 CMakeFiles/exercise4.dir/D_/win/Pico/pico-sdk/src/common/pico_sync/lock_core.c.obj
 .debug_ranges  0x00000768      0xac0 CMakeFiles/exercise4.dir/D_/win/Pico/pico-sdk/src/common/pico_sync/mutex.c.obj
 .debug_ranges  0x00001228      0xcb8 CMakeFiles/exercise4.dir/D_/win/Pico/pico-sdk/src/common/pico_time/time.c.obj
 .debug_ranges  0x00001ee0      0x3d0 CMakeFiles/exercise4.dir/D_/win/Pico/pico-sdk/src/rp2_common/hardware_timer/timer.c.obj
 .debug_ranges  0x000022b0      0x248 CMakeFiles/exercise4.dir/D_/win/Pico/pico-sdk/src/common/pico_util/pheap.c.obj
 .debug_ranges  0x000024f8       0xf8 CMakeFiles/exercise4.dir/D_/win/Pico/pico-sdk/src/rp2_common/hardware_uart/uart.c.obj
 .debug_ranges  0x000025f0       0x60 CMakeFiles/exercise4.dir/D_/win/Pico/pico-sdk/src/rp2_common/hardware_clocks/clocks.c.obj
 .debug_ranges  0x00002650       0x30 CMakeFiles/exercise4.dir/D_/win/Pico/pico-sdk/src/rp2_common/hardware_pll/pll.c.obj
 .debug_ranges  0x00002680       0x48 CMakeFiles/exercise4.dir/D_/win/Pico/pico-sdk/src/rp2_common/hardware_watchdog/watchdog.c.obj
 .debug_ranges  0x000026c8       0x20 CMakeFiles/exercise4.dir/D_/win/Pico/pico-sdk/src/rp2_common/hardware_xosc/xosc.c.obj
 .debug_ranges  0x000026e8      0x168 CMakeFiles/exercise4.dir/D_/win/Pico/pico-sdk/src/rp2_common/pico_runtime/runtime.c.obj
 .debug_ranges  0x00002850      0x108 CMakeFiles/exercise4.dir/D_/win/Pico/pico-sdk/src/rp2_common/pico_printf/printf.c.obj
 .debug_ranges  0x00002958       0x60 CMakeFiles/exercise4.dir/D_/win/Pico/pico-sdk/src/rp2_common/pico_bit_ops/bit_ops_aeabi.S.obj
 .debug_ranges  0x000029b8       0x38 CMakeFiles/exercise4.dir/D_/win/Pico/pico-sdk/src/rp2_common/pico_bootrom/bootrom.c.obj
 .debug_ranges  0x000029f0       0x38 CMakeFiles/exercise4.dir/D_/win/Pico/pico-sdk/src/rp2_common/pico_divider/divider.S.obj
 .debug_ranges  0x00002a28      0x138 CMakeFiles/exercise4.dir/D_/win/Pico/pico-sdk/src/rp2_common/pico_double/double_aeabi.S.obj
 .debug_ranges  0x00002b60       0x38 CMakeFiles/exercise4.dir/D_/win/Pico/pico-sdk/src/rp2_common/pico_double/double_init_rom.c.obj
 .debug_ranges  0x00002b98      0x128 CMakeFiles/exercise4.dir/D_/win/Pico/pico-sdk/src/rp2_common/pico_float/float_aeabi.S.obj
 .debug_ranges  0x00002cc0       0x18 CMakeFiles/exercise4.dir/D_/win/Pico/pico-sdk/src/rp2_common/pico_float/float_init_rom.c.obj
 .debug_ranges  0x00002cd8       0x30 CMakeFiles/exercise4.dir/D_/win/Pico/pico-sdk/src/rp2_common/pico_mem_ops/mem_ops_aeabi.S.obj
 .debug_ranges  0x00002d08       0x20 CMakeFiles/exercise4.dir/D_/win/Pico/pico-sdk/src/rp2_common/pico_standard_link/crt0.S.obj
 .debug_ranges  0x00002d28      0x258 CMakeFiles/exercise4.dir/D_/win/Pico/pico-sdk/src/rp2_common/pico_stdio/stdio.c.obj
 .debug_ranges  0x00002f80      0x2b0 CMakeFiles/exercise4.dir/D_/win/Pico/pico-sdk/src/rp2_common/pico_stdio_uart/stdio_uart.c.obj

.debug_line     0x00000000     0xd589
 .debug_line    0x00000000      0x47d CMakeFiles/exercise4.dir/exercise4.c.obj
 .debug_line    0x0000047d      0xc4b CMakeFiles/exercise4.dir/D_/win/Pico/pico-sdk/src/rp2_common/hardware_gpio/gpio.c.obj
 .debug_line    0x000010c8      0x24f CMakeFiles/exercise4.dir/D_/win/Pico/pico-sdk/src/rp2_common/pico_platform/platform.c.obj
 .debug_line    0x00001317      0x43a CMakeFiles/exercise4.dir/D_/win/Pico/pico-sdk/src/rp2_common/hardware_claim/claim.c.obj
 .debug_line    0x00001751      0x436 CMakeFiles/exercise4.dir/D_/win/Pico/pico-sdk/src/rp2_common/hardware_sync/sync.c.obj
 .debug_line    0x00001b87      0xffb CMakeFiles/exercise4.dir/D_/win/Pico/pico-sdk/src/rp2_common/hardware_irq/irq.c.obj
 .debug_line    0x00002b82      0x1f0 CMakeFiles/exercise4.dir/D_/win/Pico/pico-sdk/src/common/pico_sync/lock_core.c.obj
 .debug_line    0x00002d72     0x1064 CMakeFiles/exercise4.dir/D_/win/Pico/pico-sdk/src/common/pico_sync/mutex.c.obj
 .debug_line    0x00003dd6     0x1b43 CMakeFiles/exercise4.dir/D_/win/Pico/pico-sdk/src/common/pico_time/time.c.obj
 .debug_line    0x00005919      0xbb4 CMakeFiles/exercise4.dir/D_/win/Pico/pico-sdk/src/rp2_common/hardware_timer/timer.c.obj
 .debug_line    0x000064cd      0x883 CMakeFiles/exercise4.dir/D_/win/Pico/pico-sdk/src/common/pico_util/pheap.c.obj
 .debug_line    0x00006d50      0x6e5 CMakeFiles/exercise4.dir/D_/win/Pico/pico-sdk/src/rp2_common/hardware_uart/uart.c.obj
 .debug_line    0x00007435      0x945 CMakeFiles/exercise4.dir/D_/win/Pico/pico-sdk/src/rp2_common/hardware_clocks/clocks.c.obj
 .debug_line    0x00007d7a      0x500 CMakeFiles/exercise4.dir/D_/win/Pico/pico-sdk/src/rp2_common/hardware_pll/pll.c.obj
 .debug_line    0x0000827a      0x3df CMakeFiles/exercise4.dir/D_/win/Pico/pico-sdk/src/rp2_common/hardware_watchdog/watchdog.c.obj
 .debug_line    0x00008659      0x283 CMakeFiles/exercise4.dir/D_/win/Pico/pico-sdk/src/rp2_common/hardware_xosc/xosc.c.obj
 .debug_line    0x000088dc      0xa3a CMakeFiles/exercise4.dir/D_/win/Pico/pico-sdk/src/rp2_common/pico_runtime/runtime.c.obj
 .debug_line    0x00009316     0x1206 CMakeFiles/exercise4.dir/D_/win/Pico/pico-sdk/src/rp2_common/pico_printf/printf.c.obj
 .debug_line    0x0000a51c      0x141 CMakeFiles/exercise4.dir/D_/win/Pico/pico-sdk/src/rp2_common/pico_bit_ops/bit_ops_aeabi.S.obj